[2.229s] DEBUG:colcon:Command line arguments: ['/usr/bin/colcon', 'build', '--symlink-install', '--packages-select', 'uav_interfaces']
[2.229s] DEBUG:colcon:Parsed command line arguments: Namespace(log_base=None, log_level=None, verb_name='build', build_base='build', install_base='install', merge_install=False, symlink_install=True, test_result_base=None, continue_on_error=False, executor='parallel', parallel_workers=32, event_handlers=None, ignore_user_meta=False, metas=['./colcon.meta'], base_paths=['.'], packages_ignore=None, packages_ignore_regex=None, paths=None, packages_up_to=None, packages_up_to_regex=None, packages_above=None, packages_above_and_dependencies=None, packages_above_depth=None, packages_select_by_dep=None, packages_skip_by_dep=None, packages_skip_up_to=None, packages_select_build_failed=False, packages_skip_build_finished=False, packages_select_test_failures=False, packages_skip_test_passed=False, packages_select=['uav_interfaces'], packages_skip=None, packages_select_regex=None, packages_skip_regex=None, packages_start=None, packages_end=None, allow_overriding=[], cmake_args=None, cmake_target=None, cmake_target_skip_unavailable=False, cmake_clean_cache=False, cmake_clean_first=False, cmake_force_configure=False, ament_cmake_args=None, catkin_cmake_args=None, catkin_skip_building_tests=False, mixin_files=None, mixin=None, verb_parser=<colcon_mixin.mixin.mixin_argument.MixinArgumentDecorator object at 0x7fe35b1a92e0>, verb_extension=<colcon_core.verb.build.BuildVerb object at 0x7fe35a6c0b90>, main=<bound method BuildVerb.main of <colcon_core.verb.build.BuildVerb object at 0x7fe35a6c0b90>>, mixin_verb=('build',))
[2.276s] Level 1:colcon.colcon_core.package_discovery:discover_packages(colcon_meta) check parameters
[2.276s] Level 1:colcon.colcon_core.package_discovery:discover_packages(recursive) check parameters
[2.277s] Level 1:colcon.colcon_core.package_discovery:discover_packages(ignore) check parameters
[2.277s] Level 1:colcon.colcon_core.package_discovery:discover_packages(path) check parameters
[2.277s] Level 1:colcon.colcon_core.package_discovery:discover_packages(colcon_meta) discover
[2.277s] Level 1:colcon.colcon_core.package_discovery:discover_packages(recursive) discover
[2.277s] INFO:colcon.colcon_core.package_discovery:Crawling recursively for packages in '/home/yjh/ROS2_manmade/ros2_ws'
[2.277s] Level 1:colcon.colcon_core.package_identification:_identify(.) by extensions ['ignore', 'ignore_ament_install']
[2.277s] Level 1:colcon.colcon_core.package_identification:_identify(.) by extension 'ignore'
[2.277s] Level 1:colcon.colcon_core.package_identification:_identify(.) by extension 'ignore_ament_install'
[2.277s] Level 1:colcon.colcon_core.package_identification:_identify(.) by extensions ['colcon_pkg']
[2.277s] Level 1:colcon.colcon_core.package_identification:_identify(.) by extension 'colcon_pkg'
[2.277s] Level 1:colcon.colcon_core.package_identification:_identify(.) by extensions ['colcon_meta']
[2.277s] Level 1:colcon.colcon_core.package_identification:_identify(.) by extension 'colcon_meta'
[2.277s] Level 1:colcon.colcon_core.package_identification:_identify(.) by extensions ['ros']
[2.277s] Level 1:colcon.colcon_core.package_identification:_identify(.) by extension 'ros'
[2.317s] Level 1:colcon.colcon_core.package_identification:_identify(.) by extensions ['cmake', 'python']
[2.317s] Level 1:colcon.colcon_core.package_identification:_identify(.) by extension 'cmake'
[2.317s] Level 1:colcon.colcon_core.package_identification:_identify(.) by extension 'python'
[2.317s] Level 1:colcon.colcon_core.package_identification:_identify(.) by extensions ['python_setup_py']
[2.317s] Level 1:colcon.colcon_core.package_identification:_identify(.) by extension 'python_setup_py'
[2.317s] Level 1:colcon.colcon_core.package_identification:_identify(build) by extensions ['ignore', 'ignore_ament_install']
[2.317s] Level 1:colcon.colcon_core.package_identification:_identify(build) by extension 'ignore'
[2.317s] Level 1:colcon.colcon_core.package_identification:_identify(build) ignored
[2.317s] Level 1:colcon.colcon_core.package_identification:_identify(install) by extensions ['ignore', 'ignore_ament_install']
[2.317s] Level 1:colcon.colcon_core.package_identification:_identify(install) by extension 'ignore'
[2.318s] Level 1:colcon.colcon_core.package_identification:_identify(install) ignored
[2.318s] Level 1:colcon.colcon_core.package_identification:_identify(log) by extensions ['ignore', 'ignore_ament_install']
[2.318s] Level 1:colcon.colcon_core.package_identification:_identify(log) by extension 'ignore'
[2.318s] Level 1:colcon.colcon_core.package_identification:_identify(log) ignored
[2.318s] Level 1:colcon.colcon_core.package_identification:_identify(src) by extensions ['ignore', 'ignore_ament_install']
[2.318s] Level 1:colcon.colcon_core.package_identification:_identify(src) by extension 'ignore'
[2.318s] Level 1:colcon.colcon_core.package_identification:_identify(src) by extension 'ignore_ament_install'
[2.318s] Level 1:colcon.colcon_core.package_identification:_identify(src) by extensions ['colcon_pkg']
[2.318s] Level 1:colcon.colcon_core.package_identification:_identify(src) by extension 'colcon_pkg'
[2.318s] Level 1:colcon.colcon_core.package_identification:_identify(src) by extensions ['colcon_meta']
[2.318s] Level 1:colcon.colcon_core.package_identification:_identify(src) by extension 'colcon_meta'
[2.318s] Level 1:colcon.colcon_core.package_identification:_identify(src) by extensions ['ros']
[2.318s] Level 1:colcon.colcon_core.package_identification:_identify(src) by extension 'ros'
[2.318s] Level 1:colcon.colcon_core.package_identification:_identify(src) by extensions ['cmake', 'python']
[2.318s] Level 1:colcon.colcon_core.package_identification:_identify(src) by extension 'cmake'
[2.318s] Level 1:colcon.colcon_core.package_identification:_identify(src) by extension 'python'
[2.318s] Level 1:colcon.colcon_core.package_identification:_identify(src) by extensions ['python_setup_py']
[2.318s] Level 1:colcon.colcon_core.package_identification:_identify(src) by extension 'python_setup_py'
[2.319s] Level 1:colcon.colcon_core.package_identification:_identify(src/Micro-XRCE-DDS-Agent) by extensions ['ignore', 'ignore_ament_install']
[2.319s] Level 1:colcon.colcon_core.package_identification:_identify(src/Micro-XRCE-DDS-Agent) by extension 'ignore'
[2.319s] Level 1:colcon.colcon_core.package_identification:_identify(src/Micro-XRCE-DDS-Agent) by extension 'ignore_ament_install'
[2.319s] Level 1:colcon.colcon_core.package_identification:_identify(src/Micro-XRCE-DDS-Agent) by extensions ['colcon_pkg']
[2.319s] Level 1:colcon.colcon_core.package_identification:_identify(src/Micro-XRCE-DDS-Agent) by extension 'colcon_pkg'
[2.320s] INFO:colcon.colcon_metadata.metadata.colcon_pkg:Setting type 'cmake' of package 'src/Micro-XRCE-DDS-Agent' from colcon.pkg
[2.320s] INFO:colcon.colcon_metadata.metadata.colcon_pkg:Setting name 'microxrcedds_agent' of package 'src/Micro-XRCE-DDS-Agent' from colcon.pkg
[2.320s] DEBUG:colcon.colcon_core.package_identification:Package 'src/Micro-XRCE-DDS-Agent' with type 'cmake' and name 'microxrcedds_agent'
[2.320s] Level 1:colcon.colcon_core.package_identification:_identify(src/px4_msgs) by extensions ['ignore', 'ignore_ament_install']
[2.320s] Level 1:colcon.colcon_core.package_identification:_identify(src/px4_msgs) by extension 'ignore'
[2.320s] Level 1:colcon.colcon_core.package_identification:_identify(src/px4_msgs) by extension 'ignore_ament_install'
[2.320s] Level 1:colcon.colcon_core.package_identification:_identify(src/px4_msgs) by extensions ['colcon_pkg']
[2.320s] Level 1:colcon.colcon_core.package_identification:_identify(src/px4_msgs) by extension 'colcon_pkg'
[2.320s] Level 1:colcon.colcon_core.package_identification:_identify(src/px4_msgs) by extensions ['colcon_meta']
[2.320s] Level 1:colcon.colcon_core.package_identification:_identify(src/px4_msgs) by extension 'colcon_meta'
[2.320s] Level 1:colcon.colcon_core.package_identification:_identify(src/px4_msgs) by extensions ['ros']
[2.320s] Level 1:colcon.colcon_core.package_identification:_identify(src/px4_msgs) by extension 'ros'
[2.325s] DEBUG:colcon.colcon_core.package_identification:Package 'src/px4_msgs' with type 'ros.ament_cmake' and name 'px4_msgs'
[2.326s] Level 1:colcon.colcon_core.package_identification:_identify(src/uav_interfaces) by extensions ['ignore', 'ignore_ament_install']
[2.326s] Level 1:colcon.colcon_core.package_identification:_identify(src/uav_interfaces) by extension 'ignore'
[2.326s] Level 1:colcon.colcon_core.package_identification:_identify(src/uav_interfaces) by extension 'ignore_ament_install'
[2.326s] Level 1:colcon.colcon_core.package_identification:_identify(src/uav_interfaces) by extensions ['colcon_pkg']
[2.326s] Level 1:colcon.colcon_core.package_identification:_identify(src/uav_interfaces) by extension 'colcon_pkg'
[2.326s] Level 1:colcon.colcon_core.package_identification:_identify(src/uav_interfaces) by extensions ['colcon_meta']
[2.326s] Level 1:colcon.colcon_core.package_identification:_identify(src/uav_interfaces) by extension 'colcon_meta'
[2.326s] Level 1:colcon.colcon_core.package_identification:_identify(src/uav_interfaces) by extensions ['ros']
[2.326s] Level 1:colcon.colcon_core.package_identification:_identify(src/uav_interfaces) by extension 'ros'
[2.327s] DEBUG:colcon.colcon_core.package_identification:Package 'src/uav_interfaces' with type 'ros.catkin' and name 'uav_interfaces'
[2.327s] Level 1:colcon.colcon_core.package_identification:_identify(src/uav_learning) by extensions ['ignore', 'ignore_ament_install']
[2.327s] Level 1:colcon.colcon_core.package_identification:_identify(src/uav_learning) by extension 'ignore'
[2.327s] Level 1:colcon.colcon_core.package_identification:_identify(src/uav_learning) by extension 'ignore_ament_install'
[2.327s] Level 1:colcon.colcon_core.package_identification:_identify(src/uav_learning) by extensions ['colcon_pkg']
[2.327s] Level 1:colcon.colcon_core.package_identification:_identify(src/uav_learning) by extension 'colcon_pkg'
[2.327s] Level 1:colcon.colcon_core.package_identification:_identify(src/uav_learning) by extensions ['colcon_meta']
[2.327s] Level 1:colcon.colcon_core.package_identification:_identify(src/uav_learning) by extension 'colcon_meta'
[2.327s] Level 1:colcon.colcon_core.package_identification:_identify(src/uav_learning) by extensions ['ros']
[2.327s] Level 1:colcon.colcon_core.package_identification:_identify(src/uav_learning) by extension 'ros'
[2.328s] DEBUG:colcon.colcon_core.package_identification:Package 'src/uav_learning' with type 'ros.ament_python' and name 'uav_learning'
[2.328s] Level 1:colcon.colcon_core.package_discovery:discover_packages(recursive) using defaults
[2.328s] Level 1:colcon.colcon_core.package_discovery:discover_packages(ignore) discover
[2.328s] Level 1:colcon.colcon_core.package_discovery:discover_packages(ignore) using defaults
[2.328s] Level 1:colcon.colcon_core.package_discovery:discover_packages(path) discover
[2.328s] Level 1:colcon.colcon_core.package_discovery:discover_packages(path) using defaults
[2.354s] INFO:colcon.colcon_metadata.metadata.colcon_pkg:Updating descriptor of package 'src/Micro-XRCE-DDS-Agent' from colcon.pkg: {'name': 'microxrcedds_agent', 'type': 'cmake', 'dependencies': ['fastcdr', 'fastrtps'], 'cmake-args': ['-DUAGENT_ISOLATED_INSTALL=OFF', '-DUAGENT_USE_SYSTEM_FASTCDR=ON', '-DUAGENT_USE_SYSTEM_FASTDDS=ON']}
[2.355s] INFO:colcon.colcon_core.package_selection:Skipping not selected package 'microxrcedds_agent' in 'src/Micro-XRCE-DDS-Agent'
[2.355s] INFO:colcon.colcon_core.package_selection:Skipping not selected package 'px4_msgs' in 'src/px4_msgs'
[2.355s] INFO:colcon.colcon_core.package_selection:Skipping not selected package 'uav_learning' in 'src/uav_learning'
[2.356s] Level 1:colcon.colcon_core.package_discovery:discover_packages(prefix_path) check parameters
[2.356s] Level 1:colcon.colcon_core.package_discovery:discover_packages(prefix_path) discover
[2.358s] WARNING:colcon.colcon_ros.prefix_path.ament:The path '/home/yjh/ROS2_manmade/ros2_ws/install/uav_interfaces' in the environment variable AMENT_PREFIX_PATH doesn't exist
[2.359s] WARNING:colcon.colcon_ros.prefix_path.catkin:The path '/home/yjh/ROS2_manmade/ros2_ws/install/uav_interfaces' in the environment variable CMAKE_PREFIX_PATH doesn't exist
[2.360s] DEBUG:colcon.colcon_installed_package_information.package_discovery:Found 3 installed packages in /home/yjh/ROS2_manmade/ros2_ws/install
[2.362s] DEBUG:colcon.colcon_installed_package_information.package_discovery:Found 319 installed packages in /opt/ros/jazzy
[2.363s] Level 1:colcon.colcon_core.package_discovery:discover_packages(prefix_path) using defaults
[2.416s] Level 5:colcon.colcon_core.verb:set package 'uav_interfaces' build argument 'cmake_args' from command line to 'None'
[2.416s] Level 5:colcon.colcon_core.verb:set package 'uav_interfaces' build argument 'cmake_target' from command line to 'None'
[2.416s] Level 5:colcon.colcon_core.verb:set package 'uav_interfaces' build argument 'cmake_target_skip_unavailable' from command line to 'False'
[2.416s] Level 5:colcon.colcon_core.verb:set package 'uav_interfaces' build argument 'cmake_clean_cache' from command line to 'False'
[2.416s] Level 5:colcon.colcon_core.verb:set package 'uav_interfaces' build argument 'cmake_clean_first' from command line to 'False'
[2.416s] Level 5:colcon.colcon_core.verb:set package 'uav_interfaces' build argument 'cmake_force_configure' from command line to 'False'
[2.416s] Level 5:colcon.colcon_core.verb:set package 'uav_interfaces' build argument 'ament_cmake_args' from command line to 'None'
[2.416s] Level 5:colcon.colcon_core.verb:set package 'uav_interfaces' build argument 'catkin_cmake_args' from command line to 'None'
[2.416s] Level 5:colcon.colcon_core.verb:set package 'uav_interfaces' build argument 'catkin_skip_building_tests' from command line to 'False'
[2.417s] DEBUG:colcon.colcon_core.verb:Building package 'uav_interfaces' with the following arguments: {'ament_cmake_args': None, 'build_base': '/home/yjh/ROS2_manmade/ros2_ws/build/uav_interfaces', 'catkin_cmake_args': None, 'catkin_skip_building_tests': False, 'cmake_args': None, 'cmake_clean_cache': False, 'cmake_clean_first': False, 'cmake_force_configure': False, 'cmake_target': None, 'cmake_target_skip_unavailable': False, 'install_base': '/home/yjh/ROS2_manmade/ros2_ws/install/uav_interfaces', 'merge_install': False, 'path': '/home/yjh/ROS2_manmade/ros2_ws/src/uav_interfaces', 'symlink_install': True, 'test_result_base': None}
[2.417s] INFO:colcon.colcon_core.executor:Executing jobs using 'parallel' executor
[2.418s] DEBUG:colcon.colcon_parallel_executor.executor.parallel:run_until_complete
[2.418s] INFO:colcon.colcon_ros.task.catkin.build:Building ROS package in '/home/yjh/ROS2_manmade/ros2_ws/src/uav_interfaces' with build type 'catkin'
[2.419s] INFO:colcon.colcon_cmake.task.cmake.build:Building CMake package in '/home/yjh/ROS2_manmade/ros2_ws/src/uav_interfaces'
[2.421s] INFO:colcon.colcon_core.plugin_system:Skipping extension 'colcon_core.shell.bat': Not used on non-Windows systems
[2.421s] INFO:colcon.colcon_core.shell:Skip shell extension 'powershell' for command environment: Not usable outside of PowerShell
[2.421s] DEBUG:colcon.colcon_core.shell:Skip shell extension 'dsv' for command environment
[2.435s] DEBUG:colcon.colcon_core.event_handler.log_command:Invoking command in '/home/yjh/ROS2_manmade/ros2_ws/build/uav_interfaces': DEBUGINFOD_URLS=https://debuginfod.ubuntu.com WSLENV=ELECTRON_RUN_AS_NODE/w: /usr/bin/cmake /home/yjh/ROS2_manmade/ros2_ws/src/uav_interfaces -DCATKIN_INSTALL_INTO_PREFIX_ROOT=0 -DCATKIN_SYMLINK_INSTALL=ON -DCMAKE_INSTALL_PREFIX=/home/yjh/ROS2_manmade/ros2_ws/install/uav_interfaces
[10.635s] DEBUG:colcon.colcon_core.event_handler.log_command:Invoked command in '/home/yjh/ROS2_manmade/ros2_ws/build/uav_interfaces' returned '0': DEBUGINFOD_URLS=https://debuginfod.ubuntu.com WSLENV=ELECTRON_RUN_AS_NODE/w: /usr/bin/cmake /home/yjh/ROS2_manmade/ros2_ws/src/uav_interfaces -DCATKIN_INSTALL_INTO_PREFIX_ROOT=0 -DCATKIN_SYMLINK_INSTALL=ON -DCMAKE_INSTALL_PREFIX=/home/yjh/ROS2_manmade/ros2_ws/install/uav_interfaces
[10.638s] DEBUG:colcon.colcon_core.event_handler.log_command:Invoking command in '/home/yjh/ROS2_manmade/ros2_ws/build/uav_interfaces': DEBUGINFOD_URLS=https://debuginfod.ubuntu.com WSLENV=ELECTRON_RUN_AS_NODE/w: /usr/bin/cmake --build /home/yjh/ROS2_manmade/ros2_ws/build/uav_interfaces -- -j32 -l32
[16.928s] DEBUG:colcon.colcon_core.event_handler.log_command:Invoked command in '/home/yjh/ROS2_manmade/ros2_ws/build/uav_interfaces' returned '0': DEBUGINFOD_URLS=https://debuginfod.ubuntu.com WSLENV=ELECTRON_RUN_AS_NODE/w: /usr/bin/cmake --build /home/yjh/ROS2_manmade/ros2_ws/build/uav_interfaces -- -j32 -l32
[16.935s] DEBUG:colcon.colcon_core.event_handler.log_command:Invoking command in '/home/yjh/ROS2_manmade/ros2_ws/build/uav_interfaces': DEBUGINFOD_URLS=https://debuginfod.ubuntu.com WSLENV=ELECTRON_RUN_AS_NODE/w: /usr/bin/cmake --install /home/yjh/ROS2_manmade/ros2_ws/build/uav_interfaces
[17.010s] DEBUG:colcon.colcon_core.event_handler.log_command:Invoked command in '/home/yjh/ROS2_manmade/ros2_ws/build/uav_interfaces' returned '0': DEBUGINFOD_URLS=https://debuginfod.ubuntu.com WSLENV=ELECTRON_RUN_AS_NODE/w: /usr/bin/cmake --install /home/yjh/ROS2_manmade/ros2_ws/build/uav_interfaces
[17.010s] Level 1:colcon.colcon_core.shell:create_environment_hook('uav_interfaces', 'ros_package_path')
[17.010s] INFO:colcon.colcon_core.shell:Creating environment hook '/home/yjh/ROS2_manmade/ros2_ws/install/uav_interfaces/share/uav_interfaces/hook/ros_package_path.ps1'
[17.011s] INFO:colcon.colcon_core.shell:Creating environment descriptor '/home/yjh/ROS2_manmade/ros2_ws/install/uav_interfaces/share/uav_interfaces/hook/ros_package_path.dsv'
[17.011s] INFO:colcon.colcon_core.shell:Creating environment hook '/home/yjh/ROS2_manmade/ros2_ws/install/uav_interfaces/share/uav_interfaces/hook/ros_package_path.sh'
[17.011s] Level 1:colcon.colcon_ros.task.catkin:checking '/home/yjh/ROS2_manmade/ros2_ws/install/uav_interfaces/lib/python3.12/site-packages'
[17.011s] Level 1:colcon.colcon_core.shell:create_environment_hook('uav_interfaces', 'catkin_pythonpath')
[17.011s] INFO:colcon.colcon_core.shell:Creating environment hook '/home/yjh/ROS2_manmade/ros2_ws/install/uav_interfaces/share/uav_interfaces/hook/catkin_pythonpath.ps1'
[17.012s] INFO:colcon.colcon_core.shell:Creating environment descriptor '/home/yjh/ROS2_manmade/ros2_ws/install/uav_interfaces/share/uav_interfaces/hook/catkin_pythonpath.dsv'
[17.012s] INFO:colcon.colcon_core.shell:Creating environment hook '/home/yjh/ROS2_manmade/ros2_ws/install/uav_interfaces/share/uav_interfaces/hook/catkin_pythonpath.sh'
[17.012s] Level 1:colcon.colcon_core.shell:create_environment_hook('uav_interfaces', 'pkg_config_path')
[17.012s] INFO:colcon.colcon_core.shell:Creating environment hook '/home/yjh/ROS2_manmade/ros2_ws/install/uav_interfaces/share/uav_interfaces/hook/pkg_config_path.ps1'
[17.013s] INFO:colcon.colcon_core.shell:Creating environment descriptor '/home/yjh/ROS2_manmade/ros2_ws/install/uav_interfaces/share/uav_interfaces/hook/pkg_config_path.dsv'
[17.013s] INFO:colcon.colcon_core.shell:Creating environment hook '/home/yjh/ROS2_manmade/ros2_ws/install/uav_interfaces/share/uav_interfaces/hook/pkg_config_path.sh'
[17.015s] Level 1:colcon.colcon_core.shell:create_environment_hook('uav_interfaces', 'pkg_config_path_multiarch')
[17.015s] INFO:colcon.colcon_core.shell:Creating environment hook '/home/yjh/ROS2_manmade/ros2_ws/install/uav_interfaces/share/uav_interfaces/hook/pkg_config_path_multiarch.ps1'
[17.015s] INFO:colcon.colcon_core.shell:Creating environment descriptor '/home/yjh/ROS2_manmade/ros2_ws/install/uav_interfaces/share/uav_interfaces/hook/pkg_config_path_multiarch.dsv'
[17.016s] INFO:colcon.colcon_core.shell:Creating environment hook '/home/yjh/ROS2_manmade/ros2_ws/install/uav_interfaces/share/uav_interfaces/hook/pkg_config_path_multiarch.sh'
[17.016s] Level 1:colcon.colcon_core.environment:create_environment_scripts_only(uav_interfaces)
[17.018s] Level 1:colcon.colcon_core.environment:checking '/home/yjh/ROS2_manmade/ros2_ws/install/uav_interfaces' for CMake module files
[17.018s] Level 1:colcon.colcon_core.environment:checking '/home/yjh/ROS2_manmade/ros2_ws/install/uav_interfaces' for CMake config files
[17.018s] Level 1:colcon.colcon_core.shell:create_environment_hook('uav_interfaces', 'cmake_prefix_path')
[17.019s] INFO:colcon.colcon_core.shell:Creating environment hook '/home/yjh/ROS2_manmade/ros2_ws/install/uav_interfaces/share/uav_interfaces/hook/cmake_prefix_path.ps1'
[17.019s] INFO:colcon.colcon_core.shell:Creating environment descriptor '/home/yjh/ROS2_manmade/ros2_ws/install/uav_interfaces/share/uav_interfaces/hook/cmake_prefix_path.dsv'
[17.019s] INFO:colcon.colcon_core.shell:Creating environment hook '/home/yjh/ROS2_manmade/ros2_ws/install/uav_interfaces/share/uav_interfaces/hook/cmake_prefix_path.sh'
[17.020s] Level 1:colcon.colcon_core.environment:checking '/home/yjh/ROS2_manmade/ros2_ws/install/uav_interfaces/lib'
[17.020s] Level 1:colcon.colcon_core.shell:create_environment_hook('uav_interfaces', 'ld_library_path_lib')
[17.020s] INFO:colcon.colcon_core.shell:Creating environment hook '/home/yjh/ROS2_manmade/ros2_ws/install/uav_interfaces/share/uav_interfaces/hook/ld_library_path_lib.ps1'
[17.020s] INFO:colcon.colcon_core.shell:Creating environment descriptor '/home/yjh/ROS2_manmade/ros2_ws/install/uav_interfaces/share/uav_interfaces/hook/ld_library_path_lib.dsv'
[17.020s] INFO:colcon.colcon_core.shell:Creating environment hook '/home/yjh/ROS2_manmade/ros2_ws/install/uav_interfaces/share/uav_interfaces/hook/ld_library_path_lib.sh'
[17.021s] Level 1:colcon.colcon_core.environment:checking '/home/yjh/ROS2_manmade/ros2_ws/install/uav_interfaces/bin'
[17.021s] Level 1:colcon.colcon_core.environment:checking '/home/yjh/ROS2_manmade/ros2_ws/install/uav_interfaces/lib/pkgconfig/uav_interfaces.pc'
[17.021s] Level 1:colcon.colcon_core.environment:checking '/home/yjh/ROS2_manmade/ros2_ws/install/uav_interfaces/lib/python3.12/site-packages'
[17.021s] Level 1:colcon.colcon_core.shell:create_environment_hook('uav_interfaces', 'pythonpath')
[17.021s] INFO:colcon.colcon_core.shell:Creating environment hook '/home/yjh/ROS2_manmade/ros2_ws/install/uav_interfaces/share/uav_interfaces/hook/pythonpath.ps1'
[17.021s] INFO:colcon.colcon_core.shell:Creating environment descriptor '/home/yjh/ROS2_manmade/ros2_ws/install/uav_interfaces/share/uav_interfaces/hook/pythonpath.dsv'
[17.021s] INFO:colcon.colcon_core.shell:Creating environment hook '/home/yjh/ROS2_manmade/ros2_ws/install/uav_interfaces/share/uav_interfaces/hook/pythonpath.sh'
[17.022s] Level 1:colcon.colcon_core.environment:checking '/home/yjh/ROS2_manmade/ros2_ws/install/uav_interfaces/bin'
[17.022s] INFO:colcon.colcon_core.shell:Creating package script '/home/yjh/ROS2_manmade/ros2_ws/install/uav_interfaces/share/uav_interfaces/package.ps1'
[17.023s] INFO:colcon.colcon_core.shell:Creating package descriptor '/home/yjh/ROS2_manmade/ros2_ws/install/uav_interfaces/share/uav_interfaces/package.dsv'
[17.024s] INFO:colcon.colcon_core.shell:Creating package script '/home/yjh/ROS2_manmade/ros2_ws/install/uav_interfaces/share/uav_interfaces/package.sh'
[17.024s] INFO:colcon.colcon_core.shell:Creating package script '/home/yjh/ROS2_manmade/ros2_ws/install/uav_interfaces/share/uav_interfaces/package.bash'
[17.024s] INFO:colcon.colcon_core.shell:Creating package script '/home/yjh/ROS2_manmade/ros2_ws/install/uav_interfaces/share/uav_interfaces/package.zsh'
[17.025s] Level 1:colcon.colcon_core.environment:create_file_with_runtime_dependencies(/home/yjh/ROS2_manmade/ros2_ws/install/uav_interfaces/share/colcon-core/packages/uav_interfaces)
[17.025s] DEBUG:colcon.colcon_parallel_executor.executor.parallel:closing loop
[17.026s] DEBUG:colcon.colcon_parallel_executor.executor.parallel:loop closed
[17.026s] DEBUG:colcon.colcon_parallel_executor.executor.parallel:run_until_complete finished with '0'
[17.026s] DEBUG:colcon.colcon_core.event_reactor:joining thread
[17.077s] INFO:colcon.colcon_core.plugin_system:Skipping extension 'colcon_notification.desktop_notification.notify_send': Could not find 'notify-send'
[17.077s] INFO:colcon.colcon_core.plugin_system:Skipping extension 'colcon_notification.desktop_notification.terminal_notifier': Not used on non-Darwin systems
[17.077s] INFO:colcon.colcon_core.plugin_system:Skipping extension 'colcon_notification.desktop_notification.win32': Not used on non-Windows systems
[17.077s] INFO:colcon.colcon_notification.desktop_notification:Sending desktop notification using 'notify2'
[17.079s] DEBUG:colcon.colcon_notification.desktop_notification.notify2:Failed to initialize notify2: org.freedesktop.DBus.Error.ServiceUnknown: The name org.freedesktop.Notifications was not provided by any .service files
[17.079s] DEBUG:colcon.colcon_core.event_reactor:joined thread
[17.079s] INFO:colcon.colcon_core.shell:Creating prefix script '/home/yjh/ROS2_manmade/ros2_ws/install/local_setup.ps1'
[17.080s] INFO:colcon.colcon_core.shell:Creating prefix util module '/home/yjh/ROS2_manmade/ros2_ws/install/_local_setup_util_ps1.py'
[17.080s] INFO:colcon.colcon_core.shell:Creating prefix chain script '/home/yjh/ROS2_manmade/ros2_ws/install/setup.ps1'
[17.081s] INFO:colcon.colcon_core.shell:Creating prefix script '/home/yjh/ROS2_manmade/ros2_ws/install/local_setup.sh'
[17.081s] INFO:colcon.colcon_core.shell:Creating prefix util module '/home/yjh/ROS2_manmade/ros2_ws/install/_local_setup_util_sh.py'
[17.081s] INFO:colcon.colcon_core.shell:Creating prefix chain script '/home/yjh/ROS2_manmade/ros2_ws/install/setup.sh'
[17.082s] INFO:colcon.colcon_core.shell:Creating prefix script '/home/yjh/ROS2_manmade/ros2_ws/install/local_setup.bash'
[17.082s] INFO:colcon.colcon_core.shell:Creating prefix chain script '/home/yjh/ROS2_manmade/ros2_ws/install/setup.bash'
[17.083s] INFO:colcon.colcon_core.shell:Creating prefix script '/home/yjh/ROS2_manmade/ros2_ws/install/local_setup.zsh'
[17.083s] INFO:colcon.colcon_core.shell:Creating prefix chain script '/home/yjh/ROS2_manmade/ros2_ws/install/setup.zsh'
