[0.016s] Invoking command in '/home/yjh/ROS2_manmade/ros2_ws/build/px4_msgs': CMAKE_PREFIX_PATH=${CMAKE_PREFIX_PATH}:/opt/ros/jazzy DEBUGINFOD_URLS=https://debuginfod.ubuntu.com WSLENV=ELECTRON_RUN_AS_NODE/w: /usr/bin/cmake /home/yjh/ROS2_manmade/ros2_ws/src/px4_msgs -DAMENT_CMAKE_SYMLINK_INSTALL=1 -DCMAKE_INSTALL_PREFIX=/home/yjh/ROS2_manmade/ros2_ws/install/px4_msgs
[0.108s] -- The C compiler identification is GNU 13.3.0
[0.575s] -- The CXX compiler identification is GNU 13.3.0
[1.166s] -- Detecting C compiler ABI info
[1.387s] -- Detecting C compiler ABI info - done
[1.394s] -- Check for working C compiler: /usr/bin/cc - skipped
[1.394s] -- Detecting C compile features
[1.394s] -- Detecting C compile features - done
[1.489s] -- Detecting CXX compiler ABI info
[1.723s] -- Detecting CXX compiler ABI info - done
[1.731s] -- Check for working CXX compiler: /usr/bin/c++ - skipped
[1.732s] -- Detecting CXX compile features
[1.732s] -- Detecting CXX compile features - done
[1.741s] -- Found ament_cmake: 2.5.6 (/opt/ros/jazzy/share/ament_cmake/cmake)
[1.854s] -- Found Python3: /usr/bin/python3 (found version "3.12.3") found components: Interpreter 
[1.908s] -- Override CMake install command with custom implementation using symlinks instead of copying resources
[1.939s] -- Found builtin_interfaces: 2.0.4 (/opt/ros/jazzy/share/builtin_interfaces/cmake)
[2.109s] -- Found rosidl_generator_c: 4.6.9 (/opt/ros/jazzy/share/rosidl_generator_c/cmake)
[2.122s] -- Found rosidl_generator_cpp: 4.6.9 (/opt/ros/jazzy/share/rosidl_generator_cpp/cmake)
[2.141s] -- Using all available rosidl_typesupport_c: rosidl_typesupport_fastrtps_c;rosidl_typesupport_introspection_c
[2.157s] -- Using all available rosidl_typesupport_cpp: rosidl_typesupport_fastrtps_cpp;rosidl_typesupport_introspection_cpp
[2.170s] -- Found rosidl_default_generators: 1.6.1 (/opt/ros/jazzy/share/rosidl_default_generators/cmake)
[2.186s] -- Found rosidl_adapter: 4.6.9 (/opt/ros/jazzy/share/rosidl_adapter/cmake)
[3.563s] -- Found ament_cmake_ros: 0.12.1 (/opt/ros/jazzy/share/ament_cmake_ros/cmake)
[4.172s] -- Using all available rosidl_typesupport_c: rosidl_typesupport_fastrtps_c;rosidl_typesupport_introspection_c
[4.407s] -- Using all available rosidl_typesupport_cpp: rosidl_typesupport_fastrtps_cpp;rosidl_typesupport_introspection_cpp
[4.411s] -- Found python_cmake_module: 0.11.1 (/opt/ros/jazzy/share/python_cmake_module/cmake)
[4.513s] -- Found PythonExtra: /usr/bin/python3  
[4.890s] -- Found Python3: /usr/bin/python3 (found version "3.12.3") found components: Interpreter Development NumPy Development.Module Development.Embed 
[4.976s] -- Found Python3: /usr/bin/python3 (found version "3.12.3") found components: Interpreter 
[5.027s] -- Configuring done (5.0s)
[5.450s] -- Generating done (0.3s)
[5.478s] -- Build files have been written to: /home/yjh/ROS2_manmade/ros2_ws/build/px4_msgs
