[1.257s] Invoking command in '/home/yjh/ROS2_manmade/ros2_ws/build/uav_learning': DEBUGINFOD_URLS=https://debuginfod.ubuntu.com LD_LIBRARY_PATH=/home/yjh/ROS2_manmade/ros2_ws/install/uav_interfaces/lib:/home/yjh/ROS2_manmade/ros2_ws/install/px4_msgs/lib:/home/yjh/ROS2_manmade/ros2_ws/install/microxrcedds_agent/lib:/opt/ros/jazzy/opt/gz_sim_vendor/lib:/opt/ros/jazzy/opt/gz_sensors_vendor/lib:/opt/ros/jazzy/opt/gz_physics_vendor/lib:/opt/ros/jazzy/opt/sdformat_vendor/lib:/opt/ros/jazzy/opt/rviz_ogre_vendor/lib:/opt/ros/jazzy/lib/x86_64-linux-gnu:/opt/ros/jazzy/opt/gz_gui_vendor/lib:/opt/ros/jazzy/opt/gz_transport_vendor/lib:/opt/ros/jazzy/opt/gz_rendering_vendor/lib:/opt/ros/jazzy/opt/gz_plugin_vendor/lib:/opt/ros/jazzy/opt/gz_fuel_tools_vendor/lib:/opt/ros/jazzy/opt/gz_msgs_vendor/lib:/opt/ros/jazzy/opt/gz_common_vendor/lib:/opt/ros/jazzy/opt/gz_math_vendor/lib:/opt/ros/jazzy/opt/gz_utils_vendor/lib:/opt/ros/jazzy/opt/gz_tools_vendor/lib:/opt/ros/jazzy/opt/gz_ogre_next_vendor/lib:/opt/ros/jazzy/opt/gz_dartsim_vendor/lib:/opt/ros/jazzy/opt/gz_cmake_vendor/lib:/opt/ros/jazzy/lib PYTHONPATH=/home/yjh/ROS2_manmade/ros2_ws/build/uav_learning/prefix_override:/usr/lib/python3/dist-packages/colcon_core/task/python/colcon_distutils_commands:/home/yjh/ROS2_manmade/ros2_ws/install/uav_learning/lib/python3.12/site-packages:/home/yjh/ROS2_manmade/ros2_ws/install/uav_interfaces/lib/python3.12/site-packages:/home/yjh/ROS2_manmade/ros2_ws/install/px4_msgs/lib/python3.12/site-packages:/home/yjh/ROS2_manmade/ros2_ws/install/uav_learning/lib/python3.12/site-packages:/opt/ros/jazzy/opt/gz_sim_vendor/lib/python:/opt/ros/jazzy/opt/sdformat_vendor/lib/python:/opt/ros/jazzy/opt/gz_transport_vendor/lib/python:/opt/ros/jazzy/opt/gz_msgs_vendor/lib/python:/opt/ros/jazzy/opt/gz_math_vendor/lib/python:/opt/ros/jazzy/lib/python3.12/site-packages WSLENV=ELECTRON_RUN_AS_NODE/w: /usr/bin/python3 -W ignore:setup.py install is deprecated -W ignore:easy_install command is deprecated setup.py develop --editable --build-directory /home/yjh/ROS2_manmade/ros2_ws/build/uav_learning/build --no-deps symlink_data --force
[1.427s] running develop
[1.535s] running egg_info
[1.546s] writing uav_learning.egg-info/PKG-INFO
[1.547s] writing dependency_links to uav_learning.egg-info/dependency_links.txt
[1.547s] writing entry points to uav_learning.egg-info/entry_points.txt
[1.547s] writing requirements to uav_learning.egg-info/requires.txt
[1.547s] writing top-level names to uav_learning.egg-info/top_level.txt
[1.570s] reading manifest file 'uav_learning.egg-info/SOURCES.txt'
[1.575s] writing manifest file 'uav_learning.egg-info/SOURCES.txt'
[1.587s] running build_ext
[1.587s] Creating /home/yjh/ROS2_manmade/ros2_ws/install/uav_learning/lib/python3.12/site-packages/uav-learning.egg-link (link to .)
[1.588s] Installing fly_to_altitude_client script to /home/yjh/ROS2_manmade/ros2_ws/install/uav_learning/lib/uav_learning
[1.588s] Installing fly_to_altitude_server script to /home/yjh/ROS2_manmade/ros2_ws/install/uav_learning/lib/uav_learning
[1.588s] Installing status_publisher script to /home/yjh/ROS2_manmade/ros2_ws/install/uav_learning/lib/uav_learning
[1.588s] Installing status_subscriber script to /home/yjh/ROS2_manmade/ros2_ws/install/uav_learning/lib/uav_learning
[1.589s] Installing uav_mode_client script to /home/yjh/ROS2_manmade/ros2_ws/install/uav_learning/lib/uav_learning
[1.589s] Installing uav_mode_server script to /home/yjh/ROS2_manmade/ros2_ws/install/uav_learning/lib/uav_learning
[1.589s] Installing uav_state_monitor script to /home/yjh/ROS2_manmade/ros2_ws/install/uav_learning/lib/uav_learning
[1.589s] Installing uav_state_publisher script to /home/yjh/ROS2_manmade/ros2_ws/install/uav_learning/lib/uav_learning
[1.589s] 
[1.589s] Installed /home/yjh/ROS2_manmade/ros2_ws/build/uav_learning
[1.589s] running symlink_data
[1.589s] symbolically linking /home/yjh/ROS2_manmade/ros2_ws/build/uav_learning/resource/uav_learning -> /home/yjh/ROS2_manmade/ros2_ws/install/uav_learning/share/ament_index/resource_index/packages
[1.589s] symbolically linking /home/yjh/ROS2_manmade/ros2_ws/build/uav_learning/package.xml -> /home/yjh/ROS2_manmade/ros2_ws/install/uav_learning/share/uav_learning
[1.589s] symbolically linking /home/yjh/ROS2_manmade/ros2_ws/build/uav_learning/launch/uav_system.launch.py -> /home/yjh/ROS2_manmade/ros2_ws/install/uav_learning/share/uav_learning/launch
[1.611s] Invoked command in '/home/yjh/ROS2_manmade/ros2_ws/build/uav_learning' returned '0': DEBUGINFOD_URLS=https://debuginfod.ubuntu.com LD_LIBRARY_PATH=/home/yjh/ROS2_manmade/ros2_ws/install/uav_interfaces/lib:/home/yjh/ROS2_manmade/ros2_ws/install/px4_msgs/lib:/home/yjh/ROS2_manmade/ros2_ws/install/microxrcedds_agent/lib:/opt/ros/jazzy/opt/gz_sim_vendor/lib:/opt/ros/jazzy/opt/gz_sensors_vendor/lib:/opt/ros/jazzy/opt/gz_physics_vendor/lib:/opt/ros/jazzy/opt/sdformat_vendor/lib:/opt/ros/jazzy/opt/rviz_ogre_vendor/lib:/opt/ros/jazzy/lib/x86_64-linux-gnu:/opt/ros/jazzy/opt/gz_gui_vendor/lib:/opt/ros/jazzy/opt/gz_transport_vendor/lib:/opt/ros/jazzy/opt/gz_rendering_vendor/lib:/opt/ros/jazzy/opt/gz_plugin_vendor/lib:/opt/ros/jazzy/opt/gz_fuel_tools_vendor/lib:/opt/ros/jazzy/opt/gz_msgs_vendor/lib:/opt/ros/jazzy/opt/gz_common_vendor/lib:/opt/ros/jazzy/opt/gz_math_vendor/lib:/opt/ros/jazzy/opt/gz_utils_vendor/lib:/opt/ros/jazzy/opt/gz_tools_vendor/lib:/opt/ros/jazzy/opt/gz_ogre_next_vendor/lib:/opt/ros/jazzy/opt/gz_dartsim_vendor/lib:/opt/ros/jazzy/opt/gz_cmake_vendor/lib:/opt/ros/jazzy/lib PYTHONPATH=/home/yjh/ROS2_manmade/ros2_ws/build/uav_learning/prefix_override:/usr/lib/python3/dist-packages/colcon_core/task/python/colcon_distutils_commands:/home/yjh/ROS2_manmade/ros2_ws/install/uav_learning/lib/python3.12/site-packages:/home/yjh/ROS2_manmade/ros2_ws/install/uav_interfaces/lib/python3.12/site-packages:/home/yjh/ROS2_manmade/ros2_ws/install/px4_msgs/lib/python3.12/site-packages:/home/yjh/ROS2_manmade/ros2_ws/install/uav_learning/lib/python3.12/site-packages:/opt/ros/jazzy/opt/gz_sim_vendor/lib/python:/opt/ros/jazzy/opt/sdformat_vendor/lib/python:/opt/ros/jazzy/opt/gz_transport_vendor/lib/python:/opt/ros/jazzy/opt/gz_msgs_vendor/lib/python:/opt/ros/jazzy/opt/gz_math_vendor/lib/python:/opt/ros/jazzy/lib/python3.12/site-packages WSLENV=ELECTRON_RUN_AS_NODE/w: /usr/bin/python3 -W ignore:setup.py install is deprecated -W ignore:easy_install command is deprecated setup.py develop --editable --build-directory /home/yjh/ROS2_manmade/ros2_ws/build/uav_learning/build --no-deps symlink_data --force
