[0.006s] Invoking command in '/home/yjh/ROS2_manmade/ros2_ws/build/uav_interfaces': CMAKE_PREFIX_PATH=${CMAKE_PREFIX_PATH}:/home/yjh/ROS2_manmade/ros2_ws/install/uav_learning:/opt/ros/jazzy /usr/bin/cmake --build /home/yjh/ROS2_manmade/ros2_ws/build/uav_interfaces -- -j32 -l32
[0.024s] -- Found ament_cmake: 2.5.6 (/opt/ros/jazzy/share/ament_cmake/cmake)
[0.104s] -- Found rosidl_default_generators: 1.6.1 (/opt/ros/jazzy/share/rosidl_default_generators/cmake)
[0.107s] -- Using all available rosidl_typesupport_c: rosidl_typesupport_fastrtps_c;rosidl_typesupport_introspection_c
[0.245s] -- Using all available rosidl_typesupport_cpp: rosidl_typesupport_fastrtps_cpp;rosidl_typesupport_introspection_cpp
[0.271s] -- Found rosidl_adapter: 4.6.9 (/opt/ros/jazzy/share/rosidl_adapter/cmake)
[0.492s] -- Found ament_cmake_ros: 0.12.1 (/opt/ros/jazzy/share/ament_cmake_ros/cmake)
[0.561s] -- Using all available rosidl_typesupport_c: rosidl_typesupport_fastrtps_c;rosidl_typesupport_introspection_c
[0.640s] -- Using all available rosidl_typesupport_cpp: rosidl_typesupport_fastrtps_cpp;rosidl_typesupport_introspection_cpp
[0.642s] -- Found python_cmake_module: 0.11.1 (/opt/ros/jazzy/share/python_cmake_module/cmake)
[0.788s] -- Found Python3: /usr/bin/python3 (found version "3.12.3") found components: Interpreter Development NumPy Development.Module Development.Embed 
[0.814s] -- Found Python3: /usr/bin/python3 (found version "3.12.3") found components: Interpreter 
[0.826s] -- Configuring done (0.8s)
[0.860s] -- Generating done (0.0s)
[0.867s] -- Build files have been written to: /home/yjh/ROS2_manmade/ros2_ws/build/uav_interfaces
[0.884s] [  2%] [34m[1mGenerating Rust code for ROS interfaces[0m
[0.884s] [  4%] [34m[1mGenerating type hashes for ROS interfaces[0m
[0.888s] [  4%] Built target ament_cmake_python_copy_uav_interfaces
[1.009s] running egg_info
[1.016s] [  4%] Built target uav_interfaces__rosidl_generator_type_description
[1.022s] [  6%] [34m[1mGenerating C code for ROS interfaces[0m
[1.025s] writing uav_interfaces.egg-info/PKG-INFO
[1.026s] writing dependency_links to uav_interfaces.egg-info/dependency_links.txt
[1.026s] writing top-level names to uav_interfaces.egg-info/top_level.txt
[1.029s] [  8%] [34m[1mGenerating C++ code for ROS interfaces[0m
[1.048s] [  8%] Built target uav_interfaces__rs
[1.064s] reading manifest file 'uav_interfaces.egg-info/SOURCES.txt'
[1.064s] writing manifest file 'uav_interfaces.egg-info/SOURCES.txt'
[1.082s] [  8%] Built target ament_cmake_python_build_uav_interfaces_egg
[1.315s] [  8%] Built target uav_interfaces__cpp
[1.334s] [ 15%] [32mBuilding C object CMakeFiles/uav_interfaces__rosidl_generator_c.dir/rosidl_generator_c/uav_interfaces/srv/detail/set_mode__type_support.c.o[0m
[1.335s] [ 15%] [32mBuilding C object CMakeFiles/uav_interfaces__rosidl_generator_c.dir/rosidl_generator_c/uav_interfaces/srv/detail/set_mode__description.c.o[0m
[1.335s] [ 15%] [32mBuilding C object CMakeFiles/uav_interfaces__rosidl_generator_c.dir/rosidl_generator_c/uav_interfaces/srv/detail/set_mode__functions.c.o[0m
[1.335s] [ 20%] [32mBuilding C object CMakeFiles/uav_interfaces__rosidl_generator_c.dir/rosidl_generator_c/uav_interfaces/action/detail/fly_to_altitude__description.c.o[0m
[1.335s] [ 20%] [32mBuilding C object CMakeFiles/uav_interfaces__rosidl_generator_c.dir/rosidl_generator_c/uav_interfaces/action/detail/fly_to_altitude__functions.c.o[0m
[1.336s] [ 22%] [32mBuilding C object CMakeFiles/uav_interfaces__rosidl_generator_c.dir/rosidl_generator_c/uav_interfaces/action/detail/fly_to_altitude__type_support.c.o[0m
[1.459s] [ 24%] [32m[1mLinking C shared library libuav_interfaces__rosidl_generator_c.so[0m
[1.583s] [ 24%] Built target uav_interfaces__rosidl_generator_c
[1.588s] [ 31%] [34m[1mGenerating C type support for eProsima Fast-RTPS[0m
[1.589s] [ 31%] [34m[1mGenerating C introspection for ROS interfaces[0m
[1.589s] [ 31%] [34m[1mGenerating C type support dispatch for ROS interfaces[0m
[1.589s] [ 33%] [34m[1mGenerating C++ introspection for ROS interfaces[0m
[1.589s] [ 35%] [34m[1mGenerating C++ type support dispatch for ROS interfaces[0m
[1.590s] [ 37%] [34m[1mGenerating C++ type support for eProsima Fast-RTPS[0m
[1.791s] [ 40%] [32mBuilding CXX object CMakeFiles/uav_interfaces__rosidl_typesupport_c.dir/rosidl_typesupport_c/uav_interfaces/srv/set_mode__type_support.cpp.o[0m
[1.791s] [ 42%] [32mBuilding CXX object CMakeFiles/uav_interfaces__rosidl_typesupport_c.dir/rosidl_typesupport_c/uav_interfaces/action/fly_to_altitude__type_support.cpp.o[0m
[1.799s] [ 46%] [32mBuilding CXX object CMakeFiles/uav_interfaces__rosidl_typesupport_cpp.dir/rosidl_typesupport_cpp/uav_interfaces/action/fly_to_altitude__type_support.cpp.o[0m
[1.799s] [ 46%] [32mBuilding CXX object CMakeFiles/uav_interfaces__rosidl_typesupport_cpp.dir/rosidl_typesupport_cpp/uav_interfaces/srv/set_mode__type_support.cpp.o[0m
[1.840s] [ 51%] [32mBuilding CXX object CMakeFiles/uav_interfaces__rosidl_typesupport_introspection_cpp.dir/rosidl_typesupport_introspection_cpp/uav_interfaces/srv/detail/set_mode__type_support.cpp.o[0m
[1.840s] [ 51%] [32mBuilding CXX object CMakeFiles/uav_interfaces__rosidl_typesupport_introspection_cpp.dir/rosidl_typesupport_introspection_cpp/uav_interfaces/action/detail/fly_to_altitude__type_support.cpp.o[0m
[1.857s] [ 55%] [32mBuilding C object CMakeFiles/uav_interfaces__rosidl_typesupport_introspection_c.dir/rosidl_typesupport_introspection_c/uav_interfaces/action/detail/fly_to_altitude__type_support.c.o[0m
[1.857s] [ 55%] [32mBuilding C object CMakeFiles/uav_interfaces__rosidl_typesupport_introspection_c.dir/rosidl_typesupport_introspection_c/uav_interfaces/srv/detail/set_mode__type_support.c.o[0m
[1.869s] [ 57%] [32m[1mLinking CXX shared library libuav_interfaces__rosidl_typesupport_c.so[0m
[1.909s] [ 60%] [32m[1mLinking C shared library libuav_interfaces__rosidl_typesupport_introspection_c.so[0m
[1.938s] [ 64%] [32mBuilding CXX object CMakeFiles/uav_interfaces__rosidl_typesupport_fastrtps_cpp.dir/rosidl_typesupport_fastrtps_cpp/uav_interfaces/action/detail/dds_fastrtps/fly_to_altitude__type_support.cpp.o[0m
[1.938s] [ 64%] [32mBuilding CXX object CMakeFiles/uav_interfaces__rosidl_typesupport_fastrtps_cpp.dir/rosidl_typesupport_fastrtps_cpp/uav_interfaces/srv/detail/dds_fastrtps/set_mode__type_support.cpp.o[0m
[1.980s] [ 66%] [32mBuilding CXX object CMakeFiles/uav_interfaces__rosidl_typesupport_fastrtps_c.dir/rosidl_typesupport_fastrtps_c/uav_interfaces/action/detail/fly_to_altitude__type_support_c.cpp.o[0m
[1.980s] [ 68%] [32mBuilding CXX object CMakeFiles/uav_interfaces__rosidl_typesupport_fastrtps_c.dir/rosidl_typesupport_fastrtps_c/uav_interfaces/srv/detail/set_mode__type_support_c.cpp.o[0m
[2.001s] [ 68%] Built target uav_interfaces__rosidl_typesupport_c
[2.031s] [ 68%] Built target uav_interfaces__rosidl_typesupport_introspection_c
[2.299s] [ 71%] [32m[1mLinking CXX shared library libuav_interfaces__rosidl_typesupport_cpp.so[0m
[2.349s] [ 73%] [32m[1mLinking CXX shared library libuav_interfaces__rosidl_typesupport_introspection_cpp.so[0m
[2.363s] [ 75%] [32m[1mLinking CXX shared library libuav_interfaces__rosidl_typesupport_fastrtps_c.so[0m
[2.424s] [ 75%] Built target uav_interfaces__rosidl_typesupport_cpp
[2.477s] [ 75%] Built target uav_interfaces__rosidl_typesupport_introspection_cpp
[2.506s] [ 75%] Built target uav_interfaces__rosidl_typesupport_fastrtps_c
[2.555s] [ 77%] [32m[1mLinking CXX shared library libuav_interfaces__rosidl_typesupport_fastrtps_cpp.so[0m
[2.670s] [ 77%] Built target uav_interfaces__rosidl_typesupport_fastrtps_cpp
[2.684s] [ 77%] Built target uav_interfaces
[2.696s] [ 80%] [34m[1mGenerating Python code for ROS interfaces[0m
[3.141s] [ 80%] Built target uav_interfaces__py
[3.153s] [ 82%] [32mBuilding C object CMakeFiles/uav_interfaces__rosidl_generator_py.dir/rosidl_generator_py/uav_interfaces/srv/_set_mode_s.c.o[0m
[3.153s] [ 84%] [32mBuilding C object CMakeFiles/uav_interfaces__rosidl_generator_py.dir/rosidl_generator_py/uav_interfaces/action/_fly_to_altitude_s.c.o[0m
[3.295s] [ 86%] [32m[1mLinking C shared library libuav_interfaces__rosidl_generator_py.so[0m
[3.375s] [ 86%] Built target uav_interfaces__rosidl_generator_py
[3.387s] [ 91%] [32mBuilding C object CMakeFiles/uav_interfaces_s__rosidl_typesupport_c.dir/rosidl_generator_py/uav_interfaces/_uav_interfaces_s.ep.rosidl_typesupport_c.c.o[0m
[3.388s] [ 93%] [32mBuilding C object CMakeFiles/uav_interfaces_s__rosidl_typesupport_introspection_c.dir/rosidl_generator_py/uav_interfaces/_uav_interfaces_s.ep.rosidl_typesupport_introspection_c.c.o[0m
[3.388s] [ 93%] [32mBuilding C object CMakeFiles/uav_interfaces_s__rosidl_typesupport_fastrtps_c.dir/rosidl_generator_py/uav_interfaces/_uav_interfaces_s.ep.rosidl_typesupport_fastrtps_c.c.o[0m
[3.467s] [ 95%] [32m[1mLinking C shared module rosidl_generator_py/uav_interfaces/uav_interfaces_s__rosidl_typesupport_fastrtps_c.so[0m
[3.467s] [100%] [32m[1mLinking C shared module rosidl_generator_py/uav_interfaces/uav_interfaces_s__rosidl_typesupport_introspection_c.so[0m
[3.468s] [100%] [32m[1mLinking C shared module rosidl_generator_py/uav_interfaces/uav_interfaces_s__rosidl_typesupport_c.so[0m
[3.538s] [100%] Built target uav_interfaces_s__rosidl_typesupport_introspection_c
[3.538s] [100%] Built target uav_interfaces_s__rosidl_typesupport_fastrtps_c
[3.560s] [100%] Built target uav_interfaces_s__rosidl_typesupport_c
[3.567s] Invoked command in '/home/yjh/ROS2_manmade/ros2_ws/build/uav_interfaces' returned '0': CMAKE_PREFIX_PATH=${CMAKE_PREFIX_PATH}:/home/yjh/ROS2_manmade/ros2_ws/install/uav_learning:/opt/ros/jazzy /usr/bin/cmake --build /home/yjh/ROS2_manmade/ros2_ws/build/uav_interfaces -- -j32 -l32
[3.572s] Invoking command in '/home/yjh/ROS2_manmade/ros2_ws/build/uav_interfaces': CMAKE_PREFIX_PATH=${CMAKE_PREFIX_PATH}:/home/yjh/ROS2_manmade/ros2_ws/install/uav_learning:/opt/ros/jazzy /usr/bin/cmake --install /home/yjh/ROS2_manmade/ros2_ws/build/uav_interfaces
[3.577s] -- Install configuration: ""
[3.577s] -- Installing: /home/yjh/ROS2_manmade/ros2_ws/install/uav_interfaces/share/ament_index/resource_index/rosidl_interfaces/uav_interfaces
[3.577s] -- Installing: /home/yjh/ROS2_manmade/ros2_ws/install/uav_interfaces/share/uav_interfaces/srv/SetMode.json
[3.578s] -- Installing: /home/yjh/ROS2_manmade/ros2_ws/install/uav_interfaces/share/uav_interfaces/action/FlyToAltitude.json
[3.578s] -- Up-to-date: /home/yjh/ROS2_manmade/ros2_ws/install/uav_interfaces/include/uav_interfaces/uav_interfaces
[3.578s] -- Up-to-date: /home/yjh/ROS2_manmade/ros2_ws/install/uav_interfaces/include/uav_interfaces/uav_interfaces/srv
[3.578s] -- Up-to-date: /home/yjh/ROS2_manmade/ros2_ws/install/uav_interfaces/include/uav_interfaces/uav_interfaces/srv/detail
[3.578s] -- Installing: /home/yjh/ROS2_manmade/ros2_ws/install/uav_interfaces/include/uav_interfaces/uav_interfaces/srv/detail/set_mode__type_support.c
[3.578s] -- Installing: /home/yjh/ROS2_manmade/ros2_ws/install/uav_interfaces/include/uav_interfaces/uav_interfaces/srv/detail/set_mode__functions.h
[3.578s] -- Installing: /home/yjh/ROS2_manmade/ros2_ws/install/uav_interfaces/include/uav_interfaces/uav_interfaces/srv/detail/set_mode__struct.h
[3.578s] -- Installing: /home/yjh/ROS2_manmade/ros2_ws/install/uav_interfaces/include/uav_interfaces/uav_interfaces/srv/detail/set_mode__functions.c
[3.578s] -- Installing: /home/yjh/ROS2_manmade/ros2_ws/install/uav_interfaces/include/uav_interfaces/uav_interfaces/srv/detail/set_mode__description.c
[3.578s] -- Installing: /home/yjh/ROS2_manmade/ros2_ws/install/uav_interfaces/include/uav_interfaces/uav_interfaces/srv/detail/set_mode__type_support.h
[3.578s] -- Installing: /home/yjh/ROS2_manmade/ros2_ws/install/uav_interfaces/include/uav_interfaces/uav_interfaces/srv/set_mode.h
[3.579s] -- Up-to-date: /home/yjh/ROS2_manmade/ros2_ws/install/uav_interfaces/include/uav_interfaces/uav_interfaces/msg
[3.579s] -- Up-to-date: /home/yjh/ROS2_manmade/ros2_ws/install/uav_interfaces/include/uav_interfaces/uav_interfaces/msg/rosidl_generator_c__visibility_control.h
[3.579s] -- Installing: /home/yjh/ROS2_manmade/ros2_ws/install/uav_interfaces/include/uav_interfaces/uav_interfaces/action
[3.579s] -- Installing: /home/yjh/ROS2_manmade/ros2_ws/install/uav_interfaces/include/uav_interfaces/uav_interfaces/action/detail
[3.579s] -- Installing: /home/yjh/ROS2_manmade/ros2_ws/install/uav_interfaces/include/uav_interfaces/uav_interfaces/action/detail/fly_to_altitude__functions.h
[3.579s] -- Installing: /home/yjh/ROS2_manmade/ros2_ws/install/uav_interfaces/include/uav_interfaces/uav_interfaces/action/detail/fly_to_altitude__functions.c
[3.579s] -- Installing: /home/yjh/ROS2_manmade/ros2_ws/install/uav_interfaces/include/uav_interfaces/uav_interfaces/action/detail/fly_to_altitude__description.c
[3.580s] -- Installing: /home/yjh/ROS2_manmade/ros2_ws/install/uav_interfaces/include/uav_interfaces/uav_interfaces/action/detail/fly_to_altitude__struct.h
[3.580s] -- Installing: /home/yjh/ROS2_manmade/ros2_ws/install/uav_interfaces/include/uav_interfaces/uav_interfaces/action/detail/fly_to_altitude__type_support.h
[3.580s] -- Installing: /home/yjh/ROS2_manmade/ros2_ws/install/uav_interfaces/include/uav_interfaces/uav_interfaces/action/detail/fly_to_altitude__type_support.c
[3.580s] -- Installing: /home/yjh/ROS2_manmade/ros2_ws/install/uav_interfaces/include/uav_interfaces/uav_interfaces/action/fly_to_altitude.h
[3.580s] -- Up-to-date: /home/yjh/ROS2_manmade/ros2_ws/install/uav_interfaces/share/uav_interfaces/environment/library_path.sh
[3.580s] -- Up-to-date: /home/yjh/ROS2_manmade/ros2_ws/install/uav_interfaces/share/uav_interfaces/environment/library_path.dsv
[3.580s] -- Installing: /home/yjh/ROS2_manmade/ros2_ws/install/uav_interfaces/lib/libuav_interfaces__rosidl_generator_c.so
[3.580s] -- Set non-toolchain portion of runtime path of "/home/yjh/ROS2_manmade/ros2_ws/install/uav_interfaces/lib/libuav_interfaces__rosidl_generator_c.so" to ""
[3.580s] -- Up-to-date: /home/yjh/ROS2_manmade/ros2_ws/install/uav_interfaces/include/uav_interfaces/uav_interfaces
[3.580s] -- Up-to-date: /home/yjh/ROS2_manmade/ros2_ws/install/uav_interfaces/include/uav_interfaces/uav_interfaces/srv
[3.580s] -- Up-to-date: /home/yjh/ROS2_manmade/ros2_ws/install/uav_interfaces/include/uav_interfaces/uav_interfaces/srv/detail
[3.580s] -- Installing: /home/yjh/ROS2_manmade/ros2_ws/install/uav_interfaces/include/uav_interfaces/uav_interfaces/srv/detail/set_mode__rosidl_typesupport_fastrtps_c.h
[3.580s] -- Up-to-date: /home/yjh/ROS2_manmade/ros2_ws/install/uav_interfaces/include/uav_interfaces/uav_interfaces/msg
[3.580s] -- Up-to-date: /home/yjh/ROS2_manmade/ros2_ws/install/uav_interfaces/include/uav_interfaces/uav_interfaces/msg/rosidl_typesupport_fastrtps_c__visibility_control.h
[3.581s] -- Up-to-date: /home/yjh/ROS2_manmade/ros2_ws/install/uav_interfaces/include/uav_interfaces/uav_interfaces/action
[3.581s] -- Up-to-date: /home/yjh/ROS2_manmade/ros2_ws/install/uav_interfaces/include/uav_interfaces/uav_interfaces/action/detail
[3.581s] -- Installing: /home/yjh/ROS2_manmade/ros2_ws/install/uav_interfaces/include/uav_interfaces/uav_interfaces/action/detail/fly_to_altitude__rosidl_typesupport_fastrtps_c.h
[3.581s] -- Installing: /home/yjh/ROS2_manmade/ros2_ws/install/uav_interfaces/lib/libuav_interfaces__rosidl_typesupport_fastrtps_c.so
[3.581s] -- Set non-toolchain portion of runtime path of "/home/yjh/ROS2_manmade/ros2_ws/install/uav_interfaces/lib/libuav_interfaces__rosidl_typesupport_fastrtps_c.so" to ""
[3.581s] -- Up-to-date: /home/yjh/ROS2_manmade/ros2_ws/install/uav_interfaces/include/uav_interfaces/uav_interfaces
[3.581s] -- Up-to-date: /home/yjh/ROS2_manmade/ros2_ws/install/uav_interfaces/include/uav_interfaces/uav_interfaces/srv
[3.581s] -- Up-to-date: /home/yjh/ROS2_manmade/ros2_ws/install/uav_interfaces/include/uav_interfaces/uav_interfaces/srv/detail
[3.581s] -- Installing: /home/yjh/ROS2_manmade/ros2_ws/install/uav_interfaces/include/uav_interfaces/uav_interfaces/srv/detail/set_mode__type_support.c
[3.581s] -- Installing: /home/yjh/ROS2_manmade/ros2_ws/install/uav_interfaces/include/uav_interfaces/uav_interfaces/srv/detail/set_mode__rosidl_typesupport_introspection_c.h
[3.581s] -- Up-to-date: /home/yjh/ROS2_manmade/ros2_ws/install/uav_interfaces/include/uav_interfaces/uav_interfaces/msg
[3.582s] -- Up-to-date: /home/yjh/ROS2_manmade/ros2_ws/install/uav_interfaces/include/uav_interfaces/uav_interfaces/msg/rosidl_typesupport_introspection_c__visibility_control.h
[3.582s] -- Up-to-date: /home/yjh/ROS2_manmade/ros2_ws/install/uav_interfaces/include/uav_interfaces/uav_interfaces/action
[3.582s] -- Up-to-date: /home/yjh/ROS2_manmade/ros2_ws/install/uav_interfaces/include/uav_interfaces/uav_interfaces/action/detail
[3.582s] -- Installing: /home/yjh/ROS2_manmade/ros2_ws/install/uav_interfaces/include/uav_interfaces/uav_interfaces/action/detail/fly_to_altitude__rosidl_typesupport_introspection_c.h
[3.582s] -- Installing: /home/yjh/ROS2_manmade/ros2_ws/install/uav_interfaces/include/uav_interfaces/uav_interfaces/action/detail/fly_to_altitude__type_support.c
[3.582s] -- Installing: /home/yjh/ROS2_manmade/ros2_ws/install/uav_interfaces/lib/libuav_interfaces__rosidl_typesupport_introspection_c.so
[3.582s] -- Set non-toolchain portion of runtime path of "/home/yjh/ROS2_manmade/ros2_ws/install/uav_interfaces/lib/libuav_interfaces__rosidl_typesupport_introspection_c.so" to ""
[3.582s] -- Installing: /home/yjh/ROS2_manmade/ros2_ws/install/uav_interfaces/lib/libuav_interfaces__rosidl_typesupport_c.so
[3.582s] -- Set non-toolchain portion of runtime path of "/home/yjh/ROS2_manmade/ros2_ws/install/uav_interfaces/lib/libuav_interfaces__rosidl_typesupport_c.so" to ""
[3.582s] -- Up-to-date: /home/yjh/ROS2_manmade/ros2_ws/install/uav_interfaces/include/uav_interfaces/uav_interfaces
[3.583s] -- Up-to-date: /home/yjh/ROS2_manmade/ros2_ws/install/uav_interfaces/include/uav_interfaces/uav_interfaces/srv
[3.583s] -- Up-to-date: /home/yjh/ROS2_manmade/ros2_ws/install/uav_interfaces/include/uav_interfaces/uav_interfaces/srv/detail
[3.583s] -- Installing: /home/yjh/ROS2_manmade/ros2_ws/install/uav_interfaces/include/uav_interfaces/uav_interfaces/srv/detail/set_mode__traits.hpp
[3.583s] -- Installing: /home/yjh/ROS2_manmade/ros2_ws/install/uav_interfaces/include/uav_interfaces/uav_interfaces/srv/detail/set_mode__type_support.hpp
[3.583s] -- Installing: /home/yjh/ROS2_manmade/ros2_ws/install/uav_interfaces/include/uav_interfaces/uav_interfaces/srv/detail/set_mode__builder.hpp
[3.583s] -- Installing: /home/yjh/ROS2_manmade/ros2_ws/install/uav_interfaces/include/uav_interfaces/uav_interfaces/srv/detail/set_mode__struct.hpp
[3.583s] -- Installing: /home/yjh/ROS2_manmade/ros2_ws/install/uav_interfaces/include/uav_interfaces/uav_interfaces/srv/set_mode.hpp
[3.583s] -- Up-to-date: /home/yjh/ROS2_manmade/ros2_ws/install/uav_interfaces/include/uav_interfaces/uav_interfaces/msg
[3.583s] -- Installing: /home/yjh/ROS2_manmade/ros2_ws/install/uav_interfaces/include/uav_interfaces/uav_interfaces/msg/rosidl_generator_cpp__visibility_control.hpp
[3.583s] -- Up-to-date: /home/yjh/ROS2_manmade/ros2_ws/install/uav_interfaces/include/uav_interfaces/uav_interfaces/action
[3.583s] -- Up-to-date: /home/yjh/ROS2_manmade/ros2_ws/install/uav_interfaces/include/uav_interfaces/uav_interfaces/action/detail
[3.584s] -- Installing: /home/yjh/ROS2_manmade/ros2_ws/install/uav_interfaces/include/uav_interfaces/uav_interfaces/action/detail/fly_to_altitude__traits.hpp
[3.584s] -- Installing: /home/yjh/ROS2_manmade/ros2_ws/install/uav_interfaces/include/uav_interfaces/uav_interfaces/action/detail/fly_to_altitude__type_support.hpp
[3.584s] -- Installing: /home/yjh/ROS2_manmade/ros2_ws/install/uav_interfaces/include/uav_interfaces/uav_interfaces/action/detail/fly_to_altitude__struct.hpp
[3.584s] -- Installing: /home/yjh/ROS2_manmade/ros2_ws/install/uav_interfaces/include/uav_interfaces/uav_interfaces/action/detail/fly_to_altitude__builder.hpp
[3.584s] -- Installing: /home/yjh/ROS2_manmade/ros2_ws/install/uav_interfaces/include/uav_interfaces/uav_interfaces/action/fly_to_altitude.hpp
[3.584s] -- Up-to-date: /home/yjh/ROS2_manmade/ros2_ws/install/uav_interfaces/include/uav_interfaces/uav_interfaces
[3.584s] -- Up-to-date: /home/yjh/ROS2_manmade/ros2_ws/install/uav_interfaces/include/uav_interfaces/uav_interfaces/srv
[3.584s] -- Up-to-date: /home/yjh/ROS2_manmade/ros2_ws/install/uav_interfaces/include/uav_interfaces/uav_interfaces/srv/detail
[3.584s] -- Up-to-date: /home/yjh/ROS2_manmade/ros2_ws/install/uav_interfaces/include/uav_interfaces/uav_interfaces/srv/detail/dds_fastrtps
[3.584s] -- Installing: /home/yjh/ROS2_manmade/ros2_ws/install/uav_interfaces/include/uav_interfaces/uav_interfaces/srv/detail/set_mode__rosidl_typesupport_fastrtps_cpp.hpp
[3.584s] -- Up-to-date: /home/yjh/ROS2_manmade/ros2_ws/install/uav_interfaces/include/uav_interfaces/uav_interfaces/msg
[3.585s] -- Up-to-date: /home/yjh/ROS2_manmade/ros2_ws/install/uav_interfaces/include/uav_interfaces/uav_interfaces/msg/rosidl_typesupport_fastrtps_cpp__visibility_control.h
[3.585s] -- Up-to-date: /home/yjh/ROS2_manmade/ros2_ws/install/uav_interfaces/include/uav_interfaces/uav_interfaces/action
[3.585s] -- Up-to-date: /home/yjh/ROS2_manmade/ros2_ws/install/uav_interfaces/include/uav_interfaces/uav_interfaces/action/detail
[3.585s] -- Installing: /home/yjh/ROS2_manmade/ros2_ws/install/uav_interfaces/include/uav_interfaces/uav_interfaces/action/detail/dds_fastrtps
[3.585s] -- Installing: /home/yjh/ROS2_manmade/ros2_ws/install/uav_interfaces/include/uav_interfaces/uav_interfaces/action/detail/fly_to_altitude__rosidl_typesupport_fastrtps_cpp.hpp
[3.585s] -- Installing: /home/yjh/ROS2_manmade/ros2_ws/install/uav_interfaces/lib/libuav_interfaces__rosidl_typesupport_fastrtps_cpp.so
[3.585s] -- Set non-toolchain portion of runtime path of "/home/yjh/ROS2_manmade/ros2_ws/install/uav_interfaces/lib/libuav_interfaces__rosidl_typesupport_fastrtps_cpp.so" to ""
[3.585s] -- Up-to-date: /home/yjh/ROS2_manmade/ros2_ws/install/uav_interfaces/include/uav_interfaces/uav_interfaces
[3.585s] -- Up-to-date: /home/yjh/ROS2_manmade/ros2_ws/install/uav_interfaces/include/uav_interfaces/uav_interfaces/srv
[3.585s] -- Up-to-date: /home/yjh/ROS2_manmade/ros2_ws/install/uav_interfaces/include/uav_interfaces/uav_interfaces/srv/detail
[3.585s] -- Installing: /home/yjh/ROS2_manmade/ros2_ws/install/uav_interfaces/include/uav_interfaces/uav_interfaces/srv/detail/set_mode__type_support.cpp
[3.586s] -- Installing: /home/yjh/ROS2_manmade/ros2_ws/install/uav_interfaces/include/uav_interfaces/uav_interfaces/srv/detail/set_mode__rosidl_typesupport_introspection_cpp.hpp
[3.586s] -- Up-to-date: /home/yjh/ROS2_manmade/ros2_ws/install/uav_interfaces/include/uav_interfaces/uav_interfaces/action
[3.586s] -- Up-to-date: /home/yjh/ROS2_manmade/ros2_ws/install/uav_interfaces/include/uav_interfaces/uav_interfaces/action/detail
[3.586s] -- Installing: /home/yjh/ROS2_manmade/ros2_ws/install/uav_interfaces/include/uav_interfaces/uav_interfaces/action/detail/fly_to_altitude__type_support.cpp
[3.586s] -- Installing: /home/yjh/ROS2_manmade/ros2_ws/install/uav_interfaces/include/uav_interfaces/uav_interfaces/action/detail/fly_to_altitude__rosidl_typesupport_introspection_cpp.hpp
[3.586s] -- Installing: /home/yjh/ROS2_manmade/ros2_ws/install/uav_interfaces/lib/libuav_interfaces__rosidl_typesupport_introspection_cpp.so
[3.586s] -- Set non-toolchain portion of runtime path of "/home/yjh/ROS2_manmade/ros2_ws/install/uav_interfaces/lib/libuav_interfaces__rosidl_typesupport_introspection_cpp.so" to ""
[3.586s] -- Installing: /home/yjh/ROS2_manmade/ros2_ws/install/uav_interfaces/lib/libuav_interfaces__rosidl_typesupport_cpp.so
[3.586s] -- Set non-toolchain portion of runtime path of "/home/yjh/ROS2_manmade/ros2_ws/install/uav_interfaces/lib/libuav_interfaces__rosidl_typesupport_cpp.so" to ""
[3.586s] -- Up-to-date: /home/yjh/ROS2_manmade/ros2_ws/install/uav_interfaces/share/uav_interfaces/environment/pythonpath.sh
[3.586s] -- Up-to-date: /home/yjh/ROS2_manmade/ros2_ws/install/uav_interfaces/share/uav_interfaces/environment/pythonpath.dsv
[3.586s] -- Up-to-date: /home/yjh/ROS2_manmade/ros2_ws/install/uav_interfaces/lib/python3.12/site-packages/uav_interfaces-0.0.0-py3.12.egg-info
[3.586s] -- Installing: /home/yjh/ROS2_manmade/ros2_ws/install/uav_interfaces/lib/python3.12/site-packages/uav_interfaces-0.0.0-py3.12.egg-info/SOURCES.txt
[3.586s] -- Installing: /home/yjh/ROS2_manmade/ros2_ws/install/uav_interfaces/lib/python3.12/site-packages/uav_interfaces-0.0.0-py3.12.egg-info/top_level.txt
[3.587s] -- Installing: /home/yjh/ROS2_manmade/ros2_ws/install/uav_interfaces/lib/python3.12/site-packages/uav_interfaces-0.0.0-py3.12.egg-info/dependency_links.txt
[3.587s] -- Installing: /home/yjh/ROS2_manmade/ros2_ws/install/uav_interfaces/lib/python3.12/site-packages/uav_interfaces-0.0.0-py3.12.egg-info/PKG-INFO
[3.587s] -- Up-to-date: /home/yjh/ROS2_manmade/ros2_ws/install/uav_interfaces/lib/python3.12/site-packages/uav_interfaces
[3.587s] -- Installing: /home/yjh/ROS2_manmade/ros2_ws/install/uav_interfaces/lib/python3.12/site-packages/uav_interfaces/_uav_interfaces_s.ep.rosidl_typesupport_fastrtps_c.c
[3.587s] -- Installing: /home/yjh/ROS2_manmade/ros2_ws/install/uav_interfaces/lib/python3.12/site-packages/uav_interfaces/uav_interfaces_s__rosidl_typesupport_c.so
[3.587s] -- Up-to-date: /home/yjh/ROS2_manmade/ros2_ws/install/uav_interfaces/lib/python3.12/site-packages/uav_interfaces/srv
[3.587s] -- Installing: /home/yjh/ROS2_manmade/ros2_ws/install/uav_interfaces/lib/python3.12/site-packages/uav_interfaces/srv/_set_mode_s.c
[3.587s] -- Installing: /home/yjh/ROS2_manmade/ros2_ws/install/uav_interfaces/lib/python3.12/site-packages/uav_interfaces/srv/__init__.py
[3.587s] -- Installing: /home/yjh/ROS2_manmade/ros2_ws/install/uav_interfaces/lib/python3.12/site-packages/uav_interfaces/srv/_set_mode.py
[3.587s] -- Installing: /home/yjh/ROS2_manmade/ros2_ws/install/uav_interfaces/lib/python3.12/site-packages/uav_interfaces/__init__.py
[3.587s] -- Installing: /home/yjh/ROS2_manmade/ros2_ws/install/uav_interfaces/lib/python3.12/site-packages/uav_interfaces/_uav_interfaces_s.ep.rosidl_typesupport_c.c
[3.587s] -- Installing: /home/yjh/ROS2_manmade/ros2_ws/install/uav_interfaces/lib/python3.12/site-packages/uav_interfaces/uav_interfaces_s__rosidl_typesupport_fastrtps_c.so
[3.587s] -- Installing: /home/yjh/ROS2_manmade/ros2_ws/install/uav_interfaces/lib/python3.12/site-packages/uav_interfaces/uav_interfaces_s__rosidl_typesupport_introspection_c.so
[3.587s] -- Installing: /home/yjh/ROS2_manmade/ros2_ws/install/uav_interfaces/lib/python3.12/site-packages/uav_interfaces/action
[3.587s] -- Installing: /home/yjh/ROS2_manmade/ros2_ws/install/uav_interfaces/lib/python3.12/site-packages/uav_interfaces/action/_fly_to_altitude_s.c
[3.587s] -- Installing: /home/yjh/ROS2_manmade/ros2_ws/install/uav_interfaces/lib/python3.12/site-packages/uav_interfaces/action/__init__.py
[3.587s] -- Installing: /home/yjh/ROS2_manmade/ros2_ws/install/uav_interfaces/lib/python3.12/site-packages/uav_interfaces/action/_fly_to_altitude.py
[3.587s] -- Installing: /home/yjh/ROS2_manmade/ros2_ws/install/uav_interfaces/lib/python3.12/site-packages/uav_interfaces/_uav_interfaces_s.ep.rosidl_typesupport_introspection_c.c
[3.622s] Listing '/home/yjh/ROS2_manmade/ros2_ws/install/uav_interfaces/lib/python3.12/site-packages/uav_interfaces'...
[3.623s] Compiling '/home/yjh/ROS2_manmade/ros2_ws/install/uav_interfaces/lib/python3.12/site-packages/uav_interfaces/__init__.py'...
[3.623s] Listing '/home/yjh/ROS2_manmade/ros2_ws/install/uav_interfaces/lib/python3.12/site-packages/uav_interfaces/action'...
[3.623s] Compiling '/home/yjh/ROS2_manmade/ros2_ws/install/uav_interfaces/lib/python3.12/site-packages/uav_interfaces/action/__init__.py'...
[3.623s] Compiling '/home/yjh/ROS2_manmade/ros2_ws/install/uav_interfaces/lib/python3.12/site-packages/uav_interfaces/action/_fly_to_altitude.py'...
[3.623s] Listing '/home/yjh/ROS2_manmade/ros2_ws/install/uav_interfaces/lib/python3.12/site-packages/uav_interfaces/srv'...
[3.623s] Compiling '/home/yjh/ROS2_manmade/ros2_ws/install/uav_interfaces/lib/python3.12/site-packages/uav_interfaces/srv/__init__.py'...
[3.623s] Compiling '/home/yjh/ROS2_manmade/ros2_ws/install/uav_interfaces/lib/python3.12/site-packages/uav_interfaces/srv/_set_mode.py'...
[3.626s] -- Installing: /home/yjh/ROS2_manmade/ros2_ws/install/uav_interfaces/lib/python3.12/site-packages/uav_interfaces/uav_interfaces_s__rosidl_typesupport_fastrtps_c.so
[3.627s] -- Set non-toolchain portion of runtime path of "/home/yjh/ROS2_manmade/ros2_ws/install/uav_interfaces/lib/python3.12/site-packages/uav_interfaces/uav_interfaces_s__rosidl_typesupport_fastrtps_c.so" to ""
[3.627s] -- Installing: /home/yjh/ROS2_manmade/ros2_ws/install/uav_interfaces/lib/python3.12/site-packages/uav_interfaces/uav_interfaces_s__rosidl_typesupport_introspection_c.so
[3.627s] -- Set non-toolchain portion of runtime path of "/home/yjh/ROS2_manmade/ros2_ws/install/uav_interfaces/lib/python3.12/site-packages/uav_interfaces/uav_interfaces_s__rosidl_typesupport_introspection_c.so" to ""
[3.627s] -- Installing: /home/yjh/ROS2_manmade/ros2_ws/install/uav_interfaces/lib/python3.12/site-packages/uav_interfaces/uav_interfaces_s__rosidl_typesupport_c.so
[3.627s] -- Set non-toolchain portion of runtime path of "/home/yjh/ROS2_manmade/ros2_ws/install/uav_interfaces/lib/python3.12/site-packages/uav_interfaces/uav_interfaces_s__rosidl_typesupport_c.so" to ""
[3.627s] -- Installing: /home/yjh/ROS2_manmade/ros2_ws/install/uav_interfaces/lib/libuav_interfaces__rosidl_generator_py.so
[3.627s] -- Set non-toolchain portion of runtime path of "/home/yjh/ROS2_manmade/ros2_ws/install/uav_interfaces/lib/libuav_interfaces__rosidl_generator_py.so" to ""
[3.627s] -- Up-to-date: /home/yjh/ROS2_manmade/ros2_ws/install/uav_interfaces/share/uav_interfaces/rust
[3.627s] -- Installing: /home/yjh/ROS2_manmade/ros2_ws/install/uav_interfaces/share/uav_interfaces/rust/build.rs
[3.627s] -- Installing: /home/yjh/ROS2_manmade/ros2_ws/install/uav_interfaces/share/uav_interfaces/rust/Cargo.toml
[3.628s] -- Up-to-date: /home/yjh/ROS2_manmade/ros2_ws/install/uav_interfaces/share/uav_interfaces/rust/src
[3.628s] -- Installing: /home/yjh/ROS2_manmade/ros2_ws/install/uav_interfaces/share/uav_interfaces/rust/src/action.rs
[3.628s] -- Up-to-date: /home/yjh/ROS2_manmade/ros2_ws/install/uav_interfaces/share/uav_interfaces/rust/src/srv
[3.628s] -- Installing: /home/yjh/ROS2_manmade/ros2_ws/install/uav_interfaces/share/uav_interfaces/rust/src/srv/rmw.rs
[3.628s] -- Installing: /home/yjh/ROS2_manmade/ros2_ws/install/uav_interfaces/share/uav_interfaces/rust/src/srv.rs
[3.628s] -- Installing: /home/yjh/ROS2_manmade/ros2_ws/install/uav_interfaces/share/uav_interfaces/rust/src/lib.rs
[3.628s] -- Installing: /home/yjh/ROS2_manmade/ros2_ws/install/uav_interfaces/share/uav_interfaces/rust/src/action
[3.628s] -- Installing: /home/yjh/ROS2_manmade/ros2_ws/install/uav_interfaces/share/uav_interfaces/rust/src/action/rmw.rs
[3.629s] -- Up-to-date: /home/yjh/ROS2_manmade/ros2_ws/install/uav_interfaces/share/uav_interfaces/srv/SetMode.idl
[3.629s] -- Installing: /home/yjh/ROS2_manmade/ros2_ws/install/uav_interfaces/share/uav_interfaces/action/FlyToAltitude.idl
[3.629s] -- Up-to-date: /home/yjh/ROS2_manmade/ros2_ws/install/uav_interfaces/share/uav_interfaces/srv/SetMode.srv
[3.629s] -- Installing: /home/yjh/ROS2_manmade/ros2_ws/install/uav_interfaces/share/uav_interfaces/action/FlyToAltitude.action
[3.629s] -- Up-to-date: /home/yjh/ROS2_manmade/ros2_ws/install/uav_interfaces/share/ament_index/resource_index/package_run_dependencies/uav_interfaces
[3.629s] -- Installing: /home/yjh/ROS2_manmade/ros2_ws/install/uav_interfaces/share/ament_index/resource_index/parent_prefix_path/uav_interfaces
[3.629s] -- Up-to-date: /home/yjh/ROS2_manmade/ros2_ws/install/uav_interfaces/share/uav_interfaces/environment/ament_prefix_path.sh
[3.629s] -- Up-to-date: /home/yjh/ROS2_manmade/ros2_ws/install/uav_interfaces/share/uav_interfaces/environment/ament_prefix_path.dsv
[3.630s] -- Up-to-date: /home/yjh/ROS2_manmade/ros2_ws/install/uav_interfaces/share/uav_interfaces/environment/path.sh
[3.630s] -- Up-to-date: /home/yjh/ROS2_manmade/ros2_ws/install/uav_interfaces/share/uav_interfaces/environment/path.dsv
[3.630s] -- Up-to-date: /home/yjh/ROS2_manmade/ros2_ws/install/uav_interfaces/share/uav_interfaces/local_setup.bash
[3.630s] -- Up-to-date: /home/yjh/ROS2_manmade/ros2_ws/install/uav_interfaces/share/uav_interfaces/local_setup.sh
[3.630s] -- Up-to-date: /home/yjh/ROS2_manmade/ros2_ws/install/uav_interfaces/share/uav_interfaces/local_setup.zsh
[3.630s] -- Up-to-date: /home/yjh/ROS2_manmade/ros2_ws/install/uav_interfaces/share/uav_interfaces/local_setup.dsv
[3.630s] -- Installing: /home/yjh/ROS2_manmade/ros2_ws/install/uav_interfaces/share/uav_interfaces/package.dsv
[3.630s] -- Up-to-date: /home/yjh/ROS2_manmade/ros2_ws/install/uav_interfaces/share/ament_index/resource_index/packages/uav_interfaces
[3.630s] -- Old export file "/home/yjh/ROS2_manmade/ros2_ws/install/uav_interfaces/share/uav_interfaces/cmake/export_uav_interfaces__rosidl_generator_cExport.cmake" will be replaced.  Removing files [/home/yjh/ROS2_manmade/ros2_ws/install/uav_interfaces/share/uav_interfaces/cmake/export_uav_interfaces__rosidl_generator_cExport-noconfig.cmake].
[3.630s] -- Installing: /home/yjh/ROS2_manmade/ros2_ws/install/uav_interfaces/share/uav_interfaces/cmake/export_uav_interfaces__rosidl_generator_cExport.cmake
[3.630s] -- Installing: /home/yjh/ROS2_manmade/ros2_ws/install/uav_interfaces/share/uav_interfaces/cmake/export_uav_interfaces__rosidl_generator_cExport-noconfig.cmake
[3.631s] -- Old export file "/home/yjh/ROS2_manmade/ros2_ws/install/uav_interfaces/share/uav_interfaces/cmake/export_uav_interfaces__rosidl_typesupport_fastrtps_cExport.cmake" will be replaced.  Removing files [/home/yjh/ROS2_manmade/ros2_ws/install/uav_interfaces/share/uav_interfaces/cmake/export_uav_interfaces__rosidl_typesupport_fastrtps_cExport-noconfig.cmake].
[3.631s] -- Installing: /home/yjh/ROS2_manmade/ros2_ws/install/uav_interfaces/share/uav_interfaces/cmake/export_uav_interfaces__rosidl_typesupport_fastrtps_cExport.cmake
[3.631s] -- Installing: /home/yjh/ROS2_manmade/ros2_ws/install/uav_interfaces/share/uav_interfaces/cmake/export_uav_interfaces__rosidl_typesupport_fastrtps_cExport-noconfig.cmake
[3.631s] -- Old export file "/home/yjh/ROS2_manmade/ros2_ws/install/uav_interfaces/share/uav_interfaces/cmake/uav_interfaces__rosidl_typesupport_introspection_cExport.cmake" will be replaced.  Removing files [/home/yjh/ROS2_manmade/ros2_ws/install/uav_interfaces/share/uav_interfaces/cmake/uav_interfaces__rosidl_typesupport_introspection_cExport-noconfig.cmake].
[3.631s] -- Installing: /home/yjh/ROS2_manmade/ros2_ws/install/uav_interfaces/share/uav_interfaces/cmake/uav_interfaces__rosidl_typesupport_introspection_cExport.cmake
[3.631s] -- Installing: /home/yjh/ROS2_manmade/ros2_ws/install/uav_interfaces/share/uav_interfaces/cmake/uav_interfaces__rosidl_typesupport_introspection_cExport-noconfig.cmake
[3.631s] -- Old export file "/home/yjh/ROS2_manmade/ros2_ws/install/uav_interfaces/share/uav_interfaces/cmake/uav_interfaces__rosidl_typesupport_cExport.cmake" will be replaced.  Removing files [/home/yjh/ROS2_manmade/ros2_ws/install/uav_interfaces/share/uav_interfaces/cmake/uav_interfaces__rosidl_typesupport_cExport-noconfig.cmake].
[3.631s] -- Installing: /home/yjh/ROS2_manmade/ros2_ws/install/uav_interfaces/share/uav_interfaces/cmake/uav_interfaces__rosidl_typesupport_cExport.cmake
[3.631s] -- Installing: /home/yjh/ROS2_manmade/ros2_ws/install/uav_interfaces/share/uav_interfaces/cmake/uav_interfaces__rosidl_typesupport_cExport-noconfig.cmake
[3.631s] -- Installing: /home/yjh/ROS2_manmade/ros2_ws/install/uav_interfaces/share/uav_interfaces/cmake/export_uav_interfaces__rosidl_generator_cppExport.cmake
[3.632s] -- Old export file "/home/yjh/ROS2_manmade/ros2_ws/install/uav_interfaces/share/uav_interfaces/cmake/export_uav_interfaces__rosidl_typesupport_fastrtps_cppExport.cmake" will be replaced.  Removing files [/home/yjh/ROS2_manmade/ros2_ws/install/uav_interfaces/share/uav_interfaces/cmake/export_uav_interfaces__rosidl_typesupport_fastrtps_cppExport-noconfig.cmake].
[3.632s] -- Installing: /home/yjh/ROS2_manmade/ros2_ws/install/uav_interfaces/share/uav_interfaces/cmake/export_uav_interfaces__rosidl_typesupport_fastrtps_cppExport.cmake
[3.632s] -- Installing: /home/yjh/ROS2_manmade/ros2_ws/install/uav_interfaces/share/uav_interfaces/cmake/export_uav_interfaces__rosidl_typesupport_fastrtps_cppExport-noconfig.cmake
[3.632s] -- Old export file "/home/yjh/ROS2_manmade/ros2_ws/install/uav_interfaces/share/uav_interfaces/cmake/uav_interfaces__rosidl_typesupport_introspection_cppExport.cmake" will be replaced.  Removing files [/home/yjh/ROS2_manmade/ros2_ws/install/uav_interfaces/share/uav_interfaces/cmake/uav_interfaces__rosidl_typesupport_introspection_cppExport-noconfig.cmake].
[3.632s] -- Installing: /home/yjh/ROS2_manmade/ros2_ws/install/uav_interfaces/share/uav_interfaces/cmake/uav_interfaces__rosidl_typesupport_introspection_cppExport.cmake
[3.632s] -- Installing: /home/yjh/ROS2_manmade/ros2_ws/install/uav_interfaces/share/uav_interfaces/cmake/uav_interfaces__rosidl_typesupport_introspection_cppExport-noconfig.cmake
[3.632s] -- Old export file "/home/yjh/ROS2_manmade/ros2_ws/install/uav_interfaces/share/uav_interfaces/cmake/uav_interfaces__rosidl_typesupport_cppExport.cmake" will be replaced.  Removing files [/home/yjh/ROS2_manmade/ros2_ws/install/uav_interfaces/share/uav_interfaces/cmake/uav_interfaces__rosidl_typesupport_cppExport-noconfig.cmake].
[3.632s] -- Installing: /home/yjh/ROS2_manmade/ros2_ws/install/uav_interfaces/share/uav_interfaces/cmake/uav_interfaces__rosidl_typesupport_cppExport.cmake
[3.632s] -- Installing: /home/yjh/ROS2_manmade/ros2_ws/install/uav_interfaces/share/uav_interfaces/cmake/uav_interfaces__rosidl_typesupport_cppExport-noconfig.cmake
[3.633s] -- Up-to-date: /home/yjh/ROS2_manmade/ros2_ws/install/uav_interfaces/share/uav_interfaces/cmake/export_uav_interfaces__rosidl_generator_pyExport.cmake
[3.633s] -- Installing: /home/yjh/ROS2_manmade/ros2_ws/install/uav_interfaces/share/uav_interfaces/cmake/export_uav_interfaces__rosidl_generator_pyExport-noconfig.cmake
[3.634s] -- Installing: /home/yjh/ROS2_manmade/ros2_ws/install/uav_interfaces/share/uav_interfaces/cmake/rosidl_cmake-extras.cmake
[3.634s] -- Installing: /home/yjh/ROS2_manmade/ros2_ws/install/uav_interfaces/share/uav_interfaces/cmake/ament_cmake_export_dependencies-extras.cmake
[3.634s] -- Up-to-date: /home/yjh/ROS2_manmade/ros2_ws/install/uav_interfaces/share/uav_interfaces/cmake/ament_cmake_export_include_directories-extras.cmake
[3.634s] -- Up-to-date: /home/yjh/ROS2_manmade/ros2_ws/install/uav_interfaces/share/uav_interfaces/cmake/ament_cmake_export_libraries-extras.cmake
[3.634s] -- Up-to-date: /home/yjh/ROS2_manmade/ros2_ws/install/uav_interfaces/share/uav_interfaces/cmake/ament_cmake_export_targets-extras.cmake
[3.634s] -- Up-to-date: /home/yjh/ROS2_manmade/ros2_ws/install/uav_interfaces/share/uav_interfaces/cmake/rosidl_cmake_export_typesupport_targets-extras.cmake
[3.634s] -- Up-to-date: /home/yjh/ROS2_manmade/ros2_ws/install/uav_interfaces/share/uav_interfaces/cmake/rosidl_cmake_export_typesupport_libraries-extras.cmake
[3.634s] -- Up-to-date: /home/yjh/ROS2_manmade/ros2_ws/install/uav_interfaces/share/uav_interfaces/cmake/rosidl_cmake_aggregate_target-extras.cmake
[3.634s] -- Up-to-date: /home/yjh/ROS2_manmade/ros2_ws/install/uav_interfaces/share/uav_interfaces/cmake/uav_interfacesConfig.cmake
[3.635s] -- Up-to-date: /home/yjh/ROS2_manmade/ros2_ws/install/uav_interfaces/share/uav_interfaces/cmake/uav_interfacesConfig-version.cmake
[3.635s] -- Up-to-date: /home/yjh/ROS2_manmade/ros2_ws/install/uav_interfaces/share/uav_interfaces/package.xml
[3.635s] Invoked command in '/home/yjh/ROS2_manmade/ros2_ws/build/uav_interfaces' returned '0': CMAKE_PREFIX_PATH=${CMAKE_PREFIX_PATH}:/home/yjh/ROS2_manmade/ros2_ws/install/uav_learning:/opt/ros/jazzy /usr/bin/cmake --install /home/yjh/ROS2_manmade/ros2_ws/build/uav_interfaces
