[0.431s] Invoking command in '/home/yjh/ROS2_manmade/ros2_ws/src/uav_learning': PYTHONPATH=/home/yjh/ROS2_manmade/ros2_ws/build/uav_learning/prefix_override:/usr/lib/python3/dist-packages/colcon_core/task/python/colcon_distutils_commands:/home/yjh/ROS2_manmade/ros2_ws/install/uav_learning/lib/python3.12/site-packages:${PYTHONPATH} /usr/bin/python3 -W ignore:setup.py install is deprecated -W ignore:easy_install command is deprecated setup.py egg_info --egg-base ../../build/uav_learning build --build-base /home/yjh/ROS2_manmade/ros2_ws/build/uav_learning/build install --record /home/yjh/ROS2_manmade/ros2_ws/build/uav_learning/install.log --install-scripts $base/lib/uav_learning --single-version-externally-managed install_data
[0.586s] running egg_info
[0.597s] writing ../../build/uav_learning/uav_learning.egg-info/PKG-INFO
[0.597s] writing dependency_links to ../../build/uav_learning/uav_learning.egg-info/dependency_links.txt
[0.597s] writing entry points to ../../build/uav_learning/uav_learning.egg-info/entry_points.txt
[0.597s] writing requirements to ../../build/uav_learning/uav_learning.egg-info/requires.txt
[0.597s] writing top-level names to ../../build/uav_learning/uav_learning.egg-info/top_level.txt
[0.619s] reading manifest file '../../build/uav_learning/uav_learning.egg-info/SOURCES.txt'
[0.619s] adding license file 'LICENSE'
[0.619s] writing manifest file '../../build/uav_learning/uav_learning.egg-info/SOURCES.txt'
[0.619s] running build
[0.620s] running build_py
[0.620s] copying uav_learning/uav_state_publisher.py -> /home/yjh/ROS2_manmade/ros2_ws/build/uav_learning/build/lib/uav_learning
[0.620s] copying uav_learning/uav_state_monitor.py -> /home/yjh/ROS2_manmade/ros2_ws/build/uav_learning/build/lib/uav_learning
[0.620s] running install
[0.624s] running install_lib
[0.635s] copying /home/yjh/ROS2_manmade/ros2_ws/build/uav_learning/build/lib/uav_learning/uav_state_publisher.py -> /home/yjh/ROS2_manmade/ros2_ws/install/uav_learning/lib/python3.12/site-packages/uav_learning
[0.635s] copying /home/yjh/ROS2_manmade/ros2_ws/build/uav_learning/build/lib/uav_learning/uav_state_monitor.py -> /home/yjh/ROS2_manmade/ros2_ws/install/uav_learning/lib/python3.12/site-packages/uav_learning
[0.635s] byte-compiling /home/yjh/ROS2_manmade/ros2_ws/install/uav_learning/lib/python3.12/site-packages/uav_learning/uav_state_publisher.py to uav_state_publisher.cpython-312.pyc
[0.635s] byte-compiling /home/yjh/ROS2_manmade/ros2_ws/install/uav_learning/lib/python3.12/site-packages/uav_learning/uav_state_monitor.py to uav_state_monitor.cpython-312.pyc
[0.636s] running install_data
[0.636s] running install_egg_info
[0.646s] removing '/home/yjh/ROS2_manmade/ros2_ws/install/uav_learning/lib/python3.12/site-packages/uav_learning-0.0.0-py3.12.egg-info' (and everything under it)
[0.646s] Copying ../../build/uav_learning/uav_learning.egg-info to /home/yjh/ROS2_manmade/ros2_ws/install/uav_learning/lib/python3.12/site-packages/uav_learning-0.0.0-py3.12.egg-info
[0.647s] running install_scripts
[0.719s] Installing status_publisher script to /home/yjh/ROS2_manmade/ros2_ws/install/uav_learning/lib/uav_learning
[0.719s] Installing status_subscriber script to /home/yjh/ROS2_manmade/ros2_ws/install/uav_learning/lib/uav_learning
[0.719s] Installing uav_state_monitor script to /home/yjh/ROS2_manmade/ros2_ws/install/uav_learning/lib/uav_learning
[0.719s] Installing uav_state_publisher script to /home/yjh/ROS2_manmade/ros2_ws/install/uav_learning/lib/uav_learning
[0.719s] writing list of installed files to '/home/yjh/ROS2_manmade/ros2_ws/build/uav_learning/install.log'
[0.734s] Invoked command in '/home/yjh/ROS2_manmade/ros2_ws/src/uav_learning' returned '0': PYTHONPATH=/home/yjh/ROS2_manmade/ros2_ws/build/uav_learning/prefix_override:/usr/lib/python3/dist-packages/colcon_core/task/python/colcon_distutils_commands:/home/yjh/ROS2_manmade/ros2_ws/install/uav_learning/lib/python3.12/site-packages:${PYTHONPATH} /usr/bin/python3 -W ignore:setup.py install is deprecated -W ignore:easy_install command is deprecated setup.py egg_info --egg-base ../../build/uav_learning build --build-base /home/yjh/ROS2_manmade/ros2_ws/build/uav_learning/build install --record /home/yjh/ROS2_manmade/ros2_ws/build/uav_learning/install.log --install-scripts $base/lib/uav_learning --single-version-externally-managed install_data
