[0.011s] Invoking command in '/home/yjh/ROS2_manmade/ros2_ws/build/uav_interfaces': CMAKE_PREFIX_PATH=${CMAKE_PREFIX_PATH}:/home/yjh/ROS2_manmade/ros2_ws/install/uav_learning:/opt/ros/jazzy /usr/bin/cmake --build /home/yjh/ROS2_manmade/ros2_ws/build/uav_interfaces -- -j32 -l32
[0.074s] [  2%] Built target uav_interfaces__rosidl_generator_type_description
[0.075s] [  5%] Built target uav_interfaces__rs
[0.082s] [  5%] Built target ament_cmake_python_copy_uav_interfaces
[0.086s] [  8%] Built target uav_interfaces__cpp
[0.088s] [ 22%] Built target uav_interfaces__rosidl_generator_c
[0.103s] [ 31%] Built target uav_interfaces__rosidl_typesupport_c
[0.105s] [ 40%] Built target uav_interfaces__rosidl_typesupport_cpp
[0.105s] [ 48%] Built target uav_interfaces__rosidl_typesupport_introspection_cpp
[0.105s] [ 57%] Built target uav_interfaces__rosidl_typesupport_introspection_c
[0.106s] [ 65%] Built target uav_interfaces__rosidl_typesupport_fastrtps_c
[0.107s] [ 74%] Built target uav_interfaces__rosidl_typesupport_fastrtps_cpp
[0.122s] [ 74%] Built target uav_interfaces
[0.136s] [ 77%] Built target uav_interfaces__py
[0.151s] [ 82%] Built target uav_interfaces__rosidl_generator_py
[0.168s] [ 88%] Built target uav_interfaces_s__rosidl_typesupport_fastrtps_c
[0.168s] [ 94%] Built target uav_interfaces_s__rosidl_typesupport_introspection_c
[0.168s] [100%] Built target uav_interfaces_s__rosidl_typesupport_c
[0.228s] running egg_info
[0.241s] writing uav_interfaces.egg-info/PKG-INFO
[0.241s] writing dependency_links to uav_interfaces.egg-info/dependency_links.txt
[0.242s] writing top-level names to uav_interfaces.egg-info/top_level.txt
[0.275s] reading manifest file 'uav_interfaces.egg-info/SOURCES.txt'
[0.278s] writing manifest file 'uav_interfaces.egg-info/SOURCES.txt'
[0.296s] [100%] Built target ament_cmake_python_build_uav_interfaces_egg
[0.303s] Invoked command in '/home/yjh/ROS2_manmade/ros2_ws/build/uav_interfaces' returned '0': CMAKE_PREFIX_PATH=${CMAKE_PREFIX_PATH}:/home/yjh/ROS2_manmade/ros2_ws/install/uav_learning:/opt/ros/jazzy /usr/bin/cmake --build /home/yjh/ROS2_manmade/ros2_ws/build/uav_interfaces -- -j32 -l32
[0.311s] Invoking command in '/home/yjh/ROS2_manmade/ros2_ws/build/uav_interfaces': CMAKE_PREFIX_PATH=${CMAKE_PREFIX_PATH}:/home/yjh/ROS2_manmade/ros2_ws/install/uav_learning:/opt/ros/jazzy /usr/bin/cmake --install /home/yjh/ROS2_manmade/ros2_ws/build/uav_interfaces
[0.316s] -- Install configuration: ""
[0.317s] -- Up-to-date: /home/yjh/ROS2_manmade/ros2_ws/install/uav_interfaces/share/ament_index/resource_index/rosidl_interfaces/uav_interfaces
[0.317s] -- Up-to-date: /home/yjh/ROS2_manmade/ros2_ws/install/uav_interfaces/share/uav_interfaces/srv/SetMode.json
[0.317s] -- Up-to-date: /home/yjh/ROS2_manmade/ros2_ws/install/uav_interfaces/include/uav_interfaces/uav_interfaces
[0.317s] -- Up-to-date: /home/yjh/ROS2_manmade/ros2_ws/install/uav_interfaces/include/uav_interfaces/uav_interfaces/srv
[0.317s] -- Up-to-date: /home/yjh/ROS2_manmade/ros2_ws/install/uav_interfaces/include/uav_interfaces/uav_interfaces/srv/detail
[0.318s] -- Up-to-date: /home/yjh/ROS2_manmade/ros2_ws/install/uav_interfaces/include/uav_interfaces/uav_interfaces/srv/detail/set_mode__type_support.c
[0.318s] -- Up-to-date: /home/yjh/ROS2_manmade/ros2_ws/install/uav_interfaces/include/uav_interfaces/uav_interfaces/srv/detail/set_mode__functions.h
[0.318s] -- Up-to-date: /home/yjh/ROS2_manmade/ros2_ws/install/uav_interfaces/include/uav_interfaces/uav_interfaces/srv/detail/set_mode__struct.h
[0.318s] -- Up-to-date: /home/yjh/ROS2_manmade/ros2_ws/install/uav_interfaces/include/uav_interfaces/uav_interfaces/srv/detail/set_mode__functions.c
[0.318s] -- Up-to-date: /home/yjh/ROS2_manmade/ros2_ws/install/uav_interfaces/include/uav_interfaces/uav_interfaces/srv/detail/set_mode__description.c
[0.318s] -- Up-to-date: /home/yjh/ROS2_manmade/ros2_ws/install/uav_interfaces/include/uav_interfaces/uav_interfaces/srv/detail/set_mode__type_support.h
[0.318s] -- Up-to-date: /home/yjh/ROS2_manmade/ros2_ws/install/uav_interfaces/include/uav_interfaces/uav_interfaces/srv/set_mode.h
[0.318s] -- Up-to-date: /home/yjh/ROS2_manmade/ros2_ws/install/uav_interfaces/include/uav_interfaces/uav_interfaces/msg
[0.318s] -- Up-to-date: /home/yjh/ROS2_manmade/ros2_ws/install/uav_interfaces/include/uav_interfaces/uav_interfaces/msg/rosidl_generator_c__visibility_control.h
[0.318s] -- Up-to-date: /home/yjh/ROS2_manmade/ros2_ws/install/uav_interfaces/share/uav_interfaces/environment/library_path.sh
[0.319s] -- Up-to-date: /home/yjh/ROS2_manmade/ros2_ws/install/uav_interfaces/share/uav_interfaces/environment/library_path.dsv
[0.319s] -- Up-to-date: /home/yjh/ROS2_manmade/ros2_ws/install/uav_interfaces/lib/libuav_interfaces__rosidl_generator_c.so
[0.319s] -- Up-to-date: /home/yjh/ROS2_manmade/ros2_ws/install/uav_interfaces/include/uav_interfaces/uav_interfaces
[0.319s] -- Up-to-date: /home/yjh/ROS2_manmade/ros2_ws/install/uav_interfaces/include/uav_interfaces/uav_interfaces/srv
[0.320s] -- Up-to-date: /home/yjh/ROS2_manmade/ros2_ws/install/uav_interfaces/include/uav_interfaces/uav_interfaces/srv/detail
[0.320s] -- Up-to-date: /home/yjh/ROS2_manmade/ros2_ws/install/uav_interfaces/include/uav_interfaces/uav_interfaces/srv/detail/set_mode__rosidl_typesupport_fastrtps_c.h
[0.320s] -- Up-to-date: /home/yjh/ROS2_manmade/ros2_ws/install/uav_interfaces/include/uav_interfaces/uav_interfaces/msg
[0.320s] -- Up-to-date: /home/yjh/ROS2_manmade/ros2_ws/install/uav_interfaces/include/uav_interfaces/uav_interfaces/msg/rosidl_typesupport_fastrtps_c__visibility_control.h
[0.321s] -- Up-to-date: /home/yjh/ROS2_manmade/ros2_ws/install/uav_interfaces/lib/libuav_interfaces__rosidl_typesupport_fastrtps_c.so
[0.321s] -- Up-to-date: /home/yjh/ROS2_manmade/ros2_ws/install/uav_interfaces/include/uav_interfaces/uav_interfaces
[0.321s] -- Up-to-date: /home/yjh/ROS2_manmade/ros2_ws/install/uav_interfaces/include/uav_interfaces/uav_interfaces/srv
[0.321s] -- Up-to-date: /home/yjh/ROS2_manmade/ros2_ws/install/uav_interfaces/include/uav_interfaces/uav_interfaces/srv/detail
[0.321s] -- Up-to-date: /home/yjh/ROS2_manmade/ros2_ws/install/uav_interfaces/include/uav_interfaces/uav_interfaces/srv/detail/set_mode__type_support.c
[0.322s] -- Up-to-date: /home/yjh/ROS2_manmade/ros2_ws/install/uav_interfaces/include/uav_interfaces/uav_interfaces/srv/detail/set_mode__rosidl_typesupport_introspection_c.h
[0.322s] -- Up-to-date: /home/yjh/ROS2_manmade/ros2_ws/install/uav_interfaces/include/uav_interfaces/uav_interfaces/msg
[0.322s] -- Up-to-date: /home/yjh/ROS2_manmade/ros2_ws/install/uav_interfaces/include/uav_interfaces/uav_interfaces/msg/rosidl_typesupport_introspection_c__visibility_control.h
[0.322s] -- Up-to-date: /home/yjh/ROS2_manmade/ros2_ws/install/uav_interfaces/lib/libuav_interfaces__rosidl_typesupport_introspection_c.so
[0.323s] -- Up-to-date: /home/yjh/ROS2_manmade/ros2_ws/install/uav_interfaces/lib/libuav_interfaces__rosidl_typesupport_c.so
[0.323s] -- Up-to-date: /home/yjh/ROS2_manmade/ros2_ws/install/uav_interfaces/include/uav_interfaces/uav_interfaces
[0.323s] -- Up-to-date: /home/yjh/ROS2_manmade/ros2_ws/install/uav_interfaces/include/uav_interfaces/uav_interfaces/srv
[0.323s] -- Up-to-date: /home/yjh/ROS2_manmade/ros2_ws/install/uav_interfaces/include/uav_interfaces/uav_interfaces/srv/detail
[0.324s] -- Up-to-date: /home/yjh/ROS2_manmade/ros2_ws/install/uav_interfaces/include/uav_interfaces/uav_interfaces/srv/detail/set_mode__traits.hpp
[0.324s] -- Up-to-date: /home/yjh/ROS2_manmade/ros2_ws/install/uav_interfaces/include/uav_interfaces/uav_interfaces/srv/detail/set_mode__type_support.hpp
[0.324s] -- Up-to-date: /home/yjh/ROS2_manmade/ros2_ws/install/uav_interfaces/include/uav_interfaces/uav_interfaces/srv/detail/set_mode__builder.hpp
[0.324s] -- Up-to-date: /home/yjh/ROS2_manmade/ros2_ws/install/uav_interfaces/include/uav_interfaces/uav_interfaces/srv/detail/set_mode__struct.hpp
[0.324s] -- Up-to-date: /home/yjh/ROS2_manmade/ros2_ws/install/uav_interfaces/include/uav_interfaces/uav_interfaces/srv/set_mode.hpp
[0.324s] -- Up-to-date: /home/yjh/ROS2_manmade/ros2_ws/install/uav_interfaces/include/uav_interfaces/uav_interfaces/msg
[0.324s] -- Up-to-date: /home/yjh/ROS2_manmade/ros2_ws/install/uav_interfaces/include/uav_interfaces/uav_interfaces/msg/rosidl_generator_cpp__visibility_control.hpp
[0.324s] -- Up-to-date: /home/yjh/ROS2_manmade/ros2_ws/install/uav_interfaces/include/uav_interfaces/uav_interfaces
[0.324s] -- Up-to-date: /home/yjh/ROS2_manmade/ros2_ws/install/uav_interfaces/include/uav_interfaces/uav_interfaces/srv
[0.324s] -- Up-to-date: /home/yjh/ROS2_manmade/ros2_ws/install/uav_interfaces/include/uav_interfaces/uav_interfaces/srv/detail
[0.325s] -- Up-to-date: /home/yjh/ROS2_manmade/ros2_ws/install/uav_interfaces/include/uav_interfaces/uav_interfaces/srv/detail/dds_fastrtps
[0.325s] -- Up-to-date: /home/yjh/ROS2_manmade/ros2_ws/install/uav_interfaces/include/uav_interfaces/uav_interfaces/srv/detail/set_mode__rosidl_typesupport_fastrtps_cpp.hpp
[0.325s] -- Up-to-date: /home/yjh/ROS2_manmade/ros2_ws/install/uav_interfaces/include/uav_interfaces/uav_interfaces/msg
[0.325s] -- Up-to-date: /home/yjh/ROS2_manmade/ros2_ws/install/uav_interfaces/include/uav_interfaces/uav_interfaces/msg/rosidl_typesupport_fastrtps_cpp__visibility_control.h
[0.326s] -- Up-to-date: /home/yjh/ROS2_manmade/ros2_ws/install/uav_interfaces/lib/libuav_interfaces__rosidl_typesupport_fastrtps_cpp.so
[0.326s] -- Up-to-date: /home/yjh/ROS2_manmade/ros2_ws/install/uav_interfaces/include/uav_interfaces/uav_interfaces
[0.326s] -- Up-to-date: /home/yjh/ROS2_manmade/ros2_ws/install/uav_interfaces/include/uav_interfaces/uav_interfaces/srv
[0.327s] -- Up-to-date: /home/yjh/ROS2_manmade/ros2_ws/install/uav_interfaces/include/uav_interfaces/uav_interfaces/srv/detail
[0.327s] -- Up-to-date: /home/yjh/ROS2_manmade/ros2_ws/install/uav_interfaces/include/uav_interfaces/uav_interfaces/srv/detail/set_mode__type_support.cpp
[0.327s] -- Up-to-date: /home/yjh/ROS2_manmade/ros2_ws/install/uav_interfaces/include/uav_interfaces/uav_interfaces/srv/detail/set_mode__rosidl_typesupport_introspection_cpp.hpp
[0.328s] -- Up-to-date: /home/yjh/ROS2_manmade/ros2_ws/install/uav_interfaces/lib/libuav_interfaces__rosidl_typesupport_introspection_cpp.so
[0.328s] -- Up-to-date: /home/yjh/ROS2_manmade/ros2_ws/install/uav_interfaces/lib/libuav_interfaces__rosidl_typesupport_cpp.so
[0.328s] -- Up-to-date: /home/yjh/ROS2_manmade/ros2_ws/install/uav_interfaces/share/uav_interfaces/environment/pythonpath.sh
[0.329s] -- Up-to-date: /home/yjh/ROS2_manmade/ros2_ws/install/uav_interfaces/share/uav_interfaces/environment/pythonpath.dsv
[0.329s] -- Up-to-date: /home/yjh/ROS2_manmade/ros2_ws/install/uav_interfaces/lib/python3.12/site-packages/uav_interfaces-0.0.0-py3.12.egg-info
[0.329s] -- Installing: /home/yjh/ROS2_manmade/ros2_ws/install/uav_interfaces/lib/python3.12/site-packages/uav_interfaces-0.0.0-py3.12.egg-info/SOURCES.txt
[0.329s] -- Installing: /home/yjh/ROS2_manmade/ros2_ws/install/uav_interfaces/lib/python3.12/site-packages/uav_interfaces-0.0.0-py3.12.egg-info/top_level.txt
[0.329s] -- Installing: /home/yjh/ROS2_manmade/ros2_ws/install/uav_interfaces/lib/python3.12/site-packages/uav_interfaces-0.0.0-py3.12.egg-info/dependency_links.txt
[0.329s] -- Installing: /home/yjh/ROS2_manmade/ros2_ws/install/uav_interfaces/lib/python3.12/site-packages/uav_interfaces-0.0.0-py3.12.egg-info/PKG-INFO
[0.329s] -- Up-to-date: /home/yjh/ROS2_manmade/ros2_ws/install/uav_interfaces/lib/python3.12/site-packages/uav_interfaces
[0.329s] -- Up-to-date: /home/yjh/ROS2_manmade/ros2_ws/install/uav_interfaces/lib/python3.12/site-packages/uav_interfaces/_uav_interfaces_s.ep.rosidl_typesupport_fastrtps_c.c
[0.329s] -- Up-to-date: /home/yjh/ROS2_manmade/ros2_ws/install/uav_interfaces/lib/python3.12/site-packages/uav_interfaces/uav_interfaces_s__rosidl_typesupport_c.so
[0.329s] -- Up-to-date: /home/yjh/ROS2_manmade/ros2_ws/install/uav_interfaces/lib/python3.12/site-packages/uav_interfaces/srv
[0.330s] -- Up-to-date: /home/yjh/ROS2_manmade/ros2_ws/install/uav_interfaces/lib/python3.12/site-packages/uav_interfaces/srv/_set_mode_s.c
[0.330s] -- Up-to-date: /home/yjh/ROS2_manmade/ros2_ws/install/uav_interfaces/lib/python3.12/site-packages/uav_interfaces/srv/__init__.py
[0.330s] -- Up-to-date: /home/yjh/ROS2_manmade/ros2_ws/install/uav_interfaces/lib/python3.12/site-packages/uav_interfaces/srv/_set_mode.py
[0.330s] -- Up-to-date: /home/yjh/ROS2_manmade/ros2_ws/install/uav_interfaces/lib/python3.12/site-packages/uav_interfaces/__init__.py
[0.330s] -- Up-to-date: /home/yjh/ROS2_manmade/ros2_ws/install/uav_interfaces/lib/python3.12/site-packages/uav_interfaces/_uav_interfaces_s.ep.rosidl_typesupport_c.c
[0.330s] -- Up-to-date: /home/yjh/ROS2_manmade/ros2_ws/install/uav_interfaces/lib/python3.12/site-packages/uav_interfaces/uav_interfaces_s__rosidl_typesupport_fastrtps_c.so
[0.330s] -- Up-to-date: /home/yjh/ROS2_manmade/ros2_ws/install/uav_interfaces/lib/python3.12/site-packages/uav_interfaces/uav_interfaces_s__rosidl_typesupport_introspection_c.so
[0.330s] -- Up-to-date: /home/yjh/ROS2_manmade/ros2_ws/install/uav_interfaces/lib/python3.12/site-packages/uav_interfaces/_uav_interfaces_s.ep.rosidl_typesupport_introspection_c.c
[0.353s] Listing '/home/yjh/ROS2_manmade/ros2_ws/install/uav_interfaces/lib/python3.12/site-packages/uav_interfaces'...
[0.353s] Listing '/home/yjh/ROS2_manmade/ros2_ws/install/uav_interfaces/lib/python3.12/site-packages/uav_interfaces/srv'...
[0.357s] -- Up-to-date: /home/yjh/ROS2_manmade/ros2_ws/install/uav_interfaces/lib/python3.12/site-packages/uav_interfaces/uav_interfaces_s__rosidl_typesupport_fastrtps_c.so
[0.358s] -- Up-to-date: /home/yjh/ROS2_manmade/ros2_ws/install/uav_interfaces/lib/python3.12/site-packages/uav_interfaces/uav_interfaces_s__rosidl_typesupport_introspection_c.so
[0.359s] -- Up-to-date: /home/yjh/ROS2_manmade/ros2_ws/install/uav_interfaces/lib/python3.12/site-packages/uav_interfaces/uav_interfaces_s__rosidl_typesupport_c.so
[0.360s] -- Up-to-date: /home/yjh/ROS2_manmade/ros2_ws/install/uav_interfaces/lib/libuav_interfaces__rosidl_generator_py.so
[0.360s] -- Up-to-date: /home/yjh/ROS2_manmade/ros2_ws/install/uav_interfaces/share/uav_interfaces/rust
[0.360s] -- Up-to-date: /home/yjh/ROS2_manmade/ros2_ws/install/uav_interfaces/share/uav_interfaces/rust/build.rs
[0.360s] -- Up-to-date: /home/yjh/ROS2_manmade/ros2_ws/install/uav_interfaces/share/uav_interfaces/rust/Cargo.toml
[0.360s] -- Up-to-date: /home/yjh/ROS2_manmade/ros2_ws/install/uav_interfaces/share/uav_interfaces/rust/src
[0.360s] -- Up-to-date: /home/yjh/ROS2_manmade/ros2_ws/install/uav_interfaces/share/uav_interfaces/rust/src/srv
[0.360s] -- Up-to-date: /home/yjh/ROS2_manmade/ros2_ws/install/uav_interfaces/share/uav_interfaces/rust/src/srv/rmw.rs
[0.360s] -- Up-to-date: /home/yjh/ROS2_manmade/ros2_ws/install/uav_interfaces/share/uav_interfaces/rust/src/srv.rs
[0.360s] -- Up-to-date: /home/yjh/ROS2_manmade/ros2_ws/install/uav_interfaces/share/uav_interfaces/rust/src/lib.rs
[0.360s] -- Up-to-date: /home/yjh/ROS2_manmade/ros2_ws/install/uav_interfaces/share/uav_interfaces/srv/SetMode.idl
[0.361s] -- Up-to-date: /home/yjh/ROS2_manmade/ros2_ws/install/uav_interfaces/share/uav_interfaces/srv/SetMode.srv
[0.361s] -- Up-to-date: /home/yjh/ROS2_manmade/ros2_ws/install/uav_interfaces/share/ament_index/resource_index/package_run_dependencies/uav_interfaces
[0.361s] -- Up-to-date: /home/yjh/ROS2_manmade/ros2_ws/install/uav_interfaces/share/ament_index/resource_index/parent_prefix_path/uav_interfaces
[0.361s] -- Up-to-date: /home/yjh/ROS2_manmade/ros2_ws/install/uav_interfaces/share/uav_interfaces/environment/ament_prefix_path.sh
[0.361s] -- Up-to-date: /home/yjh/ROS2_manmade/ros2_ws/install/uav_interfaces/share/uav_interfaces/environment/ament_prefix_path.dsv
[0.361s] -- Up-to-date: /home/yjh/ROS2_manmade/ros2_ws/install/uav_interfaces/share/uav_interfaces/environment/path.sh
[0.361s] -- Up-to-date: /home/yjh/ROS2_manmade/ros2_ws/install/uav_interfaces/share/uav_interfaces/environment/path.dsv
[0.361s] -- Up-to-date: /home/yjh/ROS2_manmade/ros2_ws/install/uav_interfaces/share/uav_interfaces/local_setup.bash
[0.361s] -- Up-to-date: /home/yjh/ROS2_manmade/ros2_ws/install/uav_interfaces/share/uav_interfaces/local_setup.sh
[0.361s] -- Up-to-date: /home/yjh/ROS2_manmade/ros2_ws/install/uav_interfaces/share/uav_interfaces/local_setup.zsh
[0.361s] -- Up-to-date: /home/yjh/ROS2_manmade/ros2_ws/install/uav_interfaces/share/uav_interfaces/local_setup.dsv
[0.361s] -- Installing: /home/yjh/ROS2_manmade/ros2_ws/install/uav_interfaces/share/uav_interfaces/package.dsv
[0.361s] -- Up-to-date: /home/yjh/ROS2_manmade/ros2_ws/install/uav_interfaces/share/ament_index/resource_index/packages/uav_interfaces
[0.362s] -- Up-to-date: /home/yjh/ROS2_manmade/ros2_ws/install/uav_interfaces/share/uav_interfaces/cmake/export_uav_interfaces__rosidl_generator_cExport.cmake
[0.362s] -- Up-to-date: /home/yjh/ROS2_manmade/ros2_ws/install/uav_interfaces/share/uav_interfaces/cmake/export_uav_interfaces__rosidl_generator_cExport-noconfig.cmake
[0.362s] -- Up-to-date: /home/yjh/ROS2_manmade/ros2_ws/install/uav_interfaces/share/uav_interfaces/cmake/export_uav_interfaces__rosidl_typesupport_fastrtps_cExport.cmake
[0.362s] -- Up-to-date: /home/yjh/ROS2_manmade/ros2_ws/install/uav_interfaces/share/uav_interfaces/cmake/export_uav_interfaces__rosidl_typesupport_fastrtps_cExport-noconfig.cmake
[0.363s] -- Up-to-date: /home/yjh/ROS2_manmade/ros2_ws/install/uav_interfaces/share/uav_interfaces/cmake/uav_interfaces__rosidl_typesupport_introspection_cExport.cmake
[0.363s] -- Up-to-date: /home/yjh/ROS2_manmade/ros2_ws/install/uav_interfaces/share/uav_interfaces/cmake/uav_interfaces__rosidl_typesupport_introspection_cExport-noconfig.cmake
[0.363s] -- Up-to-date: /home/yjh/ROS2_manmade/ros2_ws/install/uav_interfaces/share/uav_interfaces/cmake/uav_interfaces__rosidl_typesupport_cExport.cmake
[0.363s] -- Up-to-date: /home/yjh/ROS2_manmade/ros2_ws/install/uav_interfaces/share/uav_interfaces/cmake/uav_interfaces__rosidl_typesupport_cExport-noconfig.cmake
[0.364s] -- Up-to-date: /home/yjh/ROS2_manmade/ros2_ws/install/uav_interfaces/share/uav_interfaces/cmake/export_uav_interfaces__rosidl_generator_cppExport.cmake
[0.364s] -- Up-to-date: /home/yjh/ROS2_manmade/ros2_ws/install/uav_interfaces/share/uav_interfaces/cmake/export_uav_interfaces__rosidl_typesupport_fastrtps_cppExport.cmake
[0.364s] -- Up-to-date: /home/yjh/ROS2_manmade/ros2_ws/install/uav_interfaces/share/uav_interfaces/cmake/export_uav_interfaces__rosidl_typesupport_fastrtps_cppExport-noconfig.cmake
[0.364s] -- Up-to-date: /home/yjh/ROS2_manmade/ros2_ws/install/uav_interfaces/share/uav_interfaces/cmake/uav_interfaces__rosidl_typesupport_introspection_cppExport.cmake
[0.365s] -- Up-to-date: /home/yjh/ROS2_manmade/ros2_ws/install/uav_interfaces/share/uav_interfaces/cmake/uav_interfaces__rosidl_typesupport_introspection_cppExport-noconfig.cmake
[0.365s] -- Up-to-date: /home/yjh/ROS2_manmade/ros2_ws/install/uav_interfaces/share/uav_interfaces/cmake/uav_interfaces__rosidl_typesupport_cppExport.cmake
[0.365s] -- Up-to-date: /home/yjh/ROS2_manmade/ros2_ws/install/uav_interfaces/share/uav_interfaces/cmake/uav_interfaces__rosidl_typesupport_cppExport-noconfig.cmake
[0.365s] -- Up-to-date: /home/yjh/ROS2_manmade/ros2_ws/install/uav_interfaces/share/uav_interfaces/cmake/export_uav_interfaces__rosidl_generator_pyExport.cmake
[0.365s] -- Up-to-date: /home/yjh/ROS2_manmade/ros2_ws/install/uav_interfaces/share/uav_interfaces/cmake/export_uav_interfaces__rosidl_generator_pyExport-noconfig.cmake
[0.366s] -- Up-to-date: /home/yjh/ROS2_manmade/ros2_ws/install/uav_interfaces/share/uav_interfaces/cmake/rosidl_cmake-extras.cmake
[0.366s] -- Up-to-date: /home/yjh/ROS2_manmade/ros2_ws/install/uav_interfaces/share/uav_interfaces/cmake/ament_cmake_export_dependencies-extras.cmake
[0.366s] -- Up-to-date: /home/yjh/ROS2_manmade/ros2_ws/install/uav_interfaces/share/uav_interfaces/cmake/ament_cmake_export_include_directories-extras.cmake
[0.366s] -- Up-to-date: /home/yjh/ROS2_manmade/ros2_ws/install/uav_interfaces/share/uav_interfaces/cmake/ament_cmake_export_libraries-extras.cmake
[0.366s] -- Up-to-date: /home/yjh/ROS2_manmade/ros2_ws/install/uav_interfaces/share/uav_interfaces/cmake/ament_cmake_export_targets-extras.cmake
[0.366s] -- Up-to-date: /home/yjh/ROS2_manmade/ros2_ws/install/uav_interfaces/share/uav_interfaces/cmake/rosidl_cmake_export_typesupport_targets-extras.cmake
[0.366s] -- Up-to-date: /home/yjh/ROS2_manmade/ros2_ws/install/uav_interfaces/share/uav_interfaces/cmake/rosidl_cmake_export_typesupport_libraries-extras.cmake
[0.366s] -- Up-to-date: /home/yjh/ROS2_manmade/ros2_ws/install/uav_interfaces/share/uav_interfaces/cmake/rosidl_cmake_aggregate_target-extras.cmake
[0.366s] -- Up-to-date: /home/yjh/ROS2_manmade/ros2_ws/install/uav_interfaces/share/uav_interfaces/cmake/uav_interfacesConfig.cmake
[0.366s] -- Up-to-date: /home/yjh/ROS2_manmade/ros2_ws/install/uav_interfaces/share/uav_interfaces/cmake/uav_interfacesConfig-version.cmake
[0.366s] -- Up-to-date: /home/yjh/ROS2_manmade/ros2_ws/install/uav_interfaces/share/uav_interfaces/package.xml
[0.367s] Invoked command in '/home/yjh/ROS2_manmade/ros2_ws/build/uav_interfaces' returned '0': CMAKE_PREFIX_PATH=${CMAKE_PREFIX_PATH}:/home/yjh/ROS2_manmade/ros2_ws/install/uav_learning:/opt/ros/jazzy /usr/bin/cmake --install /home/yjh/ROS2_manmade/ros2_ws/build/uav_interfaces
