[0.923s] Invoking command in '/home/yjh/ROS2_manmade/ros2_ws/src/uav_learning': PYTHONPATH=/home/yjh/ROS2_manmade/ros2_ws/build/uav_learning/prefix_override:/usr/lib/python3/dist-packages/colcon_core/task/python/colcon_distutils_commands:/home/yjh/ROS2_manmade/ros2_ws/install/uav_learning/lib/python3.12/site-packages:${PYTHONPATH} /usr/bin/python3 -W ignore:setup.py install is deprecated -W ignore:easy_install command is deprecated setup.py egg_info --egg-base ../../build/uav_learning build --build-base /home/yjh/ROS2_manmade/ros2_ws/build/uav_learning/build install --record /home/yjh/ROS2_manmade/ros2_ws/build/uav_learning/install.log --install-scripts $base/lib/uav_learning --single-version-externally-managed install_data
[1.078s] running egg_info
[1.087s] writing ../../build/uav_learning/uav_learning.egg-info/PKG-INFO
[1.087s] writing dependency_links to ../../build/uav_learning/uav_learning.egg-info/dependency_links.txt
[1.088s] writing entry points to ../../build/uav_learning/uav_learning.egg-info/entry_points.txt
[1.088s] writing requirements to ../../build/uav_learning/uav_learning.egg-info/requires.txt
[1.088s] writing top-level names to ../../build/uav_learning/uav_learning.egg-info/top_level.txt
[1.110s] reading manifest file '../../build/uav_learning/uav_learning.egg-info/SOURCES.txt'
[1.111s] adding license file 'LICENSE'
[1.111s] writing manifest file '../../build/uav_learning/uav_learning.egg-info/SOURCES.txt'
[1.111s] running build
[1.111s] running build_py
[1.112s] copying uav_learning/uav_mode_server.py -> /home/yjh/ROS2_manmade/ros2_ws/build/uav_learning/build/lib/uav_learning
[1.112s] running install
[1.116s] running install_lib
[1.128s] copying /home/yjh/ROS2_manmade/ros2_ws/build/uav_learning/build/lib/uav_learning/uav_mode_server.py -> /home/yjh/ROS2_manmade/ros2_ws/install/uav_learning/lib/python3.12/site-packages/uav_learning
[1.128s] byte-compiling /home/yjh/ROS2_manmade/ros2_ws/install/uav_learning/lib/python3.12/site-packages/uav_learning/uav_mode_server.py to uav_mode_server.cpython-312.pyc
[1.129s] running install_data
[1.129s] copying package.xml -> /home/yjh/ROS2_manmade/ros2_ws/install/uav_learning/share/uav_learning
[1.129s] running install_egg_info
[1.141s] removing '/home/yjh/ROS2_manmade/ros2_ws/install/uav_learning/lib/python3.12/site-packages/uav_learning-0.0.0-py3.12.egg-info' (and everything under it)
[1.142s] Copying ../../build/uav_learning/uav_learning.egg-info to /home/yjh/ROS2_manmade/ros2_ws/install/uav_learning/lib/python3.12/site-packages/uav_learning-0.0.0-py3.12.egg-info
[1.142s] running install_scripts
[1.212s] Installing status_publisher script to /home/yjh/ROS2_manmade/ros2_ws/install/uav_learning/lib/uav_learning
[1.212s] Installing status_subscriber script to /home/yjh/ROS2_manmade/ros2_ws/install/uav_learning/lib/uav_learning
[1.212s] Installing uav_mode_server script to /home/yjh/ROS2_manmade/ros2_ws/install/uav_learning/lib/uav_learning
[1.214s] Installing uav_state_monitor script to /home/yjh/ROS2_manmade/ros2_ws/install/uav_learning/lib/uav_learning
[1.214s] Installing uav_state_publisher script to /home/yjh/ROS2_manmade/ros2_ws/install/uav_learning/lib/uav_learning
[1.214s] writing list of installed files to '/home/yjh/ROS2_manmade/ros2_ws/build/uav_learning/install.log'
[1.229s] Invoked command in '/home/yjh/ROS2_manmade/ros2_ws/src/uav_learning' returned '0': PYTHONPATH=/home/yjh/ROS2_manmade/ros2_ws/build/uav_learning/prefix_override:/usr/lib/python3/dist-packages/colcon_core/task/python/colcon_distutils_commands:/home/yjh/ROS2_manmade/ros2_ws/install/uav_learning/lib/python3.12/site-packages:${PYTHONPATH} /usr/bin/python3 -W ignore:setup.py install is deprecated -W ignore:easy_install command is deprecated setup.py egg_info --egg-base ../../build/uav_learning build --build-base /home/yjh/ROS2_manmade/ros2_ws/build/uav_learning/build install --record /home/yjh/ROS2_manmade/ros2_ws/build/uav_learning/install.log --install-scripts $base/lib/uav_learning --single-version-externally-managed install_data
