[0.006s] Invoking command in '/home/yjh/ROS2_manmade/ros2_ws/build/uav_interfaces': CMAKE_PREFIX_PATH=${CMAKE_PREFIX_PATH}:/home/yjh/ROS2_manmade/ros2_ws/install/uav_learning:/opt/ros/jazzy /usr/bin/cmake --build /home/yjh/ROS2_manmade/ros2_ws/build/uav_interfaces -- -j32 -l32
[0.033s] [  2%] Built target uav_interfaces__rosidl_generator_type_description
[0.033s] [  5%] Built target uav_interfaces__rs
[0.037s] [  5%] Built target ament_cmake_python_copy_uav_interfaces
[0.043s] [  8%] Built target uav_interfaces__cpp
[0.044s] [ 22%] Built target uav_interfaces__rosidl_generator_c
[0.056s] [ 31%] Built target uav_interfaces__rosidl_typesupport_c
[0.057s] [ 40%] Built target uav_interfaces__rosidl_typesupport_cpp
[0.057s] [ 48%] Built target uav_interfaces__rosidl_typesupport_introspection_cpp
[0.057s] [ 57%] Built target uav_interfaces__rosidl_typesupport_fastrtps_c
[0.058s] [ 65%] Built target uav_interfaces__rosidl_typesupport_fastrtps_cpp
[0.059s] [ 74%] Built target uav_interfaces__rosidl_typesupport_introspection_c
[0.068s] [ 74%] Built target uav_interfaces
[0.079s] [ 77%] Built target uav_interfaces__py
[0.090s] [ 82%] Built target uav_interfaces__rosidl_generator_py
[0.102s] [100%] Built target uav_interfaces_s__rosidl_typesupport_c
[0.102s] [100%] Built target uav_interfaces_s__rosidl_typesupport_fastrtps_c
[0.102s] [100%] Built target uav_interfaces_s__rosidl_typesupport_introspection_c
[0.156s] running egg_info
[0.167s] writing uav_interfaces.egg-info/PKG-INFO
[0.167s] writing dependency_links to uav_interfaces.egg-info/dependency_links.txt
[0.168s] writing top-level names to uav_interfaces.egg-info/top_level.txt
[0.197s] reading manifest file 'uav_interfaces.egg-info/SOURCES.txt'
[0.197s] writing manifest file 'uav_interfaces.egg-info/SOURCES.txt'
[0.214s] [100%] Built target ament_cmake_python_build_uav_interfaces_egg
[0.220s] Invoked command in '/home/yjh/ROS2_manmade/ros2_ws/build/uav_interfaces' returned '0': CMAKE_PREFIX_PATH=${CMAKE_PREFIX_PATH}:/home/yjh/ROS2_manmade/ros2_ws/install/uav_learning:/opt/ros/jazzy /usr/bin/cmake --build /home/yjh/ROS2_manmade/ros2_ws/build/uav_interfaces -- -j32 -l32
[0.224s] Invoking command in '/home/yjh/ROS2_manmade/ros2_ws/build/uav_interfaces': CMAKE_PREFIX_PATH=${CMAKE_PREFIX_PATH}:/home/yjh/ROS2_manmade/ros2_ws/install/uav_learning:/opt/ros/jazzy /usr/bin/cmake --install /home/yjh/ROS2_manmade/ros2_ws/build/uav_interfaces
[0.228s] -- Install configuration: ""
[0.228s] -- Up-to-date: /home/yjh/ROS2_manmade/ros2_ws/install/uav_interfaces/share/ament_index/resource_index/rosidl_interfaces/uav_interfaces
[0.228s] -- Up-to-date: /home/yjh/ROS2_manmade/ros2_ws/install/uav_interfaces/share/uav_interfaces/srv/SetMode.json
[0.228s] -- Up-to-date: /home/yjh/ROS2_manmade/ros2_ws/install/uav_interfaces/include/uav_interfaces/uav_interfaces
[0.228s] -- Up-to-date: /home/yjh/ROS2_manmade/ros2_ws/install/uav_interfaces/include/uav_interfaces/uav_interfaces/srv
[0.228s] -- Up-to-date: /home/yjh/ROS2_manmade/ros2_ws/install/uav_interfaces/include/uav_interfaces/uav_interfaces/srv/detail
[0.228s] -- Up-to-date: /home/yjh/ROS2_manmade/ros2_ws/install/uav_interfaces/include/uav_interfaces/uav_interfaces/srv/detail/set_mode__type_support.c
[0.228s] -- Up-to-date: /home/yjh/ROS2_manmade/ros2_ws/install/uav_interfaces/include/uav_interfaces/uav_interfaces/srv/detail/set_mode__functions.h
[0.228s] -- Up-to-date: /home/yjh/ROS2_manmade/ros2_ws/install/uav_interfaces/include/uav_interfaces/uav_interfaces/srv/detail/set_mode__struct.h
[0.229s] -- Up-to-date: /home/yjh/ROS2_manmade/ros2_ws/install/uav_interfaces/include/uav_interfaces/uav_interfaces/srv/detail/set_mode__functions.c
[0.229s] -- Up-to-date: /home/yjh/ROS2_manmade/ros2_ws/install/uav_interfaces/include/uav_interfaces/uav_interfaces/srv/detail/set_mode__description.c
[0.229s] -- Up-to-date: /home/yjh/ROS2_manmade/ros2_ws/install/uav_interfaces/include/uav_interfaces/uav_interfaces/srv/detail/set_mode__type_support.h
[0.229s] -- Up-to-date: /home/yjh/ROS2_manmade/ros2_ws/install/uav_interfaces/include/uav_interfaces/uav_interfaces/srv/set_mode.h
[0.229s] -- Up-to-date: /home/yjh/ROS2_manmade/ros2_ws/install/uav_interfaces/include/uav_interfaces/uav_interfaces/msg
[0.229s] -- Up-to-date: /home/yjh/ROS2_manmade/ros2_ws/install/uav_interfaces/include/uav_interfaces/uav_interfaces/msg/rosidl_generator_c__visibility_control.h
[0.229s] -- Up-to-date: /home/yjh/ROS2_manmade/ros2_ws/install/uav_interfaces/share/uav_interfaces/environment/library_path.sh
[0.229s] -- Up-to-date: /home/yjh/ROS2_manmade/ros2_ws/install/uav_interfaces/share/uav_interfaces/environment/library_path.dsv
[0.229s] -- Up-to-date: /home/yjh/ROS2_manmade/ros2_ws/install/uav_interfaces/lib/libuav_interfaces__rosidl_generator_c.so
[0.229s] -- Up-to-date: /home/yjh/ROS2_manmade/ros2_ws/install/uav_interfaces/include/uav_interfaces/uav_interfaces
[0.229s] -- Up-to-date: /home/yjh/ROS2_manmade/ros2_ws/install/uav_interfaces/include/uav_interfaces/uav_interfaces/srv
[0.229s] -- Up-to-date: /home/yjh/ROS2_manmade/ros2_ws/install/uav_interfaces/include/uav_interfaces/uav_interfaces/srv/detail
[0.229s] -- Up-to-date: /home/yjh/ROS2_manmade/ros2_ws/install/uav_interfaces/include/uav_interfaces/uav_interfaces/srv/detail/set_mode__rosidl_typesupport_fastrtps_c.h
[0.229s] -- Up-to-date: /home/yjh/ROS2_manmade/ros2_ws/install/uav_interfaces/include/uav_interfaces/uav_interfaces/msg
[0.229s] -- Up-to-date: /home/yjh/ROS2_manmade/ros2_ws/install/uav_interfaces/include/uav_interfaces/uav_interfaces/msg/rosidl_typesupport_fastrtps_c__visibility_control.h
[0.229s] -- Up-to-date: /home/yjh/ROS2_manmade/ros2_ws/install/uav_interfaces/lib/libuav_interfaces__rosidl_typesupport_fastrtps_c.so
[0.229s] -- Up-to-date: /home/yjh/ROS2_manmade/ros2_ws/install/uav_interfaces/include/uav_interfaces/uav_interfaces
[0.229s] -- Up-to-date: /home/yjh/ROS2_manmade/ros2_ws/install/uav_interfaces/include/uav_interfaces/uav_interfaces/srv
[0.229s] -- Up-to-date: /home/yjh/ROS2_manmade/ros2_ws/install/uav_interfaces/include/uav_interfaces/uav_interfaces/srv/detail
[0.229s] -- Up-to-date: /home/yjh/ROS2_manmade/ros2_ws/install/uav_interfaces/include/uav_interfaces/uav_interfaces/srv/detail/set_mode__type_support.c
[0.229s] -- Up-to-date: /home/yjh/ROS2_manmade/ros2_ws/install/uav_interfaces/include/uav_interfaces/uav_interfaces/srv/detail/set_mode__rosidl_typesupport_introspection_c.h
[0.229s] -- Up-to-date: /home/yjh/ROS2_manmade/ros2_ws/install/uav_interfaces/include/uav_interfaces/uav_interfaces/msg
[0.229s] -- Up-to-date: /home/yjh/ROS2_manmade/ros2_ws/install/uav_interfaces/include/uav_interfaces/uav_interfaces/msg/rosidl_typesupport_introspection_c__visibility_control.h
[0.229s] -- Up-to-date: /home/yjh/ROS2_manmade/ros2_ws/install/uav_interfaces/lib/libuav_interfaces__rosidl_typesupport_introspection_c.so
[0.230s] -- Up-to-date: /home/yjh/ROS2_manmade/ros2_ws/install/uav_interfaces/lib/libuav_interfaces__rosidl_typesupport_c.so
[0.230s] -- Up-to-date: /home/yjh/ROS2_manmade/ros2_ws/install/uav_interfaces/include/uav_interfaces/uav_interfaces
[0.230s] -- Up-to-date: /home/yjh/ROS2_manmade/ros2_ws/install/uav_interfaces/include/uav_interfaces/uav_interfaces/srv
[0.230s] -- Up-to-date: /home/yjh/ROS2_manmade/ros2_ws/install/uav_interfaces/include/uav_interfaces/uav_interfaces/srv/detail
[0.230s] -- Up-to-date: /home/yjh/ROS2_manmade/ros2_ws/install/uav_interfaces/include/uav_interfaces/uav_interfaces/srv/detail/set_mode__traits.hpp
[0.230s] -- Up-to-date: /home/yjh/ROS2_manmade/ros2_ws/install/uav_interfaces/include/uav_interfaces/uav_interfaces/srv/detail/set_mode__type_support.hpp
[0.230s] -- Up-to-date: /home/yjh/ROS2_manmade/ros2_ws/install/uav_interfaces/include/uav_interfaces/uav_interfaces/srv/detail/set_mode__builder.hpp
[0.230s] -- Up-to-date: /home/yjh/ROS2_manmade/ros2_ws/install/uav_interfaces/include/uav_interfaces/uav_interfaces/srv/detail/set_mode__struct.hpp
[0.230s] -- Up-to-date: /home/yjh/ROS2_manmade/ros2_ws/install/uav_interfaces/include/uav_interfaces/uav_interfaces/srv/set_mode.hpp
[0.230s] -- Up-to-date: /home/yjh/ROS2_manmade/ros2_ws/install/uav_interfaces/include/uav_interfaces/uav_interfaces/msg
[0.230s] -- Up-to-date: /home/yjh/ROS2_manmade/ros2_ws/install/uav_interfaces/include/uav_interfaces/uav_interfaces/msg/rosidl_generator_cpp__visibility_control.hpp
[0.230s] -- Up-to-date: /home/yjh/ROS2_manmade/ros2_ws/install/uav_interfaces/include/uav_interfaces/uav_interfaces
[0.230s] -- Up-to-date: /home/yjh/ROS2_manmade/ros2_ws/install/uav_interfaces/include/uav_interfaces/uav_interfaces/srv
[0.230s] -- Up-to-date: /home/yjh/ROS2_manmade/ros2_ws/install/uav_interfaces/include/uav_interfaces/uav_interfaces/srv/detail
[0.230s] -- Up-to-date: /home/yjh/ROS2_manmade/ros2_ws/install/uav_interfaces/include/uav_interfaces/uav_interfaces/srv/detail/dds_fastrtps
[0.230s] -- Up-to-date: /home/yjh/ROS2_manmade/ros2_ws/install/uav_interfaces/include/uav_interfaces/uav_interfaces/srv/detail/set_mode__rosidl_typesupport_fastrtps_cpp.hpp
[0.230s] -- Up-to-date: /home/yjh/ROS2_manmade/ros2_ws/install/uav_interfaces/include/uav_interfaces/uav_interfaces/msg
[0.230s] -- Up-to-date: /home/yjh/ROS2_manmade/ros2_ws/install/uav_interfaces/include/uav_interfaces/uav_interfaces/msg/rosidl_typesupport_fastrtps_cpp__visibility_control.h
[0.230s] -- Up-to-date: /home/yjh/ROS2_manmade/ros2_ws/install/uav_interfaces/lib/libuav_interfaces__rosidl_typesupport_fastrtps_cpp.so
[0.230s] -- Up-to-date: /home/yjh/ROS2_manmade/ros2_ws/install/uav_interfaces/include/uav_interfaces/uav_interfaces
[0.230s] -- Up-to-date: /home/yjh/ROS2_manmade/ros2_ws/install/uav_interfaces/include/uav_interfaces/uav_interfaces/srv
[0.230s] -- Up-to-date: /home/yjh/ROS2_manmade/ros2_ws/install/uav_interfaces/include/uav_interfaces/uav_interfaces/srv/detail
[0.230s] -- Up-to-date: /home/yjh/ROS2_manmade/ros2_ws/install/uav_interfaces/include/uav_interfaces/uav_interfaces/srv/detail/set_mode__type_support.cpp
[0.230s] -- Up-to-date: /home/yjh/ROS2_manmade/ros2_ws/install/uav_interfaces/include/uav_interfaces/uav_interfaces/srv/detail/set_mode__rosidl_typesupport_introspection_cpp.hpp
[0.230s] -- Up-to-date: /home/yjh/ROS2_manmade/ros2_ws/install/uav_interfaces/lib/libuav_interfaces__rosidl_typesupport_introspection_cpp.so
[0.230s] -- Up-to-date: /home/yjh/ROS2_manmade/ros2_ws/install/uav_interfaces/lib/libuav_interfaces__rosidl_typesupport_cpp.so
[0.230s] -- Up-to-date: /home/yjh/ROS2_manmade/ros2_ws/install/uav_interfaces/share/uav_interfaces/environment/pythonpath.sh
[0.230s] -- Up-to-date: /home/yjh/ROS2_manmade/ros2_ws/install/uav_interfaces/share/uav_interfaces/environment/pythonpath.dsv
[0.230s] -- Up-to-date: /home/yjh/ROS2_manmade/ros2_ws/install/uav_interfaces/lib/python3.12/site-packages/uav_interfaces-0.0.0-py3.12.egg-info
[0.230s] -- Installing: /home/yjh/ROS2_manmade/ros2_ws/install/uav_interfaces/lib/python3.12/site-packages/uav_interfaces-0.0.0-py3.12.egg-info/SOURCES.txt
[0.231s] -- Installing: /home/yjh/ROS2_manmade/ros2_ws/install/uav_interfaces/lib/python3.12/site-packages/uav_interfaces-0.0.0-py3.12.egg-info/top_level.txt
[0.231s] -- Installing: /home/yjh/ROS2_manmade/ros2_ws/install/uav_interfaces/lib/python3.12/site-packages/uav_interfaces-0.0.0-py3.12.egg-info/dependency_links.txt
[0.231s] -- Installing: /home/yjh/ROS2_manmade/ros2_ws/install/uav_interfaces/lib/python3.12/site-packages/uav_interfaces-0.0.0-py3.12.egg-info/PKG-INFO
[0.231s] -- Up-to-date: /home/yjh/ROS2_manmade/ros2_ws/install/uav_interfaces/lib/python3.12/site-packages/uav_interfaces
[0.231s] -- Up-to-date: /home/yjh/ROS2_manmade/ros2_ws/install/uav_interfaces/lib/python3.12/site-packages/uav_interfaces/_uav_interfaces_s.ep.rosidl_typesupport_fastrtps_c.c
[0.231s] -- Up-to-date: /home/yjh/ROS2_manmade/ros2_ws/install/uav_interfaces/lib/python3.12/site-packages/uav_interfaces/uav_interfaces_s__rosidl_typesupport_c.so
[0.231s] -- Up-to-date: /home/yjh/ROS2_manmade/ros2_ws/install/uav_interfaces/lib/python3.12/site-packages/uav_interfaces/srv
[0.231s] -- Up-to-date: /home/yjh/ROS2_manmade/ros2_ws/install/uav_interfaces/lib/python3.12/site-packages/uav_interfaces/srv/_set_mode_s.c
[0.231s] -- Up-to-date: /home/yjh/ROS2_manmade/ros2_ws/install/uav_interfaces/lib/python3.12/site-packages/uav_interfaces/srv/__init__.py
[0.231s] -- Up-to-date: /home/yjh/ROS2_manmade/ros2_ws/install/uav_interfaces/lib/python3.12/site-packages/uav_interfaces/srv/_set_mode.py
[0.231s] -- Up-to-date: /home/yjh/ROS2_manmade/ros2_ws/install/uav_interfaces/lib/python3.12/site-packages/uav_interfaces/__init__.py
[0.231s] -- Up-to-date: /home/yjh/ROS2_manmade/ros2_ws/install/uav_interfaces/lib/python3.12/site-packages/uav_interfaces/_uav_interfaces_s.ep.rosidl_typesupport_c.c
[0.231s] -- Up-to-date: /home/yjh/ROS2_manmade/ros2_ws/install/uav_interfaces/lib/python3.12/site-packages/uav_interfaces/uav_interfaces_s__rosidl_typesupport_fastrtps_c.so
[0.231s] -- Up-to-date: /home/yjh/ROS2_manmade/ros2_ws/install/uav_interfaces/lib/python3.12/site-packages/uav_interfaces/uav_interfaces_s__rosidl_typesupport_introspection_c.so
[0.231s] -- Up-to-date: /home/yjh/ROS2_manmade/ros2_ws/install/uav_interfaces/lib/python3.12/site-packages/uav_interfaces/_uav_interfaces_s.ep.rosidl_typesupport_introspection_c.c
[0.251s] Listing '/home/yjh/ROS2_manmade/ros2_ws/install/uav_interfaces/lib/python3.12/site-packages/uav_interfaces'...
[0.251s] Listing '/home/yjh/ROS2_manmade/ros2_ws/install/uav_interfaces/lib/python3.12/site-packages/uav_interfaces/srv'...
[0.254s] -- Up-to-date: /home/yjh/ROS2_manmade/ros2_ws/install/uav_interfaces/lib/python3.12/site-packages/uav_interfaces/uav_interfaces_s__rosidl_typesupport_fastrtps_c.so
[0.254s] -- Up-to-date: /home/yjh/ROS2_manmade/ros2_ws/install/uav_interfaces/lib/python3.12/site-packages/uav_interfaces/uav_interfaces_s__rosidl_typesupport_introspection_c.so
[0.254s] -- Up-to-date: /home/yjh/ROS2_manmade/ros2_ws/install/uav_interfaces/lib/python3.12/site-packages/uav_interfaces/uav_interfaces_s__rosidl_typesupport_c.so
[0.254s] -- Up-to-date: /home/yjh/ROS2_manmade/ros2_ws/install/uav_interfaces/lib/libuav_interfaces__rosidl_generator_py.so
[0.255s] -- Up-to-date: /home/yjh/ROS2_manmade/ros2_ws/install/uav_interfaces/share/uav_interfaces/rust
[0.255s] -- Up-to-date: /home/yjh/ROS2_manmade/ros2_ws/install/uav_interfaces/share/uav_interfaces/rust/build.rs
[0.255s] -- Up-to-date: /home/yjh/ROS2_manmade/ros2_ws/install/uav_interfaces/share/uav_interfaces/rust/Cargo.toml
[0.255s] -- Up-to-date: /home/yjh/ROS2_manmade/ros2_ws/install/uav_interfaces/share/uav_interfaces/rust/src
[0.255s] -- Up-to-date: /home/yjh/ROS2_manmade/ros2_ws/install/uav_interfaces/share/uav_interfaces/rust/src/srv
[0.255s] -- Up-to-date: /home/yjh/ROS2_manmade/ros2_ws/install/uav_interfaces/share/uav_interfaces/rust/src/srv/rmw.rs
[0.255s] -- Up-to-date: /home/yjh/ROS2_manmade/ros2_ws/install/uav_interfaces/share/uav_interfaces/rust/src/srv.rs
[0.255s] -- Up-to-date: /home/yjh/ROS2_manmade/ros2_ws/install/uav_interfaces/share/uav_interfaces/rust/src/lib.rs
[0.255s] -- Up-to-date: /home/yjh/ROS2_manmade/ros2_ws/install/uav_interfaces/share/uav_interfaces/srv/SetMode.idl
[0.256s] -- Up-to-date: /home/yjh/ROS2_manmade/ros2_ws/install/uav_interfaces/share/uav_interfaces/srv/SetMode.srv
[0.256s] -- Up-to-date: /home/yjh/ROS2_manmade/ros2_ws/install/uav_interfaces/share/ament_index/resource_index/package_run_dependencies/uav_interfaces
[0.256s] -- Up-to-date: /home/yjh/ROS2_manmade/ros2_ws/install/uav_interfaces/share/ament_index/resource_index/parent_prefix_path/uav_interfaces
[0.256s] -- Up-to-date: /home/yjh/ROS2_manmade/ros2_ws/install/uav_interfaces/share/uav_interfaces/environment/ament_prefix_path.sh
[0.256s] -- Up-to-date: /home/yjh/ROS2_manmade/ros2_ws/install/uav_interfaces/share/uav_interfaces/environment/ament_prefix_path.dsv
[0.256s] -- Up-to-date: /home/yjh/ROS2_manmade/ros2_ws/install/uav_interfaces/share/uav_interfaces/environment/path.sh
[0.256s] -- Up-to-date: /home/yjh/ROS2_manmade/ros2_ws/install/uav_interfaces/share/uav_interfaces/environment/path.dsv
[0.256s] -- Up-to-date: /home/yjh/ROS2_manmade/ros2_ws/install/uav_interfaces/share/uav_interfaces/local_setup.bash
[0.256s] -- Up-to-date: /home/yjh/ROS2_manmade/ros2_ws/install/uav_interfaces/share/uav_interfaces/local_setup.sh
[0.256s] -- Up-to-date: /home/yjh/ROS2_manmade/ros2_ws/install/uav_interfaces/share/uav_interfaces/local_setup.zsh
[0.256s] -- Up-to-date: /home/yjh/ROS2_manmade/ros2_ws/install/uav_interfaces/share/uav_interfaces/local_setup.dsv
[0.257s] -- Installing: /home/yjh/ROS2_manmade/ros2_ws/install/uav_interfaces/share/uav_interfaces/package.dsv
[0.257s] -- Up-to-date: /home/yjh/ROS2_manmade/ros2_ws/install/uav_interfaces/share/ament_index/resource_index/packages/uav_interfaces
[0.257s] -- Up-to-date: /home/yjh/ROS2_manmade/ros2_ws/install/uav_interfaces/share/uav_interfaces/cmake/export_uav_interfaces__rosidl_generator_cExport.cmake
[0.257s] -- Up-to-date: /home/yjh/ROS2_manmade/ros2_ws/install/uav_interfaces/share/uav_interfaces/cmake/export_uav_interfaces__rosidl_generator_cExport-noconfig.cmake
[0.257s] -- Up-to-date: /home/yjh/ROS2_manmade/ros2_ws/install/uav_interfaces/share/uav_interfaces/cmake/export_uav_interfaces__rosidl_typesupport_fastrtps_cExport.cmake
[0.257s] -- Up-to-date: /home/yjh/ROS2_manmade/ros2_ws/install/uav_interfaces/share/uav_interfaces/cmake/export_uav_interfaces__rosidl_typesupport_fastrtps_cExport-noconfig.cmake
[0.257s] -- Up-to-date: /home/yjh/ROS2_manmade/ros2_ws/install/uav_interfaces/share/uav_interfaces/cmake/uav_interfaces__rosidl_typesupport_introspection_cExport.cmake
[0.257s] -- Up-to-date: /home/yjh/ROS2_manmade/ros2_ws/install/uav_interfaces/share/uav_interfaces/cmake/uav_interfaces__rosidl_typesupport_introspection_cExport-noconfig.cmake
[0.258s] -- Up-to-date: /home/yjh/ROS2_manmade/ros2_ws/install/uav_interfaces/share/uav_interfaces/cmake/uav_interfaces__rosidl_typesupport_cExport.cmake
[0.258s] -- Up-to-date: /home/yjh/ROS2_manmade/ros2_ws/install/uav_interfaces/share/uav_interfaces/cmake/uav_interfaces__rosidl_typesupport_cExport-noconfig.cmake
[0.258s] -- Up-to-date: /home/yjh/ROS2_manmade/ros2_ws/install/uav_interfaces/share/uav_interfaces/cmake/export_uav_interfaces__rosidl_generator_cppExport.cmake
[0.259s] -- Up-to-date: /home/yjh/ROS2_manmade/ros2_ws/install/uav_interfaces/share/uav_interfaces/cmake/export_uav_interfaces__rosidl_typesupport_fastrtps_cppExport.cmake
[0.259s] -- Up-to-date: /home/yjh/ROS2_manmade/ros2_ws/install/uav_interfaces/share/uav_interfaces/cmake/export_uav_interfaces__rosidl_typesupport_fastrtps_cppExport-noconfig.cmake
[0.259s] -- Up-to-date: /home/yjh/ROS2_manmade/ros2_ws/install/uav_interfaces/share/uav_interfaces/cmake/uav_interfaces__rosidl_typesupport_introspection_cppExport.cmake
[0.259s] -- Up-to-date: /home/yjh/ROS2_manmade/ros2_ws/install/uav_interfaces/share/uav_interfaces/cmake/uav_interfaces__rosidl_typesupport_introspection_cppExport-noconfig.cmake
[0.260s] -- Up-to-date: /home/yjh/ROS2_manmade/ros2_ws/install/uav_interfaces/share/uav_interfaces/cmake/uav_interfaces__rosidl_typesupport_cppExport.cmake
[0.260s] -- Up-to-date: /home/yjh/ROS2_manmade/ros2_ws/install/uav_interfaces/share/uav_interfaces/cmake/uav_interfaces__rosidl_typesupport_cppExport-noconfig.cmake
[0.260s] -- Up-to-date: /home/yjh/ROS2_manmade/ros2_ws/install/uav_interfaces/share/uav_interfaces/cmake/export_uav_interfaces__rosidl_generator_pyExport.cmake
[0.260s] -- Up-to-date: /home/yjh/ROS2_manmade/ros2_ws/install/uav_interfaces/share/uav_interfaces/cmake/export_uav_interfaces__rosidl_generator_pyExport-noconfig.cmake
[0.260s] -- Up-to-date: /home/yjh/ROS2_manmade/ros2_ws/install/uav_interfaces/share/uav_interfaces/cmake/rosidl_cmake-extras.cmake
[0.260s] -- Up-to-date: /home/yjh/ROS2_manmade/ros2_ws/install/uav_interfaces/share/uav_interfaces/cmake/ament_cmake_export_dependencies-extras.cmake
[0.260s] -- Up-to-date: /home/yjh/ROS2_manmade/ros2_ws/install/uav_interfaces/share/uav_interfaces/cmake/ament_cmake_export_include_directories-extras.cmake
[0.260s] -- Up-to-date: /home/yjh/ROS2_manmade/ros2_ws/install/uav_interfaces/share/uav_interfaces/cmake/ament_cmake_export_libraries-extras.cmake
[0.260s] -- Up-to-date: /home/yjh/ROS2_manmade/ros2_ws/install/uav_interfaces/share/uav_interfaces/cmake/ament_cmake_export_targets-extras.cmake
[0.260s] -- Up-to-date: /home/yjh/ROS2_manmade/ros2_ws/install/uav_interfaces/share/uav_interfaces/cmake/rosidl_cmake_export_typesupport_targets-extras.cmake
[0.261s] -- Up-to-date: /home/yjh/ROS2_manmade/ros2_ws/install/uav_interfaces/share/uav_interfaces/cmake/rosidl_cmake_export_typesupport_libraries-extras.cmake
[0.261s] -- Up-to-date: /home/yjh/ROS2_manmade/ros2_ws/install/uav_interfaces/share/uav_interfaces/cmake/rosidl_cmake_aggregate_target-extras.cmake
[0.261s] -- Up-to-date: /home/yjh/ROS2_manmade/ros2_ws/install/uav_interfaces/share/uav_interfaces/cmake/uav_interfacesConfig.cmake
[0.261s] -- Up-to-date: /home/yjh/ROS2_manmade/ros2_ws/install/uav_interfaces/share/uav_interfaces/cmake/uav_interfacesConfig-version.cmake
[0.261s] -- Up-to-date: /home/yjh/ROS2_manmade/ros2_ws/install/uav_interfaces/share/uav_interfaces/package.xml
[0.261s] Invoked command in '/home/yjh/ROS2_manmade/ros2_ws/build/uav_interfaces' returned '0': CMAKE_PREFIX_PATH=${CMAKE_PREFIX_PATH}:/home/yjh/ROS2_manmade/ros2_ws/install/uav_learning:/opt/ros/jazzy /usr/bin/cmake --install /home/yjh/ROS2_manmade/ros2_ws/build/uav_interfaces
