[0.184s] DEBUG:colcon:Command line arguments: ['/usr/bin/colcon', 'build', '--symlink-install', '--packages-select', 'uav_interfaces', 'uav_learning']
[0.184s] DEBUG:colcon:Parsed command line arguments: Namespace(log_base=None, log_level=None, verb_name='build', build_base='build', install_base='install', merge_install=False, symlink_install=True, test_result_base=None, continue_on_error=False, executor='parallel', parallel_workers=32, event_handlers=None, ignore_user_meta=False, metas=['./colcon.meta'], base_paths=['.'], packages_ignore=None, packages_ignore_regex=None, paths=None, packages_up_to=None, packages_up_to_regex=None, packages_above=None, packages_above_and_dependencies=None, packages_above_depth=None, packages_select_by_dep=None, packages_skip_by_dep=None, packages_skip_up_to=None, packages_select_build_failed=False, packages_skip_build_finished=False, packages_select_test_failures=False, packages_skip_test_passed=False, packages_select=['uav_interfaces', 'uav_learning'], packages_skip=None, packages_select_regex=None, packages_skip_regex=None, packages_start=None, packages_end=None, allow_overriding=[], cmake_args=None, cmake_target=None, cmake_target_skip_unavailable=False, cmake_clean_cache=False, cmake_clean_first=False, cmake_force_configure=False, ament_cmake_args=None, catkin_cmake_args=None, catkin_skip_building_tests=False, mixin_files=None, mixin=None, verb_parser=<colcon_mixin.mixin.mixin_argument.MixinArgumentDecorator object at 0x7f338e8fc0e0>, verb_extension=<colcon_core.verb.build.BuildVerb object at 0x7f338ea70680>, main=<bound method BuildVerb.main of <colcon_core.verb.build.BuildVerb object at 0x7f338ea70680>>, mixin_verb=('build',))
[0.211s] Level 1:colcon.colcon_core.package_discovery:discover_packages(colcon_meta) check parameters
[0.211s] Level 1:colcon.colcon_core.package_discovery:discover_packages(recursive) check parameters
[0.211s] Level 1:colcon.colcon_core.package_discovery:discover_packages(ignore) check parameters
[0.211s] Level 1:colcon.colcon_core.package_discovery:discover_packages(path) check parameters
[0.211s] Level 1:colcon.colcon_core.package_discovery:discover_packages(colcon_meta) discover
[0.211s] Level 1:colcon.colcon_core.package_discovery:discover_packages(recursive) discover
[0.211s] INFO:colcon.colcon_core.package_discovery:Crawling recursively for packages in '/home/yjh/ROS2_manmade/ros2_ws'
[0.211s] Level 1:colcon.colcon_core.package_identification:_identify(.) by extensions ['ignore', 'ignore_ament_install']
[0.211s] Level 1:colcon.colcon_core.package_identification:_identify(.) by extension 'ignore'
[0.211s] Level 1:colcon.colcon_core.package_identification:_identify(.) by extension 'ignore_ament_install'
[0.211s] Level 1:colcon.colcon_core.package_identification:_identify(.) by extensions ['colcon_pkg']
[0.211s] Level 1:colcon.colcon_core.package_identification:_identify(.) by extension 'colcon_pkg'
[0.211s] Level 1:colcon.colcon_core.package_identification:_identify(.) by extensions ['colcon_meta']
[0.211s] Level 1:colcon.colcon_core.package_identification:_identify(.) by extension 'colcon_meta'
[0.212s] Level 1:colcon.colcon_core.package_identification:_identify(.) by extensions ['ros']
[0.212s] Level 1:colcon.colcon_core.package_identification:_identify(.) by extension 'ros'
[0.234s] Level 1:colcon.colcon_core.package_identification:_identify(.) by extensions ['cmake', 'python']
[0.234s] Level 1:colcon.colcon_core.package_identification:_identify(.) by extension 'cmake'
[0.234s] Level 1:colcon.colcon_core.package_identification:_identify(.) by extension 'python'
[0.234s] Level 1:colcon.colcon_core.package_identification:_identify(.) by extensions ['python_setup_py']
[0.234s] Level 1:colcon.colcon_core.package_identification:_identify(.) by extension 'python_setup_py'
[0.235s] Level 1:colcon.colcon_core.package_identification:_identify(build) by extensions ['ignore', 'ignore_ament_install']
[0.235s] Level 1:colcon.colcon_core.package_identification:_identify(build) by extension 'ignore'
[0.235s] Level 1:colcon.colcon_core.package_identification:_identify(build) ignored
[0.235s] Level 1:colcon.colcon_core.package_identification:_identify(install) by extensions ['ignore', 'ignore_ament_install']
[0.235s] Level 1:colcon.colcon_core.package_identification:_identify(install) by extension 'ignore'
[0.235s] Level 1:colcon.colcon_core.package_identification:_identify(install) ignored
[0.235s] Level 1:colcon.colcon_core.package_identification:_identify(log) by extensions ['ignore', 'ignore_ament_install']
[0.235s] Level 1:colcon.colcon_core.package_identification:_identify(log) by extension 'ignore'
[0.235s] Level 1:colcon.colcon_core.package_identification:_identify(log) ignored
[0.235s] Level 1:colcon.colcon_core.package_identification:_identify(src) by extensions ['ignore', 'ignore_ament_install']
[0.235s] Level 1:colcon.colcon_core.package_identification:_identify(src) by extension 'ignore'
[0.235s] Level 1:colcon.colcon_core.package_identification:_identify(src) by extension 'ignore_ament_install'
[0.235s] Level 1:colcon.colcon_core.package_identification:_identify(src) by extensions ['colcon_pkg']
[0.235s] Level 1:colcon.colcon_core.package_identification:_identify(src) by extension 'colcon_pkg'
[0.235s] Level 1:colcon.colcon_core.package_identification:_identify(src) by extensions ['colcon_meta']
[0.235s] Level 1:colcon.colcon_core.package_identification:_identify(src) by extension 'colcon_meta'
[0.235s] Level 1:colcon.colcon_core.package_identification:_identify(src) by extensions ['ros']
[0.235s] Level 1:colcon.colcon_core.package_identification:_identify(src) by extension 'ros'
[0.235s] Level 1:colcon.colcon_core.package_identification:_identify(src) by extensions ['cmake', 'python']
[0.235s] Level 1:colcon.colcon_core.package_identification:_identify(src) by extension 'cmake'
[0.235s] Level 1:colcon.colcon_core.package_identification:_identify(src) by extension 'python'
[0.235s] Level 1:colcon.colcon_core.package_identification:_identify(src) by extensions ['python_setup_py']
[0.235s] Level 1:colcon.colcon_core.package_identification:_identify(src) by extension 'python_setup_py'
[0.235s] Level 1:colcon.colcon_core.package_identification:_identify(src/Micro-XRCE-DDS-Agent) by extensions ['ignore', 'ignore_ament_install']
[0.235s] Level 1:colcon.colcon_core.package_identification:_identify(src/Micro-XRCE-DDS-Agent) by extension 'ignore'
[0.235s] Level 1:colcon.colcon_core.package_identification:_identify(src/Micro-XRCE-DDS-Agent) by extension 'ignore_ament_install'
[0.235s] Level 1:colcon.colcon_core.package_identification:_identify(src/Micro-XRCE-DDS-Agent) by extensions ['colcon_pkg']
[0.236s] Level 1:colcon.colcon_core.package_identification:_identify(src/Micro-XRCE-DDS-Agent) by extension 'colcon_pkg'
[0.236s] INFO:colcon.colcon_metadata.metadata.colcon_pkg:Setting type 'cmake' of package 'src/Micro-XRCE-DDS-Agent' from colcon.pkg
[0.236s] INFO:colcon.colcon_metadata.metadata.colcon_pkg:Setting name 'microxrcedds_agent' of package 'src/Micro-XRCE-DDS-Agent' from colcon.pkg
[0.236s] DEBUG:colcon.colcon_core.package_identification:Package 'src/Micro-XRCE-DDS-Agent' with type 'cmake' and name 'microxrcedds_agent'
[0.236s] Level 1:colcon.colcon_core.package_identification:_identify(src/px4_msgs) by extensions ['ignore', 'ignore_ament_install']
[0.236s] Level 1:colcon.colcon_core.package_identification:_identify(src/px4_msgs) by extension 'ignore'
[0.236s] Level 1:colcon.colcon_core.package_identification:_identify(src/px4_msgs) by extension 'ignore_ament_install'
[0.236s] Level 1:colcon.colcon_core.package_identification:_identify(src/px4_msgs) by extensions ['colcon_pkg']
[0.236s] Level 1:colcon.colcon_core.package_identification:_identify(src/px4_msgs) by extension 'colcon_pkg'
[0.236s] Level 1:colcon.colcon_core.package_identification:_identify(src/px4_msgs) by extensions ['colcon_meta']
[0.236s] Level 1:colcon.colcon_core.package_identification:_identify(src/px4_msgs) by extension 'colcon_meta'
[0.236s] Level 1:colcon.colcon_core.package_identification:_identify(src/px4_msgs) by extensions ['ros']
[0.236s] Level 1:colcon.colcon_core.package_identification:_identify(src/px4_msgs) by extension 'ros'
[0.238s] DEBUG:colcon.colcon_core.package_identification:Package 'src/px4_msgs' with type 'ros.ament_cmake' and name 'px4_msgs'
[0.238s] Level 1:colcon.colcon_core.package_identification:_identify(src/uav_interfaces) by extensions ['ignore', 'ignore_ament_install']
[0.238s] Level 1:colcon.colcon_core.package_identification:_identify(src/uav_interfaces) by extension 'ignore'
[0.238s] Level 1:colcon.colcon_core.package_identification:_identify(src/uav_interfaces) by extension 'ignore_ament_install'
[0.238s] Level 1:colcon.colcon_core.package_identification:_identify(src/uav_interfaces) by extensions ['colcon_pkg']
[0.238s] Level 1:colcon.colcon_core.package_identification:_identify(src/uav_interfaces) by extension 'colcon_pkg'
[0.238s] Level 1:colcon.colcon_core.package_identification:_identify(src/uav_interfaces) by extensions ['colcon_meta']
[0.238s] Level 1:colcon.colcon_core.package_identification:_identify(src/uav_interfaces) by extension 'colcon_meta'
[0.238s] Level 1:colcon.colcon_core.package_identification:_identify(src/uav_interfaces) by extensions ['ros']
[0.238s] Level 1:colcon.colcon_core.package_identification:_identify(src/uav_interfaces) by extension 'ros'
[0.239s] DEBUG:colcon.colcon_core.package_identification:Package 'src/uav_interfaces' with type 'ros.catkin' and name 'uav_interfaces'
[0.239s] Level 1:colcon.colcon_core.package_identification:_identify(src/uav_learning) by extensions ['ignore', 'ignore_ament_install']
[0.239s] Level 1:colcon.colcon_core.package_identification:_identify(src/uav_learning) by extension 'ignore'
[0.239s] Level 1:colcon.colcon_core.package_identification:_identify(src/uav_learning) by extension 'ignore_ament_install'
[0.239s] Level 1:colcon.colcon_core.package_identification:_identify(src/uav_learning) by extensions ['colcon_pkg']
[0.239s] Level 1:colcon.colcon_core.package_identification:_identify(src/uav_learning) by extension 'colcon_pkg'
[0.239s] Level 1:colcon.colcon_core.package_identification:_identify(src/uav_learning) by extensions ['colcon_meta']
[0.239s] Level 1:colcon.colcon_core.package_identification:_identify(src/uav_learning) by extension 'colcon_meta'
[0.239s] Level 1:colcon.colcon_core.package_identification:_identify(src/uav_learning) by extensions ['ros']
[0.239s] Level 1:colcon.colcon_core.package_identification:_identify(src/uav_learning) by extension 'ros'
[0.240s] DEBUG:colcon.colcon_core.package_identification:Package 'src/uav_learning' with type 'ros.ament_python' and name 'uav_learning'
[0.240s] Level 1:colcon.colcon_core.package_discovery:discover_packages(recursive) using defaults
[0.240s] Level 1:colcon.colcon_core.package_discovery:discover_packages(ignore) discover
[0.240s] Level 1:colcon.colcon_core.package_discovery:discover_packages(ignore) using defaults
[0.240s] Level 1:colcon.colcon_core.package_discovery:discover_packages(path) discover
[0.240s] Level 1:colcon.colcon_core.package_discovery:discover_packages(path) using defaults
[0.253s] INFO:colcon.colcon_metadata.metadata.colcon_pkg:Updating descriptor of package 'src/Micro-XRCE-DDS-Agent' from colcon.pkg: {'name': 'microxrcedds_agent', 'type': 'cmake', 'dependencies': ['fastcdr', 'fastrtps'], 'cmake-args': ['-DUAGENT_ISOLATED_INSTALL=OFF', '-DUAGENT_USE_SYSTEM_FASTCDR=ON', '-DUAGENT_USE_SYSTEM_FASTDDS=ON']}
[0.254s] INFO:colcon.colcon_core.package_selection:Skipping not selected package 'microxrcedds_agent' in 'src/Micro-XRCE-DDS-Agent'
[0.254s] INFO:colcon.colcon_core.package_selection:Skipping not selected package 'px4_msgs' in 'src/px4_msgs'
[0.254s] Level 1:colcon.colcon_core.package_discovery:discover_packages(prefix_path) check parameters
[0.254s] Level 1:colcon.colcon_core.package_discovery:discover_packages(prefix_path) discover
[0.256s] DEBUG:colcon.colcon_installed_package_information.package_discovery:Found 4 installed packages in /home/yjh/ROS2_manmade/ros2_ws/install
[0.257s] DEBUG:colcon.colcon_installed_package_information.package_discovery:Found 319 installed packages in /opt/ros/jazzy
[0.257s] Level 1:colcon.colcon_core.package_discovery:discover_packages(prefix_path) using defaults
[0.289s] Level 5:colcon.colcon_core.verb:set package 'uav_interfaces' build argument 'cmake_args' from command line to 'None'
[0.289s] Level 5:colcon.colcon_core.verb:set package 'uav_interfaces' build argument 'cmake_target' from command line to 'None'
[0.289s] Level 5:colcon.colcon_core.verb:set package 'uav_interfaces' build argument 'cmake_target_skip_unavailable' from command line to 'False'
[0.289s] Level 5:colcon.colcon_core.verb:set package 'uav_interfaces' build argument 'cmake_clean_cache' from command line to 'False'
[0.289s] Level 5:colcon.colcon_core.verb:set package 'uav_interfaces' build argument 'cmake_clean_first' from command line to 'False'
[0.289s] Level 5:colcon.colcon_core.verb:set package 'uav_interfaces' build argument 'cmake_force_configure' from command line to 'False'
[0.289s] Level 5:colcon.colcon_core.verb:set package 'uav_interfaces' build argument 'ament_cmake_args' from command line to 'None'
[0.289s] Level 5:colcon.colcon_core.verb:set package 'uav_interfaces' build argument 'catkin_cmake_args' from command line to 'None'
[0.289s] Level 5:colcon.colcon_core.verb:set package 'uav_interfaces' build argument 'catkin_skip_building_tests' from command line to 'False'
[0.289s] DEBUG:colcon.colcon_core.verb:Building package 'uav_interfaces' with the following arguments: {'ament_cmake_args': None, 'build_base': '/home/yjh/ROS2_manmade/ros2_ws/build/uav_interfaces', 'catkin_cmake_args': None, 'catkin_skip_building_tests': False, 'cmake_args': None, 'cmake_clean_cache': False, 'cmake_clean_first': False, 'cmake_force_configure': False, 'cmake_target': None, 'cmake_target_skip_unavailable': False, 'install_base': '/home/yjh/ROS2_manmade/ros2_ws/install/uav_interfaces', 'merge_install': False, 'path': '/home/yjh/ROS2_manmade/ros2_ws/src/uav_interfaces', 'symlink_install': True, 'test_result_base': None}
[0.289s] Level 5:colcon.colcon_core.verb:set package 'uav_learning' build argument 'cmake_args' from command line to 'None'
[0.289s] Level 5:colcon.colcon_core.verb:set package 'uav_learning' build argument 'cmake_target' from command line to 'None'
[0.289s] Level 5:colcon.colcon_core.verb:set package 'uav_learning' build argument 'cmake_target_skip_unavailable' from command line to 'False'
[0.289s] Level 5:colcon.colcon_core.verb:set package 'uav_learning' build argument 'cmake_clean_cache' from command line to 'False'
[0.289s] Level 5:colcon.colcon_core.verb:set package 'uav_learning' build argument 'cmake_clean_first' from command line to 'False'
[0.289s] Level 5:colcon.colcon_core.verb:set package 'uav_learning' build argument 'cmake_force_configure' from command line to 'False'
[0.289s] Level 5:colcon.colcon_core.verb:set package 'uav_learning' build argument 'ament_cmake_args' from command line to 'None'
[0.289s] Level 5:colcon.colcon_core.verb:set package 'uav_learning' build argument 'catkin_cmake_args' from command line to 'None'
[0.289s] Level 5:colcon.colcon_core.verb:set package 'uav_learning' build argument 'catkin_skip_building_tests' from command line to 'False'
[0.289s] DEBUG:colcon.colcon_core.verb:Building package 'uav_learning' with the following arguments: {'ament_cmake_args': None, 'build_base': '/home/yjh/ROS2_manmade/ros2_ws/build/uav_learning', 'catkin_cmake_args': None, 'catkin_skip_building_tests': False, 'cmake_args': None, 'cmake_clean_cache': False, 'cmake_clean_first': False, 'cmake_force_configure': False, 'cmake_target': None, 'cmake_target_skip_unavailable': False, 'install_base': '/home/yjh/ROS2_manmade/ros2_ws/install/uav_learning', 'merge_install': False, 'path': '/home/yjh/ROS2_manmade/ros2_ws/src/uav_learning', 'symlink_install': True, 'test_result_base': None}
[0.289s] INFO:colcon.colcon_core.executor:Executing jobs using 'parallel' executor
[0.290s] DEBUG:colcon.colcon_parallel_executor.executor.parallel:run_until_complete
[0.290s] INFO:colcon.colcon_ros.task.catkin.build:Building ROS package in '/home/yjh/ROS2_manmade/ros2_ws/src/uav_interfaces' with build type 'catkin'
[0.290s] INFO:colcon.colcon_cmake.task.cmake.build:Building CMake package in '/home/yjh/ROS2_manmade/ros2_ws/src/uav_interfaces'
[0.292s] INFO:colcon.colcon_core.plugin_system:Skipping extension 'colcon_core.shell.bat': Not used on non-Windows systems
[0.293s] INFO:colcon.colcon_core.shell:Skip shell extension 'powershell' for command environment: Not usable outside of PowerShell
[0.293s] DEBUG:colcon.colcon_core.shell:Skip shell extension 'dsv' for command environment
[0.301s] DEBUG:colcon.colcon_core.event_handler.log_command:Invoking command in '/home/yjh/ROS2_manmade/ros2_ws/build/uav_interfaces': DEBUGINFOD_URLS=https://debuginfod.ubuntu.com WSLENV=ELECTRON_RUN_AS_NODE/w: /usr/bin/cmake --build /home/yjh/ROS2_manmade/ros2_ws/build/uav_interfaces -- -j32 -l32
[0.649s] DEBUG:colcon.colcon_core.event_handler.log_command:Invoked command in '/home/yjh/ROS2_manmade/ros2_ws/build/uav_interfaces' returned '0': DEBUGINFOD_URLS=https://debuginfod.ubuntu.com WSLENV=ELECTRON_RUN_AS_NODE/w: /usr/bin/cmake --build /home/yjh/ROS2_manmade/ros2_ws/build/uav_interfaces -- -j32 -l32
[0.656s] DEBUG:colcon.colcon_core.event_handler.log_command:Invoking command in '/home/yjh/ROS2_manmade/ros2_ws/build/uav_interfaces': DEBUGINFOD_URLS=https://debuginfod.ubuntu.com WSLENV=ELECTRON_RUN_AS_NODE/w: /usr/bin/cmake --install /home/yjh/ROS2_manmade/ros2_ws/build/uav_interfaces
[0.711s] Level 1:colcon.colcon_core.shell:create_environment_hook('uav_interfaces', 'ros_package_path')
[0.711s] INFO:colcon.colcon_core.shell:Creating environment hook '/home/yjh/ROS2_manmade/ros2_ws/install/uav_interfaces/share/uav_interfaces/hook/ros_package_path.ps1'
[0.714s] DEBUG:colcon.colcon_core.event_handler.log_command:Invoked command in '/home/yjh/ROS2_manmade/ros2_ws/build/uav_interfaces' returned '0': DEBUGINFOD_URLS=https://debuginfod.ubuntu.com WSLENV=ELECTRON_RUN_AS_NODE/w: /usr/bin/cmake --install /home/yjh/ROS2_manmade/ros2_ws/build/uav_interfaces
[0.714s] INFO:colcon.colcon_core.shell:Creating environment descriptor '/home/yjh/ROS2_manmade/ros2_ws/install/uav_interfaces/share/uav_interfaces/hook/ros_package_path.dsv'
[0.714s] INFO:colcon.colcon_core.shell:Creating environment hook '/home/yjh/ROS2_manmade/ros2_ws/install/uav_interfaces/share/uav_interfaces/hook/ros_package_path.sh'
[0.715s] Level 1:colcon.colcon_ros.task.catkin:checking '/home/yjh/ROS2_manmade/ros2_ws/install/uav_interfaces/lib/python3.12/site-packages'
[0.715s] Level 1:colcon.colcon_core.shell:create_environment_hook('uav_interfaces', 'catkin_pythonpath')
[0.715s] INFO:colcon.colcon_core.shell:Creating environment hook '/home/yjh/ROS2_manmade/ros2_ws/install/uav_interfaces/share/uav_interfaces/hook/catkin_pythonpath.ps1'
[0.715s] INFO:colcon.colcon_core.shell:Creating environment descriptor '/home/yjh/ROS2_manmade/ros2_ws/install/uav_interfaces/share/uav_interfaces/hook/catkin_pythonpath.dsv'
[0.715s] INFO:colcon.colcon_core.shell:Creating environment hook '/home/yjh/ROS2_manmade/ros2_ws/install/uav_interfaces/share/uav_interfaces/hook/catkin_pythonpath.sh'
[0.716s] Level 1:colcon.colcon_core.shell:create_environment_hook('uav_interfaces', 'pkg_config_path')
[0.717s] INFO:colcon.colcon_core.shell:Creating environment hook '/home/yjh/ROS2_manmade/ros2_ws/install/uav_interfaces/share/uav_interfaces/hook/pkg_config_path.ps1'
[0.717s] INFO:colcon.colcon_core.shell:Creating environment descriptor '/home/yjh/ROS2_manmade/ros2_ws/install/uav_interfaces/share/uav_interfaces/hook/pkg_config_path.dsv'
[0.717s] INFO:colcon.colcon_core.shell:Creating environment hook '/home/yjh/ROS2_manmade/ros2_ws/install/uav_interfaces/share/uav_interfaces/hook/pkg_config_path.sh'
[0.719s] Level 1:colcon.colcon_core.shell:create_environment_hook('uav_interfaces', 'pkg_config_path_multiarch')
[0.719s] INFO:colcon.colcon_core.shell:Creating environment hook '/home/yjh/ROS2_manmade/ros2_ws/install/uav_interfaces/share/uav_interfaces/hook/pkg_config_path_multiarch.ps1'
[0.719s] INFO:colcon.colcon_core.shell:Creating environment descriptor '/home/yjh/ROS2_manmade/ros2_ws/install/uav_interfaces/share/uav_interfaces/hook/pkg_config_path_multiarch.dsv'
[0.720s] INFO:colcon.colcon_core.shell:Creating environment hook '/home/yjh/ROS2_manmade/ros2_ws/install/uav_interfaces/share/uav_interfaces/hook/pkg_config_path_multiarch.sh'
[0.720s] Level 1:colcon.colcon_core.environment:create_environment_scripts_only(uav_interfaces)
[0.723s] Level 1:colcon.colcon_core.environment:checking '/home/yjh/ROS2_manmade/ros2_ws/install/uav_interfaces' for CMake module files
[0.723s] Level 1:colcon.colcon_core.environment:checking '/home/yjh/ROS2_manmade/ros2_ws/install/uav_interfaces' for CMake config files
[0.723s] Level 1:colcon.colcon_core.shell:create_environment_hook('uav_interfaces', 'cmake_prefix_path')
[0.723s] INFO:colcon.colcon_core.shell:Creating environment hook '/home/yjh/ROS2_manmade/ros2_ws/install/uav_interfaces/share/uav_interfaces/hook/cmake_prefix_path.ps1'
[0.724s] INFO:colcon.colcon_core.shell:Creating environment descriptor '/home/yjh/ROS2_manmade/ros2_ws/install/uav_interfaces/share/uav_interfaces/hook/cmake_prefix_path.dsv'
[0.724s] INFO:colcon.colcon_core.shell:Creating environment hook '/home/yjh/ROS2_manmade/ros2_ws/install/uav_interfaces/share/uav_interfaces/hook/cmake_prefix_path.sh'
[0.724s] Level 1:colcon.colcon_core.environment:checking '/home/yjh/ROS2_manmade/ros2_ws/install/uav_interfaces/lib'
[0.725s] Level 1:colcon.colcon_core.shell:create_environment_hook('uav_interfaces', 'ld_library_path_lib')
[0.725s] INFO:colcon.colcon_core.shell:Creating environment hook '/home/yjh/ROS2_manmade/ros2_ws/install/uav_interfaces/share/uav_interfaces/hook/ld_library_path_lib.ps1'
[0.725s] INFO:colcon.colcon_core.shell:Creating environment descriptor '/home/yjh/ROS2_manmade/ros2_ws/install/uav_interfaces/share/uav_interfaces/hook/ld_library_path_lib.dsv'
[0.726s] INFO:colcon.colcon_core.shell:Creating environment hook '/home/yjh/ROS2_manmade/ros2_ws/install/uav_interfaces/share/uav_interfaces/hook/ld_library_path_lib.sh'
[0.726s] Level 1:colcon.colcon_core.environment:checking '/home/yjh/ROS2_manmade/ros2_ws/install/uav_interfaces/bin'
[0.726s] Level 1:colcon.colcon_core.environment:checking '/home/yjh/ROS2_manmade/ros2_ws/install/uav_interfaces/lib/pkgconfig/uav_interfaces.pc'
[0.727s] Level 1:colcon.colcon_core.environment:checking '/home/yjh/ROS2_manmade/ros2_ws/install/uav_interfaces/lib/python3.12/site-packages'
[0.727s] Level 1:colcon.colcon_core.shell:create_environment_hook('uav_interfaces', 'pythonpath')
[0.727s] INFO:colcon.colcon_core.shell:Creating environment hook '/home/yjh/ROS2_manmade/ros2_ws/install/uav_interfaces/share/uav_interfaces/hook/pythonpath.ps1'
[0.728s] INFO:colcon.colcon_core.shell:Creating environment descriptor '/home/yjh/ROS2_manmade/ros2_ws/install/uav_interfaces/share/uav_interfaces/hook/pythonpath.dsv'
[0.728s] INFO:colcon.colcon_core.shell:Creating environment hook '/home/yjh/ROS2_manmade/ros2_ws/install/uav_interfaces/share/uav_interfaces/hook/pythonpath.sh'
[0.729s] Level 1:colcon.colcon_core.environment:checking '/home/yjh/ROS2_manmade/ros2_ws/install/uav_interfaces/bin'
[0.730s] INFO:colcon.colcon_core.shell:Creating package script '/home/yjh/ROS2_manmade/ros2_ws/install/uav_interfaces/share/uav_interfaces/package.ps1'
[0.731s] INFO:colcon.colcon_core.shell:Creating package descriptor '/home/yjh/ROS2_manmade/ros2_ws/install/uav_interfaces/share/uav_interfaces/package.dsv'
[0.731s] INFO:colcon.colcon_core.shell:Creating package script '/home/yjh/ROS2_manmade/ros2_ws/install/uav_interfaces/share/uav_interfaces/package.sh'
[0.731s] INFO:colcon.colcon_core.shell:Creating package script '/home/yjh/ROS2_manmade/ros2_ws/install/uav_interfaces/share/uav_interfaces/package.bash'
[0.732s] INFO:colcon.colcon_core.shell:Creating package script '/home/yjh/ROS2_manmade/ros2_ws/install/uav_interfaces/share/uav_interfaces/package.zsh'
[0.732s] Level 1:colcon.colcon_core.environment:create_file_with_runtime_dependencies(/home/yjh/ROS2_manmade/ros2_ws/install/uav_interfaces/share/colcon-core/packages/uav_interfaces)
[0.733s] INFO:colcon.colcon_ros.task.ament_python.build:Building ROS package in '/home/yjh/ROS2_manmade/ros2_ws/src/uav_learning' with build type 'ament_python'
[0.733s] Level 1:colcon.colcon_core.shell:create_environment_hook('uav_learning', 'ament_prefix_path')
[0.734s] INFO:colcon.colcon_core.shell:Creating environment hook '/home/yjh/ROS2_manmade/ros2_ws/install/uav_learning/share/uav_learning/hook/ament_prefix_path.ps1'
[0.734s] INFO:colcon.colcon_core.shell:Creating environment descriptor '/home/yjh/ROS2_manmade/ros2_ws/install/uav_learning/share/uav_learning/hook/ament_prefix_path.dsv'
[0.735s] INFO:colcon.colcon_core.shell:Creating environment hook '/home/yjh/ROS2_manmade/ros2_ws/install/uav_learning/share/uav_learning/hook/ament_prefix_path.sh'
[0.736s] INFO:colcon.colcon_core.shell:Skip shell extension 'powershell' for command environment: Not usable outside of PowerShell
[0.736s] DEBUG:colcon.colcon_core.shell:Skip shell extension 'dsv' for command environment
[1.341s] INFO:colcon.colcon_core.task.python.build:Building Python package in '/home/yjh/ROS2_manmade/ros2_ws/src/uav_learning'
[1.341s] INFO:colcon.colcon_core.shell:Skip shell extension 'powershell' for command environment: Not usable outside of PowerShell
[1.341s] DEBUG:colcon.colcon_core.shell:Skip shell extension 'dsv' for command environment
[2.323s] DEBUG:colcon.colcon_core.task.python.build:Available setuptools commands: test, bdist_rpm, register, dist_info, compile_catalog, editable_wheel, bdist, extract_messages, check, install, install_headers, install_scripts, build_scripts, init_catalog, install_data, bdist_egg, saveopts, install_egg_info, rotate, bdist_dumb, upload, build_ext, clean, upload_docs, setopt, build_clib, easy_install, build_py, egg_info, build, develop, symlink_data, update_catalog, bdist_wheel, sdist, install_lib, alias
[2.589s] DEBUG:colcon.colcon_core.task.python.build:Available setuptools 'develop' options: --egg-path, --editable, --optimize, --build-directory, --index-url, --install-layout, --local-snapshots-ok, --upgrade, --dry-run, --always-unzip, --zip-ok, --allow-hosts, --find-links, --exclude-scripts, --no-deps, --always-copy, --record, --site-dirs, --no-find-links, --verbose, --prefix, --script-dir, --no-user-cfg, --multi-version, --uninstall, --install-dir, --version, --user, --force-installation-into-system-dir, --help, --quiet
[2.590s] DEBUG:colcon.colcon_core.event_handler.log_command:Invoking command in '/home/yjh/ROS2_manmade/ros2_ws/build/uav_learning': DEBUGINFOD_URLS=https://debuginfod.ubuntu.com PKG_CONFIG_PATH=/home/yjh/ROS2_manmade/ros2_ws/install/uav_interfaces/lib/x86_64-linux-gnu/pkgconfig:/home/yjh/ROS2_manmade/ros2_ws/install/uav_interfaces/lib/pkgconfig PYTHONPATH=/home/yjh/ROS2_manmade/ros2_ws/build/uav_learning/prefix_override:/usr/lib/python3/dist-packages/colcon_core/task/python/colcon_distutils_commands:/home/yjh/ROS2_manmade/ros2_ws/install/uav_learning/lib/python3.12/site-packages:/home/yjh/ROS2_manmade/ros2_ws/install/uav_interfaces/lib/python3.12/site-packages:/home/yjh/ROS2_manmade/ros2_ws/install/px4_msgs/lib/python3.12/site-packages:/home/yjh/ROS2_manmade/ros2_ws/build/uav_learning:/home/yjh/ROS2_manmade/ros2_ws/install/uav_learning/lib/python3.12/site-packages:/opt/ros/jazzy/opt/gz_sim_vendor/lib/python:/opt/ros/jazzy/opt/sdformat_vendor/lib/python:/opt/ros/jazzy/opt/gz_transport_vendor/lib/python:/opt/ros/jazzy/opt/gz_msgs_vendor/lib/python:/opt/ros/jazzy/opt/gz_math_vendor/lib/python:/opt/ros/jazzy/lib/python3.12/site-packages ROS_PACKAGE_PATH=/home/yjh/ROS2_manmade/ros2_ws/install/uav_interfaces/share WSLENV=ELECTRON_RUN_AS_NODE/w: /usr/bin/python3 -W ignore:setup.py install is deprecated -W ignore:easy_install command is deprecated setup.py develop --editable --build-directory /home/yjh/ROS2_manmade/ros2_ws/build/uav_learning/build --no-deps symlink_data
[3.074s] Level 1:colcon.colcon_core.shell:create_environment_hook('uav_learning', 'pythonpath_develop')
[3.074s] INFO:colcon.colcon_core.shell:Creating environment hook '/home/yjh/ROS2_manmade/ros2_ws/build/uav_learning/share/uav_learning/hook/pythonpath_develop.ps1'
[3.075s] DEBUG:colcon.colcon_core.event_handler.log_command:Invoked command in '/home/yjh/ROS2_manmade/ros2_ws/build/uav_learning' returned '0': DEBUGINFOD_URLS=https://debuginfod.ubuntu.com PKG_CONFIG_PATH=/home/yjh/ROS2_manmade/ros2_ws/install/uav_interfaces/lib/x86_64-linux-gnu/pkgconfig:/home/yjh/ROS2_manmade/ros2_ws/install/uav_interfaces/lib/pkgconfig PYTHONPATH=/home/yjh/ROS2_manmade/ros2_ws/build/uav_learning/prefix_override:/usr/lib/python3/dist-packages/colcon_core/task/python/colcon_distutils_commands:/home/yjh/ROS2_manmade/ros2_ws/install/uav_learning/lib/python3.12/site-packages:/home/yjh/ROS2_manmade/ros2_ws/install/uav_interfaces/lib/python3.12/site-packages:/home/yjh/ROS2_manmade/ros2_ws/install/px4_msgs/lib/python3.12/site-packages:/home/yjh/ROS2_manmade/ros2_ws/build/uav_learning:/home/yjh/ROS2_manmade/ros2_ws/install/uav_learning/lib/python3.12/site-packages:/opt/ros/jazzy/opt/gz_sim_vendor/lib/python:/opt/ros/jazzy/opt/sdformat_vendor/lib/python:/opt/ros/jazzy/opt/gz_transport_vendor/lib/python:/opt/ros/jazzy/opt/gz_msgs_vendor/lib/python:/opt/ros/jazzy/opt/gz_math_vendor/lib/python:/opt/ros/jazzy/lib/python3.12/site-packages ROS_PACKAGE_PATH=/home/yjh/ROS2_manmade/ros2_ws/install/uav_interfaces/share WSLENV=ELECTRON_RUN_AS_NODE/w: /usr/bin/python3 -W ignore:setup.py install is deprecated -W ignore:easy_install command is deprecated setup.py develop --editable --build-directory /home/yjh/ROS2_manmade/ros2_ws/build/uav_learning/build --no-deps symlink_data
[3.075s] INFO:colcon.colcon_core.shell:Creating environment descriptor '/home/yjh/ROS2_manmade/ros2_ws/build/uav_learning/share/uav_learning/hook/pythonpath_develop.dsv'
[3.075s] INFO:colcon.colcon_core.shell:Creating environment hook '/home/yjh/ROS2_manmade/ros2_ws/build/uav_learning/share/uav_learning/hook/pythonpath_develop.sh'
[3.076s] Level 1:colcon.colcon_core.environment:checking '/home/yjh/ROS2_manmade/ros2_ws/install/uav_learning' for CMake module files
[3.076s] Level 1:colcon.colcon_core.environment:checking '/home/yjh/ROS2_manmade/ros2_ws/install/uav_learning' for CMake config files
[3.076s] Level 1:colcon.colcon_core.environment:checking '/home/yjh/ROS2_manmade/ros2_ws/install/uav_learning/lib'
[3.076s] Level 1:colcon.colcon_core.environment:checking '/home/yjh/ROS2_manmade/ros2_ws/install/uav_learning/bin'
[3.077s] Level 1:colcon.colcon_core.environment:checking '/home/yjh/ROS2_manmade/ros2_ws/install/uav_learning/lib/pkgconfig/uav_learning.pc'
[3.077s] Level 1:colcon.colcon_core.environment:checking '/home/yjh/ROS2_manmade/ros2_ws/install/uav_learning/lib/python3.12/site-packages'
[3.077s] Level 1:colcon.colcon_core.shell:create_environment_hook('uav_learning', 'pythonpath')
[3.077s] INFO:colcon.colcon_core.shell:Creating environment hook '/home/yjh/ROS2_manmade/ros2_ws/install/uav_learning/share/uav_learning/hook/pythonpath.ps1'
[3.077s] INFO:colcon.colcon_core.shell:Creating environment descriptor '/home/yjh/ROS2_manmade/ros2_ws/install/uav_learning/share/uav_learning/hook/pythonpath.dsv'
[3.078s] INFO:colcon.colcon_core.shell:Creating environment hook '/home/yjh/ROS2_manmade/ros2_ws/install/uav_learning/share/uav_learning/hook/pythonpath.sh'
[3.078s] Level 1:colcon.colcon_core.environment:checking '/home/yjh/ROS2_manmade/ros2_ws/install/uav_learning/bin'
[3.078s] Level 1:colcon.colcon_core.environment:create_environment_scripts_only(uav_learning)
[3.078s] INFO:colcon.colcon_core.shell:Creating package script '/home/yjh/ROS2_manmade/ros2_ws/install/uav_learning/share/uav_learning/package.ps1'
[3.079s] INFO:colcon.colcon_core.shell:Creating package descriptor '/home/yjh/ROS2_manmade/ros2_ws/install/uav_learning/share/uav_learning/package.dsv'
[3.079s] INFO:colcon.colcon_core.shell:Creating package script '/home/yjh/ROS2_manmade/ros2_ws/install/uav_learning/share/uav_learning/package.sh'
[3.080s] INFO:colcon.colcon_core.shell:Creating package script '/home/yjh/ROS2_manmade/ros2_ws/install/uav_learning/share/uav_learning/package.bash'
[3.080s] INFO:colcon.colcon_core.shell:Creating package script '/home/yjh/ROS2_manmade/ros2_ws/install/uav_learning/share/uav_learning/package.zsh'
[3.081s] Level 1:colcon.colcon_core.environment:create_file_with_runtime_dependencies(/home/yjh/ROS2_manmade/ros2_ws/install/uav_learning/share/colcon-core/packages/uav_learning)
[3.081s] DEBUG:colcon.colcon_parallel_executor.executor.parallel:closing loop
[3.081s] DEBUG:colcon.colcon_parallel_executor.executor.parallel:loop closed
[3.082s] DEBUG:colcon.colcon_parallel_executor.executor.parallel:run_until_complete finished with '0'
[3.082s] DEBUG:colcon.colcon_core.event_reactor:joining thread
[3.131s] INFO:colcon.colcon_core.plugin_system:Skipping extension 'colcon_notification.desktop_notification.notify_send': Could not find 'notify-send'
[3.131s] INFO:colcon.colcon_core.plugin_system:Skipping extension 'colcon_notification.desktop_notification.terminal_notifier': Not used on non-Darwin systems
[3.131s] INFO:colcon.colcon_core.plugin_system:Skipping extension 'colcon_notification.desktop_notification.win32': Not used on non-Windows systems
[3.131s] INFO:colcon.colcon_notification.desktop_notification:Sending desktop notification using 'notify2'
[3.132s] DEBUG:colcon.colcon_notification.desktop_notification.notify2:Failed to initialize notify2: org.freedesktop.DBus.Error.ServiceUnknown: The name org.freedesktop.Notifications was not provided by any .service files
[3.132s] DEBUG:colcon.colcon_core.event_reactor:joined thread
[3.132s] INFO:colcon.colcon_core.shell:Creating prefix script '/home/yjh/ROS2_manmade/ros2_ws/install/local_setup.ps1'
[3.133s] INFO:colcon.colcon_core.shell:Creating prefix util module '/home/yjh/ROS2_manmade/ros2_ws/install/_local_setup_util_ps1.py'
[3.133s] INFO:colcon.colcon_core.shell:Creating prefix chain script '/home/yjh/ROS2_manmade/ros2_ws/install/setup.ps1'
[3.134s] INFO:colcon.colcon_core.shell:Creating prefix script '/home/yjh/ROS2_manmade/ros2_ws/install/local_setup.sh'
[3.134s] INFO:colcon.colcon_core.shell:Creating prefix util module '/home/yjh/ROS2_manmade/ros2_ws/install/_local_setup_util_sh.py'
[3.135s] INFO:colcon.colcon_core.shell:Creating prefix chain script '/home/yjh/ROS2_manmade/ros2_ws/install/setup.sh'
[3.135s] INFO:colcon.colcon_core.shell:Creating prefix script '/home/yjh/ROS2_manmade/ros2_ws/install/local_setup.bash'
[3.135s] INFO:colcon.colcon_core.shell:Creating prefix chain script '/home/yjh/ROS2_manmade/ros2_ws/install/setup.bash'
[3.136s] INFO:colcon.colcon_core.shell:Creating prefix script '/home/yjh/ROS2_manmade/ros2_ws/install/local_setup.zsh'
[3.136s] INFO:colcon.colcon_core.shell:Creating prefix chain script '/home/yjh/ROS2_manmade/ros2_ws/install/setup.zsh'
