running develop
running egg_info
creating uav_learning.egg-info
writing uav_learning.egg-info/PKG-INFO
writing dependency_links to uav_learning.egg-info/dependency_links.txt
writing entry points to uav_learning.egg-info/entry_points.txt
writing requirements to uav_learning.egg-info/requires.txt
writing top-level names to uav_learning.egg-info/top_level.txt
writing manifest file 'uav_learning.egg-info/SOURCES.txt'
reading manifest file 'uav_learning.egg-info/SOURCES.txt'
writing manifest file 'uav_learning.egg-info/SOURCES.txt'
running build_ext
Creating /home/yjh/ROS2_manmade/ros2_ws/install/uav_learning/lib/python3.12/site-packages/uav-learning.egg-link (link to .)
Installing batch_benchmark_runner script to /home/yjh/ROS2_manmade/ros2_ws/install/uav_learning/lib/uav_learning
Installing benchmark_logger script to /home/yjh/ROS2_manmade/ros2_ws/install/uav_learning/lib/uav_learning
Installing fly_to_altitude_client script to /home/yjh/ROS2_manmade/ros2_ws/install/uav_learning/lib/uav_learning
Installing fly_to_altitude_server script to /home/yjh/ROS2_manmade/ros2_ws/install/uav_learning/lib/uav_learning
Installing perception_node script to /home/yjh/ROS2_manmade/ros2_ws/install/uav_learning/lib/uav_learning
Installing px4_offboard_controller script to /home/yjh/ROS2_manmade/ros2_ws/install/uav_learning/lib/uav_learning
Installing status_publisher script to /home/yjh/ROS2_manmade/ros2_ws/install/uav_learning/lib/uav_learning
Installing status_subscriber script to /home/yjh/ROS2_manmade/ros2_ws/install/uav_learning/lib/uav_learning
Installing uav_mode_client script to /home/yjh/ROS2_manmade/ros2_ws/install/uav_learning/lib/uav_learning
Installing uav_mode_server script to /home/yjh/ROS2_manmade/ros2_ws/install/uav_learning/lib/uav_learning
Installing uav_state_monitor script to /home/yjh/ROS2_manmade/ros2_ws/install/uav_learning/lib/uav_learning
Installing uav_state_publisher script to /home/yjh/ROS2_manmade/ros2_ws/install/uav_learning/lib/uav_learning

Installed /home/yjh/ROS2_manmade/ros2_ws/build/uav_learning
running symlink_data
creating /home/yjh/ROS2_manmade/ros2_ws/install/uav_learning/share/ament_index
creating /home/yjh/ROS2_manmade/ros2_ws/install/uav_learning/share/ament_index/resource_index
creating /home/yjh/ROS2_manmade/ros2_ws/install/uav_learning/share/ament_index/resource_index/packages
symbolically linking /home/yjh/ROS2_manmade/ros2_ws/build/uav_learning/resource/uav_learning -> /home/yjh/ROS2_manmade/ros2_ws/install/uav_learning/share/ament_index/resource_index/packages
symbolically linking /home/yjh/ROS2_manmade/ros2_ws/build/uav_learning/package.xml -> /home/yjh/ROS2_manmade/ros2_ws/install/uav_learning/share/uav_learning
creating /home/yjh/ROS2_manmade/ros2_ws/install/uav_learning/share/uav_learning/launch
symbolically linking /home/yjh/ROS2_manmade/ros2_ws/build/uav_learning/launch/camera_bridge.launch.py -> /home/yjh/ROS2_manmade/ros2_ws/install/uav_learning/share/uav_learning/launch
symbolically linking /home/yjh/ROS2_manmade/ros2_ws/build/uav_learning/launch/uav_system.launch.py -> /home/yjh/ROS2_manmade/ros2_ws/install/uav_learning/share/uav_learning/launch
