[1.881s] Invoking command in '/home/yjh/ROS2_manmade/ros2_ws/build/uav_learning': DEBUGINFOD_URLS=https://debuginfod.ubuntu.com PYTHONPATH=/home/yjh/ROS2_manmade/ros2_ws/build/uav_learning/prefix_override:/usr/lib/python3/dist-packages/colcon_core/task/python/colcon_distutils_commands:/home/yjh/ROS2_manmade/ros2_ws/install/uav_learning/lib/python3.12/site-packages:/home/yjh/ROS2_manmade/ros2_ws/install/uav_interfaces/lib/python3.12/site-packages:/home/yjh/ROS2_manmade/ros2_ws/install/px4_msgs/lib/python3.12/site-packages:/home/yjh/ROS2_manmade/ros2_ws/build/uav_learning:/home/yjh/ROS2_manmade/ros2_ws/install/uav_learning/lib/python3.12/site-packages:/opt/ros/jazzy/opt/gz_sim_vendor/lib/python:/opt/ros/jazzy/opt/sdformat_vendor/lib/python:/opt/ros/jazzy/opt/gz_transport_vendor/lib/python:/opt/ros/jazzy/opt/gz_msgs_vendor/lib/python:/opt/ros/jazzy/opt/gz_math_vendor/lib/python:/opt/ros/jazzy/lib/python3.12/site-packages WSLENV=ELECTRON_RUN_AS_NODE/w: /usr/bin/python3 -W ignore:setup.py install is deprecated -W ignore:easy_install command is deprecated setup.py develop --editable --build-directory /home/yjh/ROS2_manmade/ros2_ws/build/uav_learning/build --no-deps symlink_data
[2.166s] running develop
[2.324s] running egg_info
[2.324s] creating uav_learning.egg-info
[2.341s] writing uav_learning.egg-info/PKG-INFO
[2.342s] writing dependency_links to uav_learning.egg-info/dependency_links.txt
[2.342s] writing entry points to uav_learning.egg-info/entry_points.txt
[2.342s] writing requirements to uav_learning.egg-info/requires.txt
[2.342s] writing top-level names to uav_learning.egg-info/top_level.txt
[2.343s] writing manifest file 'uav_learning.egg-info/SOURCES.txt'
[2.371s] reading manifest file 'uav_learning.egg-info/SOURCES.txt'
[2.371s] writing manifest file 'uav_learning.egg-info/SOURCES.txt'
[2.388s] running build_ext
[2.389s] Creating /home/yjh/ROS2_manmade/ros2_ws/install/uav_learning/lib/python3.12/site-packages/uav-learning.egg-link (link to .)
[2.389s] Installing batch_benchmark_runner script to /home/yjh/ROS2_manmade/ros2_ws/install/uav_learning/lib/uav_learning
[2.389s] Installing benchmark_logger script to /home/yjh/ROS2_manmade/ros2_ws/install/uav_learning/lib/uav_learning
[2.390s] Installing fly_to_altitude_client script to /home/yjh/ROS2_manmade/ros2_ws/install/uav_learning/lib/uav_learning
[2.390s] Installing fly_to_altitude_server script to /home/yjh/ROS2_manmade/ros2_ws/install/uav_learning/lib/uav_learning
[2.390s] Installing perception_node script to /home/yjh/ROS2_manmade/ros2_ws/install/uav_learning/lib/uav_learning
[2.390s] Installing px4_offboard_controller script to /home/yjh/ROS2_manmade/ros2_ws/install/uav_learning/lib/uav_learning
[2.390s] Installing status_publisher script to /home/yjh/ROS2_manmade/ros2_ws/install/uav_learning/lib/uav_learning
[2.391s] Installing status_subscriber script to /home/yjh/ROS2_manmade/ros2_ws/install/uav_learning/lib/uav_learning
[2.391s] Installing uav_mode_client script to /home/yjh/ROS2_manmade/ros2_ws/install/uav_learning/lib/uav_learning
[2.391s] Installing uav_mode_server script to /home/yjh/ROS2_manmade/ros2_ws/install/uav_learning/lib/uav_learning
[2.391s] Installing uav_state_monitor script to /home/yjh/ROS2_manmade/ros2_ws/install/uav_learning/lib/uav_learning
[2.391s] Installing uav_state_publisher script to /home/yjh/ROS2_manmade/ros2_ws/install/uav_learning/lib/uav_learning
[2.391s] 
[2.391s] Installed /home/yjh/ROS2_manmade/ros2_ws/build/uav_learning
[2.391s] running symlink_data
[2.391s] creating /home/yjh/ROS2_manmade/ros2_ws/install/uav_learning/share/ament_index
[2.392s] creating /home/yjh/ROS2_manmade/ros2_ws/install/uav_learning/share/ament_index/resource_index
[2.392s] creating /home/yjh/ROS2_manmade/ros2_ws/install/uav_learning/share/ament_index/resource_index/packages
[2.392s] symbolically linking /home/yjh/ROS2_manmade/ros2_ws/build/uav_learning/resource/uav_learning -> /home/yjh/ROS2_manmade/ros2_ws/install/uav_learning/share/ament_index/resource_index/packages
[2.392s] symbolically linking /home/yjh/ROS2_manmade/ros2_ws/build/uav_learning/package.xml -> /home/yjh/ROS2_manmade/ros2_ws/install/uav_learning/share/uav_learning
[2.392s] creating /home/yjh/ROS2_manmade/ros2_ws/install/uav_learning/share/uav_learning/launch
[2.392s] symbolically linking /home/yjh/ROS2_manmade/ros2_ws/build/uav_learning/launch/camera_bridge.launch.py -> /home/yjh/ROS2_manmade/ros2_ws/install/uav_learning/share/uav_learning/launch
[2.392s] symbolically linking /home/yjh/ROS2_manmade/ros2_ws/build/uav_learning/launch/uav_system.launch.py -> /home/yjh/ROS2_manmade/ros2_ws/install/uav_learning/share/uav_learning/launch
[2.421s] Invoked command in '/home/yjh/ROS2_manmade/ros2_ws/build/uav_learning' returned '0': DEBUGINFOD_URLS=https://debuginfod.ubuntu.com PYTHONPATH=/home/yjh/ROS2_manmade/ros2_ws/build/uav_learning/prefix_override:/usr/lib/python3/dist-packages/colcon_core/task/python/colcon_distutils_commands:/home/yjh/ROS2_manmade/ros2_ws/install/uav_learning/lib/python3.12/site-packages:/home/yjh/ROS2_manmade/ros2_ws/install/uav_interfaces/lib/python3.12/site-packages:/home/yjh/ROS2_manmade/ros2_ws/install/px4_msgs/lib/python3.12/site-packages:/home/yjh/ROS2_manmade/ros2_ws/build/uav_learning:/home/yjh/ROS2_manmade/ros2_ws/install/uav_learning/lib/python3.12/site-packages:/opt/ros/jazzy/opt/gz_sim_vendor/lib/python:/opt/ros/jazzy/opt/sdformat_vendor/lib/python:/opt/ros/jazzy/opt/gz_transport_vendor/lib/python:/opt/ros/jazzy/opt/gz_msgs_vendor/lib/python:/opt/ros/jazzy/opt/gz_math_vendor/lib/python:/opt/ros/jazzy/lib/python3.12/site-packages WSLENV=ELECTRON_RUN_AS_NODE/w: /usr/bin/python3 -W ignore:setup.py install is deprecated -W ignore:easy_install command is deprecated setup.py develop --editable --build-directory /home/yjh/ROS2_manmade/ros2_ws/build/uav_learning/build --no-deps symlink_data
