running egg_info
creating ../../build/uav_learning/uav_learning.egg-info
writing ../../build/uav_learning/uav_learning.egg-info/PKG-INFO
writing dependency_links to ../../build/uav_learning/uav_learning.egg-info/dependency_links.txt
writing entry points to ../../build/uav_learning/uav_learning.egg-info/entry_points.txt
writing requirements to ../../build/uav_learning/uav_learning.egg-info/requires.txt
writing top-level names to ../../build/uav_learning/uav_learning.egg-info/top_level.txt
writing manifest file '../../build/uav_learning/uav_learning.egg-info/SOURCES.txt'
reading manifest file '../../build/uav_learning/uav_learning.egg-info/SOURCES.txt'
adding license file 'LICENSE'
writing manifest file '../../build/uav_learning/uav_learning.egg-info/SOURCES.txt'
running build
running build_py
creating /home/yjh/ROS2_manmade/ros2_ws/build/uav_learning/build
creating /home/yjh/ROS2_manmade/ros2_ws/build/uav_learning/build/lib
creating /home/yjh/ROS2_manmade/ros2_ws/build/uav_learning/build/lib/uav_learning
copying uav_learning/__init__.py -> /home/yjh/ROS2_manmade/ros2_ws/build/uav_learning/build/lib/uav_learning
copying uav_learning/status_publisher.py -> /home/yjh/ROS2_manmade/ros2_ws/build/uav_learning/build/lib/uav_learning
running install
running install_lib
creating /home/yjh/ROS2_manmade/ros2_ws/install/uav_learning/lib/python3.12/site-packages/uav_learning
copying /home/yjh/ROS2_manmade/ros2_ws/build/uav_learning/build/lib/uav_learning/__init__.py -> /home/yjh/ROS2_manmade/ros2_ws/install/uav_learning/lib/python3.12/site-packages/uav_learning
copying /home/yjh/ROS2_manmade/ros2_ws/build/uav_learning/build/lib/uav_learning/status_publisher.py -> /home/yjh/ROS2_manmade/ros2_ws/install/uav_learning/lib/python3.12/site-packages/uav_learning
byte-compiling /home/yjh/ROS2_manmade/ros2_ws/install/uav_learning/lib/python3.12/site-packages/uav_learning/__init__.py to __init__.cpython-312.pyc
byte-compiling /home/yjh/ROS2_manmade/ros2_ws/install/uav_learning/lib/python3.12/site-packages/uav_learning/status_publisher.py to status_publisher.cpython-312.pyc
running install_data
creating /home/yjh/ROS2_manmade/ros2_ws/install/uav_learning/share/ament_index
creating /home/yjh/ROS2_manmade/ros2_ws/install/uav_learning/share/ament_index/resource_index
creating /home/yjh/ROS2_manmade/ros2_ws/install/uav_learning/share/ament_index/resource_index/packages
copying resource/uav_learning -> /home/yjh/ROS2_manmade/ros2_ws/install/uav_learning/share/ament_index/resource_index/packages
copying package.xml -> /home/yjh/ROS2_manmade/ros2_ws/install/uav_learning/share/uav_learning
running install_egg_info
Copying ../../build/uav_learning/uav_learning.egg-info to /home/yjh/ROS2_manmade/ros2_ws/install/uav_learning/lib/python3.12/site-packages/uav_learning-0.0.0-py3.12.egg-info
running install_scripts
Installing status_publisher script to /home/yjh/ROS2_manmade/ros2_ws/install/uav_learning/lib/uav_learning
writing list of installed files to '/home/yjh/ROS2_manmade/ros2_ws/build/uav_learning/install.log'
